Archive member included to satisfy reference by file (symbol)

c:/progra~1/raspbe~1/picosd~1.1/gcc-ar~1/bin/../lib/gcc/arm-none-eabi/10.3.1/thumb/v6-m/nofp\libgcc.a(_dvmd_tls.o)
                              CMakeFiles/picopad-gb.dir/C_/Program_Files/Raspberry_Pi/Pico_SDK_v1.5.1/pico-sdk/src/rp2_common/pico_divider/divider.S.obj (__aeabi_idiv0)
c:/progra~1/raspbe~1/picosd~1.1/gcc-ar~1/bin/../lib/gcc/arm-none-eabi/10.3.1/../../../../arm-none-eabi/lib/thumb/v6-m/nofp\libc.a(lib_a-calloc.o)
                              CMakeFiles/picopad-gb.dir/C_/Program_Files/Raspberry_Pi/Pico_SDK_v1.5.1/pico-sdk/src/rp2_common/pico_malloc/pico_malloc.c.obj (calloc)
c:/progra~1/raspbe~1/picosd~1.1/gcc-ar~1/bin/../lib/gcc/arm-none-eabi/10.3.1/../../../../arm-none-eabi/lib/thumb/v6-m/nofp\libc.a(lib_a-callocr.o)
                              c:/progra~1/raspbe~1/picosd~1.1/gcc-ar~1/bin/../lib/gcc/arm-none-eabi/10.3.1/../../../../arm-none-eabi/lib/thumb/v6-m/nofp\libc.a(lib_a-calloc.o) (_calloc_r)
c:/progra~1/raspbe~1/picosd~1.1/gcc-ar~1/bin/../lib/gcc/arm-none-eabi/10.3.1/../../../../arm-none-eabi/lib/thumb/v6-m/nofp\libc.a(lib_a-errno.o)
                              c:/progra~1/raspbe~1/picosd~1.1/gcc-ar~1/bin/../lib/gcc/arm-none-eabi/10.3.1/../../../../arm-none-eabi/lib/thumb/v6-m/nofp\libc.a(lib_a-callocr.o) (__errno)
c:/progra~1/raspbe~1/picosd~1.1/gcc-ar~1/bin/../lib/gcc/arm-none-eabi/10.3.1/../../../../arm-none-eabi/lib/thumb/v6-m/nofp\libc.a(lib_a-impure.o)
                              c:/progra~1/raspbe~1/picosd~1.1/gcc-ar~1/bin/../lib/gcc/arm-none-eabi/10.3.1/../../../../arm-none-eabi/lib/thumb/v6-m/nofp\libc.a(lib_a-calloc.o) (_impure_ptr)
c:/progra~1/raspbe~1/picosd~1.1/gcc-ar~1/bin/../lib/gcc/arm-none-eabi/10.3.1/../../../../arm-none-eabi/lib/thumb/v6-m/nofp\libc.a(lib_a-init.o)
                              c:/progra~1/raspbe~1/picosd~1.1/gcc-ar~1/bin/../lib/gcc/arm-none-eabi/10.3.1/../../../../arm-none-eabi/lib/thumb/v6-m/nofp/crt0.o (__libc_init_array)
c:/progra~1/raspbe~1/picosd~1.1/gcc-ar~1/bin/../lib/gcc/arm-none-eabi/10.3.1/../../../../arm-none-eabi/lib/thumb/v6-m/nofp\libc.a(lib_a-malloc.o)
                              CMakeFiles/picopad-gb.dir/C_/Program_Files/Raspberry_Pi/Pico_SDK_v1.5.1/pico-sdk/src/rp2_common/pico_malloc/pico_malloc.c.obj (malloc)
c:/progra~1/raspbe~1/picosd~1.1/gcc-ar~1/bin/../lib/gcc/arm-none-eabi/10.3.1/../../../../arm-none-eabi/lib/thumb/v6-m/nofp\libc.a(lib_a-mallocr.o)
                              c:/progra~1/raspbe~1/picosd~1.1/gcc-ar~1/bin/../lib/gcc/arm-none-eabi/10.3.1/../../../../arm-none-eabi/lib/thumb/v6-m/nofp\libc.a(lib_a-callocr.o) (_malloc_r)
c:/progra~1/raspbe~1/picosd~1.1/gcc-ar~1/bin/../lib/gcc/arm-none-eabi/10.3.1/../../../../arm-none-eabi/lib/thumb/v6-m/nofp\libc.a(lib_a-memcmp.o)
                              CMakeFiles/picopad-gb.dir/C_/Workspace/Programming/picopad-base/src/common/libs/lib_fat.c.obj (memcmp)
c:/progra~1/raspbe~1/picosd~1.1/gcc-ar~1/bin/../lib/gcc/arm-none-eabi/10.3.1/../../../../arm-none-eabi/lib/thumb/v6-m/nofp\libc.a(lib_a-memmove.o)
                              CMakeFiles/picopad-gb.dir/C_/Workspace/Programming/picopad-base/src/common/libs/lib_fat.c.obj (memmove)
c:/progra~1/raspbe~1/picosd~1.1/gcc-ar~1/bin/../lib/gcc/arm-none-eabi/10.3.1/../../../../arm-none-eabi/lib/thumb/v6-m/nofp\libc.a(lib_a-mlock.o)
                              c:/progra~1/raspbe~1/picosd~1.1/gcc-ar~1/bin/../lib/gcc/arm-none-eabi/10.3.1/../../../../arm-none-eabi/lib/thumb/v6-m/nofp\libc.a(lib_a-mallocr.o) (__malloc_lock)
c:/progra~1/raspbe~1/picosd~1.1/gcc-ar~1/bin/../lib/gcc/arm-none-eabi/10.3.1/../../../../arm-none-eabi/lib/thumb/v6-m/nofp\libc.a(lib_a-mstats.o)
                              CMakeFiles/picopad-gb.dir/C_/Workspace/Programming/picopad-base/src/common/machine/picopad_pico_info.c.obj (mallinfo)
c:/progra~1/raspbe~1/picosd~1.1/gcc-ar~1/bin/../lib/gcc/arm-none-eabi/10.3.1/../../../../arm-none-eabi/lib/thumb/v6-m/nofp\libc.a(lib_a-qsort.o)
                              CMakeFiles/picopad-gb.dir/src/main.cpp.obj (qsort)
c:/progra~1/raspbe~1/picosd~1.1/gcc-ar~1/bin/../lib/gcc/arm-none-eabi/10.3.1/../../../../arm-none-eabi/lib/thumb/v6-m/nofp\libc.a(lib_a-realloc.o)
                              CMakeFiles/picopad-gb.dir/C_/Program_Files/Raspberry_Pi/Pico_SDK_v1.5.1/pico-sdk/src/rp2_common/pico_malloc/pico_malloc.c.obj (realloc)
c:/progra~1/raspbe~1/picosd~1.1/gcc-ar~1/bin/../lib/gcc/arm-none-eabi/10.3.1/../../../../arm-none-eabi/lib/thumb/v6-m/nofp\libc.a(lib_a-reallocr.o)
                              c:/progra~1/raspbe~1/picosd~1.1/gcc-ar~1/bin/../lib/gcc/arm-none-eabi/10.3.1/../../../../arm-none-eabi/lib/thumb/v6-m/nofp\libc.a(lib_a-realloc.o) (_realloc_r)
c:/progra~1/raspbe~1/picosd~1.1/gcc-ar~1/bin/../lib/gcc/arm-none-eabi/10.3.1/../../../../arm-none-eabi/lib/thumb/v6-m/nofp\libc.a(lib_a-sbrkr.o)
[...]
Memory Configuration

Name             Origin             Length             Attributes
FLASH            0x10031000         0x001cf000         xr
RAM              0x20000000         0x00040000         xrw
SCRATCH_X        0x20040000         0x00001000         xrw
BOOTRAM          0x20041000         0x00000020         xrw
CONFIGRAM        0x20041020         0x00000020         xrw
SCRATCH_Y        0x20041040         0x00000fc0         xrw
*default*        0x00000000         0xffffffff

Linker script and memory map

LOAD c:/progra~1/raspbe~1/picosd~1.1/gcc-ar~1/bin/../lib/gcc/arm-none-eabi/10.3.1/thumb/v6-m/nofp/crti.o
LOAD c:/progra~1/raspbe~1/picosd~1.1/gcc-ar~1/bin/../lib/gcc/arm-none-eabi/10.3.1/thumb/v6-m/nofp/crtbegin.o
LOAD c:/progra~1/raspbe~1/picosd~1.1/gcc-ar~1/bin/../lib/gcc/arm-none-eabi/10.3.1/../../../../arm-none-eabi/lib/thumb/v6-m/nofp/crt0.o

.flash_begin    0x10031000        0x0
                0x10031000                __flash_binary_start = .

.text           0x10031000     0xf1f0
                0x10031000                __logical_binary_start = .
 *(.vectors)
 .vectors       0x10031000       0xd4 CMakeFiles/picopad-gb.dir/C_/Program_Files/Raspberry_Pi/Pico_SDK_v1.5.1/pico-sdk/src/rp2_common/pico_standard_link/crt0.S.obj
                0x10031000                __vectors
                0x10031000                __VECTOR_TABLE
                0x100310c0                isr_invalid
                0x100310c0                __default_isrs_start
                0x100310c2                NMI_Handler
                0x100310c4                HardFault_Handler
                0x100310c6                SVC_Handler
                0x100310c8                PendSV_Handler
                0x100310ca                SysTick_Handler
                0x100310cc                IO_IRQ_BANK0_Handler
                0x100310cc                PIO0_IRQ_0_Handler
                0x100310cc                USBCTRL_IRQ_Handler
                0x100310cc                SPI1_IRQ_Handler
                0x100310cc                isr_irq27
                0x100310cc                isr_irq31
                0x100310cc                PIO1_IRQ_1_Handler
                0x100310cc                DMA_IRQ_1_Handler
                0x100310cc                __unhandled_user_irq
                0x100310cc                SPI0_IRQ_Handler
                0x100310cc                isr_irq28
                0x100310cc                UART0_IRQ_Handler
                0x100310cc                __default_isrs_end
                0x100310cc                PIO0_IRQ_1_Handler
                0x100310cc                I2C0_IRQ_Handler
                0x100310cc                SIO_IRQ_PROC1_Handler
                0x100310cc                TIMER_IRQ_0_Handler
                0x100310cc                isr_irq30
                0x100310cc                UART1_IRQ_Handler
                0x100310cc                TIMER_IRQ_3_Handler
                0x100310cc                DMA_IRQ_0_Handler
                0x100310cc                RTC_IRQ_Handler
                0x100310cc                TIMER_IRQ_2_Handler
                0x100310cc                CLOCKS_IRQ_Handler
                0x100310cc                PIO1_IRQ_0_Handler
                0x100310cc                I2C1_IRQ_Handler
                0x100310cc                ADC_IRQ_FIFO_Handler
                0x100310cc                IO_IRQ_QSPI_Handler
                0x100310cc                SIO_IRQ_PROC0_Handler
                0x100310cc                TIMER_IRQ_1_Handler
                0x100310cc                XIP_IRQ_Handler
                0x100310cc                isr_irq29
                0x100310cc                isr_irq26
                0x100310cc                PWM_IRQ_WRAP_Handler
                0x100310d2                unhandled_user_irq_num_in_r0
 *(.binary_info_header)
 .binary_info_header
                0x100310d4       0x14 CMakeFiles/picopad-gb.dir/C_/Program_Files/Raspberry_Pi/Pico_SDK_v1.5.1/pico-sdk/src/rp2_common/pico_standard_link/crt0.S.obj
                0x100310e8                __binary_info_header_end = .
 *(.reset)
 .reset         0x100310e8       0xa0 CMakeFiles/picopad-gb.dir/C_/Program_Files/Raspberry_Pi/Pico_SDK_v1.5.1/pico-sdk/src/rp2_common/pico_standard_link/crt0.S.obj
                0x100310e8                _entry_point
 .reset         0x10031188       0x24 CMakeFiles/picopad-gb.dir/C_/Program_Files/Raspberry_Pi/Pico_SDK_v1.5.1/pico-sdk/src/rp2_common/pico_standard_link/binary_info.c.obj
 *(.init)
 .init          0x100311ac        0x4 c:/progra~1/raspbe~1/picosd~1.1/gcc-ar~1/bin/../lib/gcc/arm-none-eabi/10.3.1/thumb/v6-m/nofp/crti.o
                0x100311ac                _init
 *(EXCLUDE_FILE(*libm.a: *libc.a:*lib_a-mem*.o *libgcc.a:) .text*)
 .text          0x100311b0       0x48 c:/progra~1/raspbe~1/picosd~1.1/gcc-ar~1/bin/../lib/gcc/arm-none-eabi/10.3.1/thumb/v6-m/nofp/crtbegin.o
 .text.update_square
                0x100311f8      0x2d8 CMakeFiles/picopad-gb.dir/vendor/minigb_apu/minigb_apu.c.obj
 .text.audio_write.part.0
                0x100314d0      0x334 CMakeFiles/picopad-gb.dir/vendor/minigb_apu/minigb_apu.c.obj
 .text.audio_callback
                0x10031804       0x28 CMakeFiles/picopad-gb.dir/vendor/minigb_apu/minigb_apu.c.obj
                0x10031804                audio_callback
 .text.audio_read
                0x1003182c       0x20 CMakeFiles/picopad-gb.dir/vendor/minigb_apu/minigb_apu.c.obj
                0x1003182c                audio_read
 .text.audio_write
                0x1003184c       0x6c CMakeFiles/picopad-gb.dir/vendor/minigb_apu/minigb_apu.c.obj
                0x1003184c                audio_write
 .text.audio_init
                0x100318b8      0x1a4 CMakeFiles/picopad-gb.dir/vendor/minigb_apu/minigb_apu.c.obj
                0x100318b8                audio_init
 .text._ZL15compare_spritesPKvS0_
                0x10031a5c       0x18 CMakeFiles/picopad-gb.dir/src/main.cpp.obj
 .text._Z13gbCartRamReadP4gb_sj
                0x10031a74        0xc CMakeFiles/picopad-gb.dir/src/main.cpp.obj
                0x10031a74                gbCartRamRead(gb_s*, unsigned int)
 .text._Z14gbCartRamWriteP4gb_sjh
                0x10031a80        0xc CMakeFiles/picopad-gb.dir/src/main.cpp.obj
                0x10031a80                gbCartRamWrite(gb_s*, unsigned int, unsigned char)
 .text._Z9gbRomReadP4gb_sj
                0x10031a8c       0x44 CMakeFiles/picopad-gb.dir/src/main.cpp.obj
                0x10031a8c                gbRomRead(gb_s*, unsigned int)
 .text._Z14gbErrorHandlerP4gb_s10gb_error_et
                0x10031ad0        0x8 CMakeFiles/picopad-gb.dir/src/main.cpp.obj
                0x10031ad0                gbErrorHandler(gb_s*, gb_error_e, unsigned short)
 .text._Z17core1MainFunctionv
                0x10031ad8      0x14c CMakeFiles/picopad-gb.dir/src/main.cpp.obj
                0x10031ad8                core1MainFunction()
 .text._Z11lcdDrawLineP4gb_sPKhj
                0x10031c24       0x44 CMakeFiles/picopad-gb.dir/src/main.cpp.obj
                0x10031c24                lcdDrawLine(gb_s*, unsigned char const*, unsigned int)
 .text._Z9__gb_readP4gb_st
                0x10031c68      0x2a0 CMakeFiles/picopad-gb.dir/src/main.cpp.obj
                0x10031c68                __gb_read(gb_s*, unsigned short)
 .text._Z10__gb_writeP4gb_sjh
                0x10031f08      0x6fc CMakeFiles/picopad-gb.dir/src/main.cpp.obj
                0x10031f08                __gb_write(gb_s*, unsigned int, unsigned char)
 .text._Z15__gb_execute_cbP4gb_s
                0x10032604      0x240 CMakeFiles/picopad-gb.dir/src/main.cpp.obj
                0x10032604                __gb_execute_cb(gb_s*)
 .text._Z14__gb_draw_lineP4gb_s
                0x10032844      0xce4 CMakeFiles/picopad-gb.dir/src/main.cpp.obj
                0x10032844                __gb_draw_line(gb_s*)
 .text._Z13__gb_step_cpuP4gb_s
                0x10033528     0x2df0 CMakeFiles/picopad-gb.dir/src/main.cpp.obj
                0x10033528                __gb_step_cpu(gb_s*)
 .text._Z8gb_resetP4gb_s
                0x10036318      0x2c0 CMakeFiles/picopad-gb.dir/src/main.cpp.obj
                0x10036318                gb_reset(gb_s*)
 .text.startup.main
                0x100365d8      0x558 CMakeFiles/picopad-gb.dir/src/main.cpp.obj
                0x100365d8                main
 .text.set_sys_clock_pll
                0x10036b30       0x78 CMakeFiles/picopad-gb.dir/C_/Program_Files/Raspberry_Pi/Pico_SDK_v1.5.1/pico-sdk/src/rp2_common/pico_stdlib/stdlib.c.obj
                0x10036b30                set_sys_clock_pll
 .text.gpio_set_function
                0x10036ba8       0x30 CMakeFiles/picopad-gb.dir/C_/Program_Files/Raspberry_Pi/Pico_SDK_v1.5.1/pico-sdk/src/rp2_common/hardware_gpio/gpio.c.obj
                0x10036ba8                gpio_set_function
 .text.gpio_set_pulls
                0x10036bd8       0x30 CMakeFiles/picopad-gb.dir/C_/Program_Files/Raspberry_Pi/Pico_SDK_v1.5.1/pico-sdk/src/rp2_common/hardware_gpio/gpio.c.obj
                0x10036bd8                gpio_set_pulls
 .text.gpio_set_outover
                0x10036c08       0x24 CMakeFiles/picopad-gb.dir/C_/Program_Files/Raspberry_Pi/Pico_SDK_v1.5.1/pico-sdk/src/rp2_common/hardware_gpio/gpio.c.obj
                0x10036c08                gpio_set_outover
 .text.gpio_set_input_enabled
                0x10036c2c       0x28 CMakeFiles/picopad-gb.dir/C_/Program_Files/Raspberry_Pi/Pico_SDK_v1.5.1/pico-sdk/src/rp2_common/hardware_gpio/gpio.c.obj
                0x10036c2c                gpio_set_input_enabled
 .text.gpio_init
                0x10036c54       0x3c CMakeFiles/picopad-gb.dir/C_/Program_Files/Raspberry_Pi/Pico_SDK_v1.5.1/pico-sdk/src/rp2_common/hardware_gpio/gpio.c.obj
                0x10036c54                gpio_init
 .text.running_on_fpga
                0x10036c90       0x10 CMakeFiles/picopad-gb.dir/C_/Program_Files/Raspberry_Pi/Pico_SDK_v1.5.1/pico-sdk/src/rp2_common/pico_platform/platform.c.obj
                0x10036c90                running_on_fpga
 .text.hw_claim_or_assert
                0x10036ca0       0x44 CMakeFiles/picopad-gb.dir/C_/Program_Files/Raspberry_Pi/Pico_SDK_v1.5.1/pico-sdk/src/rp2_common/hardware_claim/claim.c.obj
                0x10036ca0                hw_claim_or_assert
 .text.hw_claim_unused_from_range
                0x10036ce4       0x9c CMakeFiles/picopad-gb.dir/C_/Program_Files/Raspberry_Pi/Pico_SDK_v1.5.1/pico-sdk/src/rp2_common/hardware_claim/claim.c.obj
                0x10036ce4                hw_claim_unused_from_range
 .text.hw_claim_clear
                0x10036d80       0x38 CMakeFiles/picopad-gb.dir/C_/Program_Files/Raspberry_Pi/Pico_SDK_v1.5.1/pico-sdk/src/rp2_common/hardware_claim/claim.c.obj
                0x10036d80                hw_claim_clear
 .text.spin_locks_reset
                0x10036db8       0x1c CMakeFiles/picopad-gb.dir/C_/Program_Files/Raspberry_Pi/Pico_SDK_v1.5.1/pico-sdk/src/rp2_common/hardware_sync/sync.c.obj
                0x10036db8                spin_locks_reset
 .text.next_striped_spin_lock_num
                0x10036dd4       0x18 CMakeFiles/picopad-gb.dir/C_/Program_Files/Raspberry_Pi/Pico_SDK_v1.5.1/pico-sdk/src/rp2_common/hardware_sync/sync.c.obj
                0x10036dd4                next_striped_spin_lock_num
 .text.spin_lock_unclaim
                0x10036dec       0x24 CMakeFiles/picopad-gb.dir/C_/Program_Files/Raspberry_Pi/Pico_SDK_v1.5.1/pico-sdk/src/rp2_common/hardware_sync/sync.c.obj
                0x10036dec                spin_lock_unclaim
 .text.irq_set_enabled
                0x10036e10       0x24 CMakeFiles/picopad-gb.dir/C_/Program_Files/Raspberry_Pi/Pico_SDK_v1.5.1/pico-sdk/src/rp2_common/hardware_irq/irq.c.obj
                0x10036e10                irq_set_enabled
 .text.irq_is_enabled
                0x10036e34       0x18 CMakeFiles/picopad-gb.dir/C_/Program_Files/Raspberry_Pi/Pico_SDK_v1.5.1/pico-sdk/src/rp2_common/hardware_irq/irq.c.obj
                0x10036e34                irq_is_enabled
 .text.irq_get_vtable_handler
                0x10036e4c       0x10 CMakeFiles/picopad-gb.dir/C_/Program_Files/Raspberry_Pi/Pico_SDK_v1.5.1/pico-sdk/src/rp2_common/hardware_irq/irq.c.obj
                0x10036e4c                irq_get_vtable_handler
 .text.irq_set_exclusive_handler
                0x10036e5c       0x54 CMakeFiles/picopad-gb.dir/C_/Program_Files/Raspberry_Pi/Pico_SDK_v1.5.1/pico-sdk/src/rp2_common/hardware_irq/irq.c.obj
                0x10036e5c                irq_set_exclusive_handler
 .text.irq_remove_handler
                0x10036eb0      0x1b0 CMakeFiles/picopad-gb.dir/C_/Program_Files/Raspberry_Pi/Pico_SDK_v1.5.1/pico-sdk/src/rp2_common/hardware_irq/irq.c.obj
                0x10036eb0                irq_remove_handler
 .text.irq_add_tail_to_free_list
                0x10037060       0xb4 CMakeFiles/picopad-gb.dir/C_/Program_Files/Raspberry_Pi/Pico_SDK_v1.5.1/pico-sdk/src/rp2_common/hardware_irq/irq.c.obj
                0x10037060                irq_add_tail_to_free_list
 .text.irq_init_priorities
                0x10037114       0x24 CMakeFiles/picopad-gb.dir/C_/Program_Files/Raspberry_Pi/Pico_SDK_v1.5.1/pico-sdk/src/rp2_common/hardware_irq/irq.c.obj
                0x10037114                irq_init_priorities
 .text.lock_init
                0x10037138       0x10 CMakeFiles/picopad-gb.dir/C_/Program_Files/Raspberry_Pi/Pico_SDK_v1.5.1/pico-sdk/src/common/pico_sync/lock_core.c.obj
                0x10037138                lock_init
 .text.mutex_init
                0x10037148       0x1c CMakeFiles/picopad-gb.dir/C_/Program_Files/Raspberry_Pi/Pico_SDK_v1.5.1/pico-sdk/src/common/pico_sync/mutex.c.obj
                0x10037148                mutex_init
 .text.recursive_mutex_init
                0x10037164       0x1c CMakeFiles/picopad-gb.dir/C_/Program_Files/Raspberry_Pi/Pico_SDK_v1.5.1/pico-sdk/src/common/pico_sync/mutex.c.obj
                0x10037164                recursive_mutex_init
 .text.timer_pool_entry_comparator
                0x10037180       0x34 CMakeFiles/picopad-gb.dir/C_/Program_Files/Raspberry_Pi/Pico_SDK_v1.5.1/pico-sdk/src/common/pico_time/time.c.obj
                0x10037180                timer_pool_entry_comparator
 .text.sleep_until_callback
                0x100371b4       0x30 CMakeFiles/picopad-gb.dir/C_/Program_Files/Raspberry_Pi/Pico_SDK_v1.5.1/pico-sdk/src/common/pico_time/time.c.obj
 .text.add_alarm_under_lock.isra.0
                0x100371e4      0x100 CMakeFiles/picopad-gb.dir/C_/Program_Files/Raspberry_Pi/Pico_SDK_v1.5.1/pico-sdk/src/common/pico_time/time.c.obj
 .text.alarm_pool_alarm_callback
                0x100372e4      0x1bc CMakeFiles/picopad-gb.dir/C_/Program_Files/Raspberry_Pi/Pico_SDK_v1.5.1/pico-sdk/src/common/pico_time/time.c.obj
 .text.alarm_pool_init_default
                0x100374a0       0x6c CMakeFiles/picopad-gb.dir/C_/Program_Files/Raspberry_Pi/Pico_SDK_v1.5.1/pico-sdk/src/common/pico_time/time.c.obj
                0x100374a0                alarm_pool_init_default
 .text.alarm_pool_add_alarm_at
                0x1003750c      0x178 CMakeFiles/picopad-gb.dir/C_/Program_Files/Raspberry_Pi/Pico_SDK_v1.5.1/pico-sdk/src/common/pico_time/time.c.obj
                0x1003750c                alarm_pool_add_alarm_at
 .text.sleep_until
                0x10037684       0xc4 CMakeFiles/picopad-gb.dir/C_/Program_Files/Raspberry_Pi/Pico_SDK_v1.5.1/pico-sdk/src/common/pico_time/time.c.obj
                0x10037684                sleep_until
 .text.sleep_ms
                0x10037748       0x34 CMakeFiles/picopad-gb.dir/C_/Program_Files/Raspberry_Pi/Pico_SDK_v1.5.1/pico-sdk/src/common/pico_time/time.c.obj
                0x10037748                sleep_ms
 .text.best_effort_wfe_or_timeout
                0x1003777c       0xd4 CMakeFiles/picopad-gb.dir/C_/Program_Files/Raspberry_Pi/Pico_SDK_v1.5.1/pico-sdk/src/common/pico_time/time.c.obj
                0x1003777c                best_effort_wfe_or_timeout
 .text.hardware_alarm_irq_handler
                0x10037850       0xbc CMakeFiles/picopad-gb.dir/C_/Program_Files/Raspberry_Pi/Pico_SDK_v1.5.1/pico-sdk/src/rp2_common/hardware_timer/timer.c.obj
 .text.hardware_alarm_claim
                0x1003790c       0x18 CMakeFiles/picopad-gb.dir/C_/Program_Files/Raspberry_Pi/Pico_SDK_v1.5.1/pico-sdk/src/rp2_common/hardware_timer/timer.c.obj
                0x1003790c                hardware_alarm_claim
 .text.time_us_64
                0x10037924       0x14 CMakeFiles/picopad-gb.dir/C_/Program_Files/Raspberry_Pi/Pico_SDK_v1.5.1/pico-sdk/src/rp2_common/hardware_timer/timer.c.obj
                0x10037924                time_us_64
 .text.busy_wait_us
                0x10037938       0x54 CMakeFiles/picopad-gb.dir/C_/Program_Files/Raspberry_Pi/Pico_SDK_v1.5.1/pico-sdk/src/rp2_common/hardware_timer/timer.c.obj
                0x10037938                busy_wait_us
 .text.busy_wait_until
                0x1003798c       0x20 CMakeFiles/picopad-gb.dir/C_/Program_Files/Raspberry_Pi/Pico_SDK_v1.5.1/pico-sdk/src/rp2_common/hardware_timer/timer.c.obj
                0x1003798c                busy_wait_until
 .text.hardware_alarm_set_callback
                0x100379ac       0x8c CMakeFiles/picopad-gb.dir/C_/Program_Files/Raspberry_Pi/Pico_SDK_v1.5.1/pico-sdk/src/rp2_common/hardware_timer/timer.c.obj
                0x100379ac                hardware_alarm_set_callback
 .text.hardware_alarm_set_target
                0x10037a38       0xd4 CMakeFiles/picopad-gb.dir/C_/Program_Files/Raspberry_Pi/Pico_SDK_v1.5.1/pico-sdk/src/rp2_common/hardware_timer/timer.c.obj
                0x10037a38                hardware_alarm_set_target
 .text.hardware_alarm_cancel
                0x10037b0c       0x3c CMakeFiles/picopad-gb.dir/C_/Program_Files/Raspberry_Pi/Pico_SDK_v1.5.1/pico-sdk/src/rp2_common/hardware_timer/timer.c.obj
                0x10037b0c                hardware_alarm_cancel
 .text.ph_merge_nodes
                0x10037b48       0x68 CMakeFiles/picopad-gb.dir/C_/Program_Files/Raspberry_Pi/Pico_SDK_v1.5.1/pico-sdk/src/common/pico_util/pheap.c.obj
 .text.ph_post_alloc_init
                0x10037bb0       0x3c CMakeFiles/picopad-gb.dir/C_/Program_Files/Raspberry_Pi/Pico_SDK_v1.5.1/pico-sdk/src/common/pico_util/pheap.c.obj
                0x10037bb0                ph_post_alloc_init
 .text.ph_merge_two_pass
                0x10037bec       0x90 CMakeFiles/picopad-gb.dir/C_/Program_Files/Raspberry_Pi/Pico_SDK_v1.5.1/pico-sdk/src/common/pico_util/pheap.c.obj
                0x10037bec                ph_merge_two_pass
 .text.ph_remove_any_head
                0x10037c7c      0x100 CMakeFiles/picopad-gb.dir/C_/Program_Files/Raspberry_Pi/Pico_SDK_v1.5.1/pico-sdk/src/common/pico_util/pheap.c.obj
 .text.ph_remove_head
                0x10037d7c      0x104 CMakeFiles/picopad-gb.dir/C_/Program_Files/Raspberry_Pi/Pico_SDK_v1.5.1/pico-sdk/src/common/pico_util/pheap.c.obj
                0x10037d7c                ph_remove_head
 .text.ph_remove_and_free_node
                0x10037e80       0x7c CMakeFiles/picopad-gb.dir/C_/Program_Files/Raspberry_Pi/Pico_SDK_v1.5.1/pico-sdk/src/common/pico_util/pheap.c.obj
                0x10037e80                ph_remove_and_free_node
 .text.uart_init
                0x10037efc      0x188 CMakeFiles/picopad-gb.dir/C_/Program_Files/Raspberry_Pi/Pico_SDK_v1.5.1/pico-sdk/src/rp2_common/hardware_uart/uart.c.obj
                0x10037efc                uart_init
 .text.clock_configure
                0x10038084      0x118 CMakeFiles/picopad-gb.dir/C_/Program_Files/Raspberry_Pi/Pico_SDK_v1.5.1/pico-sdk/src/rp2_common/hardware_clocks/clocks.c.obj
                0x10038084                clock_configure
 .text.clocks_init
                0x1003819c      0x2d0 CMakeFiles/picopad-gb.dir/C_/Program_Files/Raspberry_Pi/Pico_SDK_v1.5.1/pico-sdk/src/rp2_common/hardware_clocks/clocks.c.obj
                0x1003819c                clocks_init
 .text.clock_get_hz
                0x1003846c        0xc CMakeFiles/picopad-gb.dir/C_/Program_Files/Raspberry_Pi/Pico_SDK_v1.5.1/pico-sdk/src/rp2_common/hardware_clocks/clocks.c.obj
                0x1003846c                clock_get_hz
 .text.pll_init
                0x10038478       0xa0 CMakeFiles/picopad-gb.dir/C_/Program_Files/Raspberry_Pi/Pico_SDK_v1.5.1/pico-sdk/src/rp2_common/hardware_pll/pll.c.obj
                0x10038478                pll_init
 .text.vreg_set_voltage
                0x10038518       0x1c CMakeFiles/picopad-gb.dir/C_/Program_Files/Raspberry_Pi/Pico_SDK_v1.5.1/pico-sdk/src/rp2_common/hardware_vreg/vreg.c.obj
                0x10038518                vreg_set_voltage
 .text.watchdog_start_tick
                0x10038534       0x10 CMakeFiles/picopad-gb.dir/C_/Program_Files/Raspberry_Pi/Pico_SDK_v1.5.1/pico-sdk/src/rp2_common/hardware_watchdog/watchdog.c.obj
                0x10038534                watchdog_start_tick
 .text.watchdog_enable
                0x10038544       0x84 CMakeFiles/picopad-gb.dir/C_/Program_Files/Raspberry_Pi/Pico_SDK_v1.5.1/pico-sdk/src/rp2_common/hardware_watchdog/watchdog.c.obj
                0x10038544                watchdog_enable
 .text.xosc_init
                0x100385c8       0x28 CMakeFiles/picopad-gb.dir/C_/Program_Files/Raspberry_Pi/Pico_SDK_v1.5.1/pico-sdk/src/rp2_common/hardware_xosc/xosc.c.obj
                0x100385c8                xosc_init
 .text.runtime_init
                0x100385f0       0xf0 CMakeFiles/picopad-gb.dir/C_/Program_Files/Raspberry_Pi/Pico_SDK_v1.5.1/pico-sdk/src/rp2_common/pico_runtime/runtime.c.obj
                0x100385f0                runtime_init
 .text._exit    0x100386e0        0x4 CMakeFiles/picopad-gb.dir/C_/Program_Files/Raspberry_Pi/Pico_SDK_v1.5.1/pico-sdk/src/rp2_common/pico_runtime/runtime.c.obj
                0x100386e0                _exit
 .text._sbrk    0x100386e4       0x34 CMakeFiles/picopad-gb.dir/C_/Program_Files/Raspberry_Pi/Pico_SDK_v1.5.1/pico-sdk/src/rp2_common/pico_runtime/runtime.c.obj
                0x100386e4                _sbrk
 .text.exit     0x10038718        0x8 CMakeFiles/picopad-gb.dir/C_/Program_Files/Raspberry_Pi/Pico_SDK_v1.5.1/pico-sdk/src/rp2_common/pico_runtime/runtime.c.obj
                0x10038718                exit
 .text.panic    0x10038720       0x30 CMakeFiles/picopad-gb.dir/C_/Program_Files/Raspberry_Pi/Pico_SDK_v1.5.1/pico-sdk/src/rp2_common/pico_runtime/runtime.c.obj
                0x10038720                panic
 .text.hard_assertion_failure
                0x10038750        0xc CMakeFiles/picopad-gb.dir/C_/Program_Files/Raspberry_Pi/Pico_SDK_v1.5.1/pico-sdk/src/rp2_common/pico_runtime/runtime.c.obj
                0x10038750                hard_assertion_failure
 .text._out_buffer
                0x1003875c        0x8 CMakeFiles/picopad-gb.dir/C_/Program_Files/Raspberry_Pi/Pico_SDK_v1.5.1/pico-sdk/src/rp2_common/pico_printf/printf.c.obj
 .text._out_null
                0x10038764        0x4 CMakeFiles/picopad-gb.dir/C_/Program_Files/Raspberry_Pi/Pico_SDK_v1.5.1/pico-sdk/src/rp2_common/pico_printf/printf.c.obj
 .text._out_rev
                0x10038768       0x9c CMakeFiles/picopad-gb.dir/C_/Program_Files/Raspberry_Pi/Pico_SDK_v1.5.1/pico-sdk/src/rp2_common/pico_printf/printf.c.obj
 .text._ntoa_format
                0x10038804      0x1cc CMakeFiles/picopad-gb.dir/C_/Program_Files/Raspberry_Pi/Pico_SDK_v1.5.1/pico-sdk/src/rp2_common/pico_printf/printf.c.obj
 .text._out_char
                0x100389d0       0x10 CMakeFiles/picopad-gb.dir/C_/Program_Files/Raspberry_Pi/Pico_SDK_v1.5.1/pico-sdk/src/rp2_common/pico_printf/printf.c.obj
 .text._out_fct
                0x100389e0       0x10 CMakeFiles/picopad-gb.dir/C_/Program_Files/Raspberry_Pi/Pico_SDK_v1.5.1/pico-sdk/src/rp2_common/pico_printf/printf.c.obj
 .text._etoa    0x100389f0      0x44c CMakeFiles/picopad-gb.dir/C_/Program_Files/Raspberry_Pi/Pico_SDK_v1.5.1/pico-sdk/src/rp2_common/pico_printf/printf.c.obj
 .text._ftoa    0x10038e3c      0x398 CMakeFiles/picopad-gb.dir/C_/Program_Files/Raspberry_Pi/Pico_SDK_v1.5.1/pico-sdk/src/rp2_common/pico_printf/printf.c.obj
 .text._vsnprintf
                0x100391d4      0xb04 CMakeFiles/picopad-gb.dir/C_/Program_Files/Raspberry_Pi/Pico_SDK_v1.5.1/pico-sdk/src/rp2_common/pico_printf/printf.c.obj
 .text.__wrap_snprintf
                0x10039cd8       0x28 CMakeFiles/picopad-gb.dir/C_/Program_Files/Raspberry_Pi/Pico_SDK_v1.5.1/pico-sdk/src/rp2_common/pico_printf/printf.c.obj
                0x10039cd8                __wrap_snprintf
 .text.vfctprintf
                0x10039d00       0x20 CMakeFiles/picopad-gb.dir/C_/Program_Files/Raspberry_Pi/Pico_SDK_v1.5.1/pico-sdk/src/rp2_common/pico_printf/printf.c.obj
                0x10039d00                vfctprintf
 .text.weak_raw_vprintf
                0x10039d20       0x30 CMakeFiles/picopad-gb.dir/C_/Program_Files/Raspberry_Pi/Pico_SDK_v1.5.1/pico-sdk/src/rp2_common/pico_printf/printf.c.obj
                0x10039d20                weak_raw_vprintf
 .text          0x10039d50       0x10 CMakeFiles/picopad-gb.dir/C_/Program_Files/Raspberry_Pi/Pico_SDK_v1.5.1/pico-sdk/src/rp2_common/pico_bit_ops/bit_ops_aeabi.S.obj
 .text.rom_func_lookup
                0x10039d60       0x10 CMakeFiles/picopad-gb.dir/C_/Program_Files/Raspberry_Pi/Pico_SDK_v1.5.1/pico-sdk/src/rp2_common/pico_bootrom/bootrom.c.obj
                0x10039d60                rom_func_lookup
 .text.rom_data_lookup
                0x10039d70       0x10 CMakeFiles/picopad-gb.dir/C_/Program_Files/Raspberry_Pi/Pico_SDK_v1.5.1/pico-sdk/src/rp2_common/pico_bootrom/bootrom.c.obj
                0x10039d70                rom_data_lookup
 .text.rom_funcs_lookup
                0x10039d80       0x44 CMakeFiles/picopad-gb.dir/C_/Program_Files/Raspberry_Pi/Pico_SDK_v1.5.1/pico-sdk/src/rp2_common/pico_bootrom/bootrom.c.obj
                0x10039d80                rom_funcs_lookup
 .text.__wrap___aeabi_idiv
                0x10039dc4       0x50 CMakeFiles/picopad-gb.dir/C_/Program_Files/Raspberry_Pi/Pico_SDK_v1.5.1/pico-sdk/src/rp2_common/pico_divider/divider.S.obj
                0x10039dc4                __wrap___aeabi_idivmod
                0x10039dc4                divmod_s32s32
                0x10039dc4                div_s32s32
                0x10039dc4                __wrap___aeabi_idiv
                0x10039dcc                divmod_s32s32_unsafe
                0x10039df8                divmod_s32s32_savestate
 .text.__wrap___aeabi_uidiv
                0x10039e14       0x4c CMakeFiles/picopad-gb.dir/C_/Program_Files/Raspberry_Pi/Pico_SDK_v1.5.1/pico-sdk/src/rp2_common/pico_divider/divider.S.obj
                0x10039e14                __wrap___aeabi_uidiv
                0x10039e14                __wrap___aeabi_uidivmod
                0x10039e14                div_u32u32
                0x10039e14                divmod_u32u32
                0x10039e1c                divmod_u32u32_unsafe
                0x10039e44                divmod_u32u32_savestate
 .text.__wrap___aeabi_ldiv
                0x10039e60      0x424 CMakeFiles/picopad-gb.dir/C_/Program_Files/Raspberry_Pi/Pico_SDK_v1.5.1/pico-sdk/src/rp2_common/pico_divider/divider.S.obj
                0x10039e60                div_s64s64
                0x10039e60                divmod_s64s64
                0x10039e60                __wrap___aeabi_ldivmod
                0x10039e90                divmod_u64u64
                0x10039e90                div_u64u64
                0x10039e90                __wrap___aeabi_uldivmod
                0x10039ea0                divmod_u64u64_savestate
                0x10039ec0                divmod_s64s64_unsafe
                0x10039f48                divmod_u64u64_unsafe
 .text.__wrap___aeabi_darithmetic
                0x1003a284       0x80 CMakeFiles/picopad-gb.dir/C_/Program_Files/Raspberry_Pi/Pico_SDK_v1.5.1/pico-sdk/src/rp2_common/pico_double/double_aeabi.S.obj
                0x1003a284                __wrap___aeabi_drsub
                0x1003a28a                __wrap___aeabi_dsub
                0x1003a29c                __wrap___aeabi_dadd
                0x1003a2ae                __wrap___aeabi_ddiv
                0x1003a2ea                __wrap___aeabi_dmul
 .text.__wrap___aeabi_cdcmple
                0x1003a304       0x6c CMakeFiles/picopad-gb.dir/C_/Program_Files/Raspberry_Pi/Pico_SDK_v1.5.1/pico-sdk/src/rp2_common/pico_double/double_aeabi.S.obj
                0x1003a304                __wrap___aeabi_cdrcmple
                0x1003a314                __wrap___aeabi_cdcmpeq
                0x1003a314                __wrap___aeabi_cdcmple
 .text.__wrap___aeabi_dcmplt
                0x1003a370        0xc CMakeFiles/picopad-gb.dir/C_/Program_Files/Raspberry_Pi/Pico_SDK_v1.5.1/pico-sdk/src/rp2_common/pico_double/double_aeabi.S.obj
                0x1003a370                __wrap___aeabi_dcmplt
 .text.__wrap___aeabi_dcmple
                0x1003a37c       0x10 CMakeFiles/picopad-gb.dir/C_/Program_Files/Raspberry_Pi/Pico_SDK_v1.5.1/pico-sdk/src/rp2_common/pico_double/double_aeabi.S.obj
                0x1003a37c                __wrap___aeabi_dcmple
 .text.__wrap___aeabi_dcmpge
                0x1003a38c       0x10 CMakeFiles/picopad-gb.dir/C_/Program_Files/Raspberry_Pi/Pico_SDK_v1.5.1/pico-sdk/src/rp2_common/pico_double/double_aeabi.S.obj
                0x1003a38c                __wrap___aeabi_dcmpge
 .text.__wrap___aeabi_dcmpgt
                0x1003a39c        0xa CMakeFiles/picopad-gb.dir/C_/Program_Files/Raspberry_Pi/Pico_SDK_v1.5.1/pico-sdk/src/rp2_common/pico_double/double_aeabi.S.obj
                0x1003a39c                __wrap___aeabi_dcmpgt
 .text.__wrap___aeabi_dcmpun
                0x1003a3a6       0x1c CMakeFiles/picopad-gb.dir/C_/Program_Files/Raspberry_Pi/Pico_SDK_v1.5.1/pico-sdk/src/rp2_common/pico_double/double_aeabi.S.obj
                0x1003a3a6                __wrap___aeabi_dcmpun
 *fill*         0x1003a3c2        0x2 
 .text.__wrap___aeabi_i2d
                0x1003a3c4       0x38 CMakeFiles/picopad-gb.dir/C_/Program_Files/Raspberry_Pi/Pico_SDK_v1.5.1/pico-sdk/src/rp2_common/pico_double/double_aeabi.S.obj
                0x1003a3c4                __wrap___aeabi_ui2d
                0x1003a3cc                __wrap___aeabi_i2d
 .text.__wrap___aeabi_d2iz
                0x1003a3fc       0x48 CMakeFiles/picopad-gb.dir/C_/Program_Files/Raspberry_Pi/Pico_SDK_v1.5.1/pico-sdk/src/rp2_common/pico_double/double_aeabi.S.obj
                0x1003a3fc                double2int_z
                0x1003a3fc                __wrap___aeabi_d2iz
 .text.__wrap___aeabi_d2uiz
                0x1003a444       0x18 CMakeFiles/picopad-gb.dir/C_/Program_Files/Raspberry_Pi/Pico_SDK_v1.5.1/pico-sdk/src/rp2_common/pico_double/double_aeabi.S.obj
                0x1003a444                __wrap___aeabi_d2uiz
                0x1003a444                double2uint
 .text.__wrap___aeabi_d2f
                0x1003a45c       0x18 CMakeFiles/picopad-gb.dir/C_/Program_Files/Raspberry_Pi/Pico_SDK_v1.5.1/pico-sdk/src/rp2_common/pico_double/double_aeabi.S.obj
                0x1003a45c                __wrap___aeabi_d2f
 .text.__wrap_exp
                0x1003a474       0x18 CMakeFiles/picopad-gb.dir/C_/Program_Files/Raspberry_Pi/Pico_SDK_v1.5.1/pico-sdk/src/rp2_common/pico_double/double_aeabi.S.obj
                0x1003a474                __wrap_exp
 .text.__aeabi_double_init
                0x1003a48c       0x94 CMakeFiles/picopad-gb.dir/C_/Program_Files/Raspberry_Pi/Pico_SDK_v1.5.1/pico-sdk/src/rp2_common/pico_double/double_init_rom.c.obj
                0x1003a48c                __aeabi_double_init
 .text.double_table_shim_on_use_helper
                0x1003a520       0x2c CMakeFiles/picopad-gb.dir/C_/Program_Files/Raspberry_Pi/Pico_SDK_v1.5.1/pico-sdk/src/rp2_common/pico_double/double_v1_rom_shim.S.obj
                0x1003a520                double_table_shim_on_use_helper
 .text.__wrap___aeabi_dsub
                0x1003a54c       0x10 CMakeFiles/picopad-gb.dir/C_/Program_Files/Raspberry_Pi/Pico_SDK_v1.5.1/pico-sdk/src/rp2_common/pico_double/double_v1_rom_shim.S.obj
                0x1003a54c                drsub_shim
                0x1003a552                dsub_shim
 .text.dadd_shim
                0x1003a55c      0x15c CMakeFiles/picopad-gb.dir/C_/Program_Files/Raspberry_Pi/Pico_SDK_v1.5.1/pico-sdk/src/rp2_common/pico_double/double_v1_rom_shim.S.obj
                0x1003a55c                dadd_shim
 .text.dmul_shim
                0x1003a6b8      0x15c CMakeFiles/picopad-gb.dir/C_/Program_Files/Raspberry_Pi/Pico_SDK_v1.5.1/pico-sdk/src/rp2_common/pico_double/double_v1_rom_shim.S.obj
                0x1003a6b8                dmul_shim
 .text.ddiv_shim
                0x1003a814      0x1b0 CMakeFiles/picopad-gb.dir/C_/Program_Files/Raspberry_Pi/Pico_SDK_v1.5.1/pico-sdk/src/rp2_common/pico_double/double_v1_rom_shim.S.obj
                0x1003a814                ddiv_shim
 .text.double2uint_shim
                0x1003a9c4        0xe CMakeFiles/picopad-gb.dir/C_/Program_Files/Raspberry_Pi/Pico_SDK_v1.5.1/pico-sdk/src/rp2_common/pico_double/double_v1_rom_shim.S.obj
                0x1003a9c4                double2uint_shim
                0x1003a9c6                double2ufix_shim
 *fill*         0x1003a9d2        0x2 
 .text.double2uint64_shim
                0x1003a9d4       0x70 CMakeFiles/picopad-gb.dir/C_/Program_Files/Raspberry_Pi/Pico_SDK_v1.5.1/pico-sdk/src/rp2_common/pico_double/double_v1_rom_shim.S.obj
                0x1003a9d4                double2uint64_shim
                0x1003a9d6                double2ufix64_shim
                0x1003a9f6                d2fix_a
 .text.double2float_shim
                0x1003aa44       0x5c CMakeFiles/picopad-gb.dir/C_/Program_Files/Raspberry_Pi/Pico_SDK_v1.5.1/pico-sdk/src/rp2_common/pico_double/double_v1_rom_shim.S.obj
                0x1003aa44                double2float_shim
 .text.x2double_shims
                0x1003aaa0       0x90 CMakeFiles/picopad-gb.dir/C_/Program_Files/Raspberry_Pi/Pico_SDK_v1.5.1/pico-sdk/src/rp2_common/pico_double/double_v1_rom_shim.S.obj
                0x1003aaa0                uint2double_shim
                0x1003aaa2                ufix2double_shim
                0x1003aaa8                int2double_shim
                0x1003aaaa                fix2double_shim
                0x1003aab0                uint642double_shim
                0x1003aab2                ufix642double_shim
                0x1003aab8                int642double_shim
                0x1003aaba                fix642double_shim
 .text.dunpacks
                0x1003ab30       0x3c CMakeFiles/picopad-gb.dir/C_/Program_Files/Raspberry_Pi/Pico_SDK_v1.5.1/pico-sdk/src/rp2_common/pico_double/double_v1_rom_shim.S.obj
                0x1003ab30                dunpacks
 .text.dreduce  0x1003ab6c       0x82 CMakeFiles/picopad-gb.dir/C_/Program_Files/Raspberry_Pi/Pico_SDK_v1.5.1/pico-sdk/src/rp2_common/pico_double/double_v1_rom_shim.S.obj
                0x1003ab6c                dreduce
 *fill*         0x1003abee        0x2 
 .text.dexp_guts
                0x1003abf0      0x268 CMakeFiles/picopad-gb.dir/C_/Program_Files/Raspberry_Pi/Pico_SDK_v1.5.1/pico-sdk/src/rp2_common/pico_double/double_v1_rom_shim.S.obj
                0x1003abf0                dexp_shim
                0x1003ac8c                dln_shim
 .text.__aeabi_lmul
                0x1003ae58       0x32 CMakeFiles/picopad-gb.dir/C_/Program_Files/Raspberry_Pi/Pico_SDK_v1.5.1/pico-sdk/src/rp2_common/pico_int64_ops/pico_int64_ops_aeabi.S.obj
                0x1003ae58                __wrap___aeabi_lmul
 *fill*         0x1003ae8a        0x2 
 .text.__wrap___aeabi_farithmetic
                0x1003ae8c       0x48 CMakeFiles/picopad-gb.dir/C_/Program_Files/Raspberry_Pi/Pico_SDK_v1.5.1/pico-sdk/src/rp2_common/pico_float/float_aeabi.S.obj
                0x1003ae8c                __wrap___aeabi_frsub
                0x1003ae92                __wrap___aeabi_fsub
                0x1003ae98                __wrap___aeabi_fadd
                0x1003ae9e                __wrap___aeabi_fdiv
                0x1003aec6                __wrap___aeabi_fmul
 .text.__wrap___aeabi_ui2f
                0x1003aed4        0xa CMakeFiles/picopad-gb.dir/C_/Program_Files/Raspberry_Pi/Pico_SDK_v1.5.1/pico-sdk/src/rp2_common/pico_float/float_aeabi.S.obj
                0x1003aed4                __wrap___aeabi_ui2f
 *fill*         0x1003aede        0x2 
 .text.__wrap___aeabi_i2f
                0x1003aee0       0x44 CMakeFiles/picopad-gb.dir/C_/Program_Files/Raspberry_Pi/Pico_SDK_v1.5.1/pico-sdk/src/rp2_common/pico_float/float_aeabi.S.obj
                0x1003aee0                __wrap___aeabi_i2f
 .text.__wrap___aeabi_f2iz
                0x1003af24       0x4e CMakeFiles/picopad-gb.dir/C_/Program_Files/Raspberry_Pi/Pico_SDK_v1.5.1/pico-sdk/src/rp2_common/pico_float/float_aeabi.S.obj
                0x1003af24                float2int_z
                0x1003af24                __wrap___aeabi_f2iz
 *fill*         0x1003af72        0x2 
 .text.float2int
                0x1003af74       0x14 CMakeFiles/picopad-gb.dir/C_/Program_Files/Raspberry_Pi/Pico_SDK_v1.5.1/pico-sdk/src/rp2_common/pico_float/float_aeabi.S.obj
                0x1003af74                float2int
 .text.__wrap___aeabi_f2uiz
                0x1003af88        0xc CMakeFiles/picopad-gb.dir/C_/Program_Files/Raspberry_Pi/Pico_SDK_v1.5.1/pico-sdk/src/rp2_common/pico_float/float_aeabi.S.obj
                0x1003af88                __wrap___aeabi_f2uiz
 .text.__wrap___aeabi_f2d
                0x1003af94       0x14 CMakeFiles/picopad-gb.dir/C_/Program_Files/Raspberry_Pi/Pico_SDK_v1.5.1/pico-sdk/src/rp2_common/pico_float/float_aeabi.S.obj
                0x1003af94                __wrap___aeabi_f2d
 .text.__aeabi_float_init
                0x1003afa8       0x64 CMakeFiles/picopad-gb.dir/C_/Program_Files/Raspberry_Pi/Pico_SDK_v1.5.1/pico-sdk/src/rp2_common/pico_float/float_init_rom.c.obj
                0x1003afa8                __aeabi_float_init
 .text.float_table_shim_on_use_helper
                0x1003b00c       0x2c CMakeFiles/picopad-gb.dir/C_/Program_Files/Raspberry_Pi/Pico_SDK_v1.5.1/pico-sdk/src/rp2_common/pico_float/float_v1_rom_shim.S.obj
                0x1003b00c                float_table_shim_on_use_helper
 .text.float232_shims
                0x1003b038       0x18 CMakeFiles/picopad-gb.dir/C_/Program_Files/Raspberry_Pi/Pico_SDK_v1.5.1/pico-sdk/src/rp2_common/pico_float/float_v1_rom_shim.S.obj
                0x1003b038                float2int_shim
                0x1003b03a                float2fix_shim
 .text.float2double_shim
                0x1003b050       0x30 CMakeFiles/picopad-gb.dir/C_/Program_Files/Raspberry_Pi/Pico_SDK_v1.5.1/pico-sdk/src/rp2_common/pico_float/float_v1_rom_shim.S.obj
                0x1003b050                float2double_shim
 .text.__wrap_malloc
                0x1003b080       0x3c CMakeFiles/picopad-gb.dir/C_/Program_Files/Raspberry_Pi/Pico_SDK_v1.5.1/pico-sdk/src/rp2_common/pico_malloc/pico_malloc.c.obj
                0x1003b080                __wrap_malloc
 .text.__wrap_calloc
                0x1003b0bc       0x40 CMakeFiles/picopad-gb.dir/C_/Program_Files/Raspberry_Pi/Pico_SDK_v1.5.1/pico-sdk/src/rp2_common/pico_malloc/pico_malloc.c.obj
                0x1003b0bc                __wrap_calloc
 .text          0x1003b0fc       0x10 CMakeFiles/picopad-gb.dir/C_/Program_Files/Raspberry_Pi/Pico_SDK_v1.5.1/pico-sdk/src/rp2_common/pico_mem_ops/mem_ops_aeabi.S.obj
                0x1003b0fc                __aeabi_mem_init
 .text.memset   0x1003b10c        0xc CMakeFiles/picopad-gb.dir/C_/Program_Files/Raspberry_Pi/Pico_SDK_v1.5.1/pico-sdk/src/rp2_common/pico_mem_ops/mem_ops_aeabi.S.obj
                0x1003b10c                __wrap_memset
 .text.memcpy   0x1003b118        0xc CMakeFiles/picopad-gb.dir/C_/Program_Files/Raspberry_Pi/Pico_SDK_v1.5.1/pico-sdk/src/rp2_common/pico_mem_ops/mem_ops_aeabi.S.obj
                0x1003b118                __wrap_memcpy
                0x1003b118                __wrap___aeabi_memcpy
 .text._Znaj    0x1003b124        0x8 CMakeFiles/picopad-gb.dir/C_/Program_Files/Raspberry_Pi/Pico_SDK_v1.5.1/pico-sdk/src/rp2_common/pico_standard_link/new_delete.cpp.obj
                0x1003b124                operator new[](unsigned int)
 .text.stdio_out_chars_no_crlf
                0x1003b12c       0x10 CMakeFiles/picopad-gb.dir/C_/Program_Files/Raspberry_Pi/Pico_SDK_v1.5.1/pico-sdk/src/rp2_common/pico_stdio/stdio.c.obj
 .text.stdio_out_chars_crlf
                0x1003b13c       0xb4 CMakeFiles/picopad-gb.dir/C_/Program_Files/Raspberry_Pi/Pico_SDK_v1.5.1/pico-sdk/src/rp2_common/pico_stdio/stdio.c.obj
 .text.stdio_buffered_printer
                0x1003b1f0       0x64 CMakeFiles/picopad-gb.dir/C_/Program_Files/Raspberry_Pi/Pico_SDK_v1.5.1/pico-sdk/src/rp2_common/pico_stdio/stdio.c.obj
 .text.stdio_put_string.isra.0
                0x1003b254       0xfc CMakeFiles/picopad-gb.dir/C_/Program_Files/Raspberry_Pi/Pico_SDK_v1.5.1/pico-sdk/src/rp2_common/pico_stdio/stdio.c.obj
 .text.__wrap_putchar
                0x1003b350       0x98 CMakeFiles/picopad-gb.dir/C_/Program_Files/Raspberry_Pi/Pico_SDK_v1.5.1/pico-sdk/src/rp2_common/pico_stdio/stdio.c.obj
                0x1003b350                __wrap_putchar
 .text.__wrap_puts
                0x1003b3e8       0x3c CMakeFiles/picopad-gb.dir/C_/Program_Files/Raspberry_Pi/Pico_SDK_v1.5.1/pico-sdk/src/rp2_common/pico_stdio/stdio.c.obj
                0x1003b3e8                __wrap_puts
 .text.stdio_set_driver_enabled
                0x1003b424       0x30 CMakeFiles/picopad-gb.dir/C_/Program_Files/Raspberry_Pi/Pico_SDK_v1.5.1/pico-sdk/src/rp2_common/pico_stdio/stdio.c.obj
                0x1003b424                stdio_set_driver_enabled
 .text.__wrap_vprintf
                0x1003b454       0xd8 CMakeFiles/picopad-gb.dir/C_/Program_Files/Raspberry_Pi/Pico_SDK_v1.5.1/pico-sdk/src/rp2_common/pico_stdio/stdio.c.obj
                0x1003b454                __wrap_vprintf
 .text.__wrap_printf
                0x1003b52c       0x18 CMakeFiles/picopad-gb.dir/C_/Program_Files/Raspberry_Pi/Pico_SDK_v1.5.1/pico-sdk/src/rp2_common/pico_stdio/stdio.c.obj
                0x1003b52c                __wrap_printf
 .text.stdio_init_all
                0x1003b544        0xc CMakeFiles/picopad-gb.dir/C_/Program_Files/Raspberry_Pi/Pico_SDK_v1.5.1/pico-sdk/src/rp2_common/pico_stdio/stdio.c.obj
                0x1003b544                stdio_init_all
 .text.stdio_uart_out_chars
                0x1003b550       0x4c CMakeFiles/picopad-gb.dir/C_/Program_Files/Raspberry_Pi/Pico_SDK_v1.5.1/pico-sdk/src/rp2_common/pico_stdio_uart/stdio_uart.c.obj
 .text.stdio_uart_in_chars
                0x1003b59c       0x84 CMakeFiles/picopad-gb.dir/C_/Program_Files/Raspberry_Pi/Pico_SDK_v1.5.1/pico-sdk/src/rp2_common/pico_stdio_uart/stdio_uart.c.obj
                0x1003b59c                stdio_uart_in_chars
 .text.on_uart_rx
                0x1003b620       0x28 CMakeFiles/picopad-gb.dir/C_/Program_Files/Raspberry_Pi/Pico_SDK_v1.5.1/pico-sdk/src/rp2_common/pico_stdio_uart/stdio_uart.c.obj
 .text.stdio_uart_set_chars_available_callback
                0x1003b648       0x8c CMakeFiles/picopad-gb.dir/C_/Program_Files/Raspberry_Pi/Pico_SDK_v1.5.1/pico-sdk/src/rp2_common/pico_stdio_uart/stdio_uart.c.obj
 .text.stdio_uart_init
                0x1003b6d4       0x48 CMakeFiles/picopad-gb.dir/C_/Program_Files/Raspberry_Pi/Pico_SDK_v1.5.1/pico-sdk/src/rp2_common/pico_stdio_uart/stdio_uart.c.obj
                0x1003b6d4                stdio_uart_init
 .text.core1_trampoline
                0x1003b71c        0x4 CMakeFiles/picopad-gb.dir/C_/Program_Files/Raspberry_Pi/Pico_SDK_v1.5.1/pico-sdk/src/rp2_common/pico_multicore/multicore.c.obj
 .text.core1_wrapper
                0x1003b720        0xc CMakeFiles/picopad-gb.dir/C_/Program_Files/Raspberry_Pi/Pico_SDK_v1.5.1/pico-sdk/src/rp2_common/pico_multicore/multicore.c.obj
                0x1003b720                core1_wrapper
 .text.multicore_fifo_push_blocking
                0x1003b72c       0x14 CMakeFiles/picopad-gb.dir/C_/Program_Files/Raspberry_Pi/Pico_SDK_v1.5.1/pico-sdk/src/rp2_common/pico_multicore/multicore.c.obj
                0x1003b72c                multicore_fifo_push_blocking
 .text.multicore_fifo_pop_blocking
                0x1003b740       0x1c CMakeFiles/picopad-gb.dir/C_/Program_Files/Raspberry_Pi/Pico_SDK_v1.5.1/pico-sdk/src/rp2_common/pico_multicore/multicore.c.obj
                0x1003b740                multicore_fifo_pop_blocking
 .text.multicore_reset_core1
                0x1003b75c       0x24 CMakeFiles/picopad-gb.dir/C_/Program_Files/Raspberry_Pi/Pico_SDK_v1.5.1/pico-sdk/src/rp2_common/pico_multicore/multicore.c.obj
                0x1003b75c                multicore_reset_core1
 .text.multicore_launch_core1_raw
                0x1003b780       0x84 CMakeFiles/picopad-gb.dir/C_/Program_Files/Raspberry_Pi/Pico_SDK_v1.5.1/pico-sdk/src/rp2_common/pico_multicore/multicore.c.obj
                0x1003b780                multicore_launch_core1_raw
 .text.multicore_launch_core1
                0x1003b804       0x4c CMakeFiles/picopad-gb.dir/C_/Program_Files/Raspberry_Pi/Pico_SDK_v1.5.1/pico-sdk/src/rp2_common/pico_multicore/multicore.c.obj
                0x1003b804                multicore_launch_core1
 .text.spi_init
                0x1003b850      0x138 CMakeFiles/picopad-gb.dir/C_/Program_Files/Raspberry_Pi/Pico_SDK_v1.5.1/pico-sdk/src/rp2_common/hardware_spi/spi.c.obj
                0x1003b850                spi_init
 .text.spi_set_baudrate
                0x1003b988       0xc0 CMakeFiles/picopad-gb.dir/C_/Program_Files/Raspberry_Pi/Pico_SDK_v1.5.1/pico-sdk/src/rp2_common/hardware_spi/spi.c.obj
                0x1003b988                spi_set_baudrate
 .text.splitmix64
                0x1003ba48       0x5c CMakeFiles/picopad-gb.dir/C_/Program_Files/Raspberry_Pi/Pico_SDK_v1.5.1/pico-sdk/src/rp2_common/pico_rand/rand.c.obj
 .text.xoroshiro128ss
                0x1003baa4       0x90 CMakeFiles/picopad-gb.dir/C_/Program_Files/Raspberry_Pi/Pico_SDK_v1.5.1/pico-sdk/src/rp2_common/pico_rand/rand.c.obj
 .text.get_rand_64
                0x1003bb34      0x484 CMakeFiles/picopad-gb.dir/C_/Program_Files/Raspberry_Pi/Pico_SDK_v1.5.1/pico-sdk/src/rp2_common/pico_rand/rand.c.obj
                0x1003bb34                get_rand_64
 .text.get_rand_32
                0x1003bfb8        0x8 CMakeFiles/picopad-gb.dir/C_/Program_Files/Raspberry_Pi/Pico_SDK_v1.5.1/pico-sdk/src/rp2_common/pico_rand/rand.c.obj
                0x1003bfb8                get_rand_32
 .text.startup._retrieve_unique_id_on_boot
                0x1003bfc0       0x10 CMakeFiles/picopad-gb.dir/C_/Program_Files/Raspberry_Pi/Pico_SDK_v1.5.1/pico-sdk/src/rp2_common/pico_unique_id/unique_id.c.obj
 .text.pico_get_unique_board_id
                0x1003bfd0       0x10 CMakeFiles/picopad-gb.dir/C_/Program_Files/Raspberry_Pi/Pico_SDK_v1.5.1/pico-sdk/src/rp2_common/pico_unique_id/unique_id.c.obj
                0x1003bfd0                pico_get_unique_board_id
 .text.flash_get_unique_id
                0x1003bfe0       0x40 CMakeFiles/picopad-gb.dir/C_/Program_Files/Raspberry_Pi/Pico_SDK_v1.5.1/pico-sdk/src/rp2_common/hardware_flash/flash.c.obj
                0x1003bfe0                flash_get_unique_id
 .text.dma_channel_unclaim
                0x1003c020       0x10 CMakeFiles/picopad-gb.dir/C_/Program_Files/Raspberry_Pi/Pico_SDK_v1.5.1/pico-sdk/src/rp2_common/hardware_dma/dma.c.obj
                0x1003c020                dma_channel_unclaim
 .text.dma_claim_unused_channel
                0x1003c030       0x20 CMakeFiles/picopad-gb.dir/C_/Program_Files/Raspberry_Pi/Pico_SDK_v1.5.1/pico-sdk/src/rp2_common/hardware_dma/dma.c.obj
                0x1003c030                dma_claim_unused_channel
 .text.DispWindow
                0x1003c050       0xb4 CMakeFiles/picopad-gb.dir/C_/Workspace/Programming/picopad-base/src/common/st7789/st7789.c.obj
                0x1003c050                DispWindow
 .text.DispDirtyAll
                0x1003c104       0x34 CMakeFiles/picopad-gb.dir/C_/Workspace/Programming/picopad-base/src/common/st7789/st7789.c.obj
                0x1003c104                DispDirtyAll
 .text.DispDirtyRect
                0x1003c138       0x88 CMakeFiles/picopad-gb.dir/C_/Workspace/Programming/picopad-base/src/common/st7789/st7789.c.obj
                0x1003c138                DispDirtyRect
 .text.DispUpdate
                0x1003c1c0       0xd4 CMakeFiles/picopad-gb.dir/C_/Workspace/Programming/picopad-base/src/common/st7789/st7789.c.obj
                0x1003c1c0                DispUpdate
 .text.DispInit
                0x1003c294      0x2dc CMakeFiles/picopad-gb.dir/C_/Workspace/Programming/picopad-base/src/common/st7789/st7789.c.obj
                0x1003c294                DispInit
 .text.ADC_Init
                0x1003c570        0x8 CMakeFiles/picopad-gb.dir/C_/Workspace/Programming/picopad-base/src/common/sdk/sdk_adc.c.obj
                0x1003c570                ADC_Init
 .text.ADC_PinInit
                0x1003c578       0x20 CMakeFiles/picopad-gb.dir/C_/Workspace/Programming/picopad-base/src/common/sdk/sdk_adc.c.obj
                0x1003c578                ADC_PinInit
 .text.ResetToBootLoader
                0x1003c598        0xc CMakeFiles/picopad-gb.dir/C_/Workspace/Programming/picopad-base/src/common/sdk/sdk_watchdog.c.obj
                0x1003c598                ResetToBootLoader
 .text.load_config_data
                0x1003c5a4       0x60 CMakeFiles/picopad-gb.dir/C_/Workspace/Programming/picopad-base/src/common/sdk/sdk_config.c.obj
                0x1003c5a4                load_config_data
 .text.save_volume
                0x1003c604       0x88 CMakeFiles/picopad-gb.dir/C_/Workspace/Programming/picopad-base/src/common/sdk/sdk_config.c.obj
                0x1003c604                save_volume
 .text.save_brightness
                0x1003c68c       0x88 CMakeFiles/picopad-gb.dir/C_/Workspace/Programming/picopad-base/src/common/sdk/sdk_config.c.obj
                0x1003c68c                save_brightness
 .text.load_config_from_sd_card
                0x1003c714       0xd8 CMakeFiles/picopad-gb.dir/C_/Workspace/Programming/picopad-base/src/common/sdk/sdk_config.c.obj
                0x1003c714                load_config_from_sd_card
 .text.adc_init
                0x1003c7ec       0x38 CMakeFiles/picopad-gb.dir/C_/Program_Files/Raspberry_Pi/Pico_SDK_v1.5.1/pico-sdk/src/rp2_common/hardware_adc/adc.c.obj
                0x1003c7ec                adc_init
 .text.Crc32ADMA
                0x1003c824       0xd0 CMakeFiles/picopad-gb.dir/C_/Workspace/Programming/picopad-base/src/common/libs/lib_crc.c.obj
                0x1003c824                Crc32ADMA
 .text.DrawClear
                0x1003c8f4       0x20 CMakeFiles/picopad-gb.dir/C_/Workspace/Programming/picopad-base/src/common/libs/lib_drawtft.c.obj
                0x1003c8f4                DrawClear
 .text.Disk_MoveBuf
                0x1003c914       0x8c CMakeFiles/picopad-gb.dir/C_/Workspace/Programming/picopad-base/src/common/libs/lib_fat.c.obj
                0x1003c914                Disk_MoveBuf
 .text.Disk_WriteFat.part.0
                0x1003c9a0      0x114 CMakeFiles/picopad-gb.dir/C_/Workspace/Programming/picopad-base/src/common/libs/lib_fat.c.obj
 .text.Disk_DirInx.part.0
                0x1003cab4      0x18c CMakeFiles/picopad-gb.dir/C_/Workspace/Programming/picopad-base/src/common/libs/lib_fat.c.obj
 .text.FileSeek.part.0
                0x1003cc40      0x15c CMakeFiles/picopad-gb.dir/C_/Workspace/Programming/picopad-base/src/common/libs/lib_fat.c.obj
 .text.Disk_ReadFat
                0x1003cd9c       0xd0 CMakeFiles/picopad-gb.dir/C_/Workspace/Programming/picopad-base/src/common/libs/lib_fat.c.obj
                0x1003cd9c                Disk_ReadFat
 .text.Disk_CreateFat
                0x1003ce6c      0x218 CMakeFiles/picopad-gb.dir/C_/Workspace/Programming/picopad-base/src/common/libs/lib_fat.c.obj
                0x1003ce6c                Disk_CreateFat
 .text.Disk_DirFind
                0x1003d084      0x160 CMakeFiles/picopad-gb.dir/C_/Workspace/Programming/picopad-base/src/common/libs/lib_fat.c.obj
                0x1003d084                Disk_DirFind
 .text.Disk_DirCreate
                0x1003d1e4      0x298 CMakeFiles/picopad-gb.dir/C_/Workspace/Programming/picopad-base/src/common/libs/lib_fat.c.obj
                0x1003d1e4                Disk_DirCreate
 .text.Disk_ExtractName
                0x1003d47c       0xe4 CMakeFiles/picopad-gb.dir/C_/Workspace/Programming/picopad-base/src/common/libs/lib_fat.c.obj
                0x1003d47c                Disk_ExtractName
 .text.Disk_FollowPath
                0x1003d560       0xe4 CMakeFiles/picopad-gb.dir/C_/Workspace/Programming/picopad-base/src/common/libs/lib_fat.c.obj
                0x1003d560                Disk_FollowPath
 .text.Disk_CheckFS
                0x1003d644      0x180 CMakeFiles/picopad-gb.dir/C_/Workspace/Programming/picopad-base/src/common/libs/lib_fat.c.obj
                0x1003d644                Disk_CheckFS
 .text.DiskMount
                0x1003d7c4      0x384 CMakeFiles/picopad-gb.dir/C_/Workspace/Programming/picopad-base/src/common/libs/lib_fat.c.obj
                0x1003d7c4                DiskMount
 .text.FileInit
                0x1003db48        0x8 CMakeFiles/picopad-gb.dir/C_/Workspace/Programming/picopad-base/src/common/libs/lib_fat.c.obj
                0x1003db48                FileInit
 .text.FileCreate
                0x1003db50       0xac CMakeFiles/picopad-gb.dir/C_/Workspace/Programming/picopad-base/src/common/libs/lib_fat.c.obj
                0x1003db50                FileCreate
 .text.FileOpen
                0x1003dbfc       0x78 CMakeFiles/picopad-gb.dir/C_/Workspace/Programming/picopad-base/src/common/libs/lib_fat.c.obj
                0x1003dbfc                FileOpen
 .text.FileRead
                0x1003dc74      0x238 CMakeFiles/picopad-gb.dir/C_/Workspace/Programming/picopad-base/src/common/libs/lib_fat.c.obj
                0x1003dc74                FileRead
 .text.FileWrite
                0x1003deac      0x1fc CMakeFiles/picopad-gb.dir/C_/Workspace/Programming/picopad-base/src/common/libs/lib_fat.c.obj
                0x1003deac                FileWrite
 .text.FileClose
                0x1003e0a8      0x164 CMakeFiles/picopad-gb.dir/C_/Workspace/Programming/picopad-base/src/common/libs/lib_fat.c.obj
                0x1003e0a8                FileClose
 .text.FileSeek
                0x1003e20c       0x1c CMakeFiles/picopad-gb.dir/C_/Workspace/Programming/picopad-base/src/common/libs/lib_fat.c.obj
                0x1003e20c                FileSeek
 .text.SDSendCmd.constprop.0
                0x1003e228      0x114 CMakeFiles/picopad-gb.dir/C_/Workspace/Programming/picopad-base/src/common/libs/lib_sd.c.obj
 .text.SDSendCmd
                0x1003e33c      0x118 CMakeFiles/picopad-gb.dir/C_/Workspace/Programming/picopad-base/src/common/libs/lib_sd.c.obj
                0x1003e33c                SDSendCmd
 .text.SDConnect
                0x1003e454      0x2a8 CMakeFiles/picopad-gb.dir/C_/Workspace/Programming/picopad-base/src/common/libs/lib_sd.c.obj
                0x1003e454                SDConnect
 .text.SDReadBlock
                0x1003e6fc       0x9c CMakeFiles/picopad-gb.dir/C_/Workspace/Programming/picopad-base/src/common/libs/lib_sd.c.obj
                0x1003e6fc                SDReadBlock
 .text.SDOpen   0x1003e798       0x6c CMakeFiles/picopad-gb.dir/C_/Workspace/Programming/picopad-base/src/common/libs/lib_sd.c.obj
                0x1003e798                SDOpen
 .text.SDClose  0x1003e804       0x90 CMakeFiles/picopad-gb.dir/C_/Workspace/Programming/picopad-base/src/common/libs/lib_sd.c.obj
                0x1003e804                SDClose
 .text.SDReadSect
                0x1003e894       0x9c CMakeFiles/picopad-gb.dir/C_/Workspace/Programming/picopad-base/src/common/libs/lib_sd.c.obj
                0x1003e894                SDReadSect
 .text.SDWriteSect
                0x1003e930      0x198 CMakeFiles/picopad-gb.dir/C_/Workspace/Programming/picopad-base/src/common/libs/lib_sd.c.obj
                0x1003e930                SDWriteSect
 .text.SDInit   0x1003eac8       0x40 CMakeFiles/picopad-gb.dir/C_/Workspace/Programming/picopad-base/src/common/libs/lib_sd.c.obj
                0x1003eac8                SDInit
 .text.NumListInit
                0x1003eb08        0xc CMakeFiles/picopad-gb.dir/C_/Workspace/Programming/picopad-base/src/common/libs/lib_list.c.obj
                0x1003eb08                NumListInit
 .text.NumListAddFirst
                0x1003eb14       0x14 CMakeFiles/picopad-gb.dir/C_/Workspace/Programming/picopad-base/src/common/libs/lib_list.c.obj
                0x1003eb14                NumListAddFirst
 .text.PWMSndIrq
                0x1003eb28      0x1c8 CMakeFiles/picopad-gb.dir/C_/Workspace/Programming/picopad-base/src/common/libs/lib_pwmsnd.c.obj
                0x1003eb28                PWMSndIrq
 .text.PWMSndInitInternal
                0x1003ecf0      0x10c CMakeFiles/picopad-gb.dir/C_/Workspace/Programming/picopad-base/src/common/libs/lib_pwmsnd.c.obj
                0x1003ecf0                PWMSndInitInternal
 .text.PWMSndInit
                0x1003edfc        0xc CMakeFiles/picopad-gb.dir/C_/Workspace/Programming/picopad-base/src/common/libs/lib_pwmsnd.c.obj
                0x1003edfc                PWMSndInit
 .text.PWMSndTerm
                0x1003ee08       0x34 CMakeFiles/picopad-gb.dir/C_/Workspace/Programming/picopad-base/src/common/libs/lib_pwmsnd.c.obj
                0x1003ee08                PWMSndTerm
 .text.PlaySound
                0x1003ee3c       0x8c CMakeFiles/picopad-gb.dir/C_/Workspace/Programming/picopad-base/src/common/libs/lib_pwmsnd.c.obj
                0x1003ee3c                PlaySound
 .text.PlayingSound
                0x1003eec8       0x20 CMakeFiles/picopad-gb.dir/C_/Workspace/Programming/picopad-base/src/common/libs/lib_pwmsnd.c.obj
                0x1003eec8                PlayingSound
 .text.GlobalSoundSetOff
                0x1003eee8       0x38 CMakeFiles/picopad-gb.dir/C_/Workspace/Programming/picopad-base/src/common/libs/lib_pwmsnd.c.obj
                0x1003eee8                GlobalSoundSetOff
 .text.GlobalSoundSetOn
                0x1003ef20       0x40 CMakeFiles/picopad-gb.dir/C_/Workspace/Programming/picopad-base/src/common/libs/lib_pwmsnd.c.obj
                0x1003ef20                GlobalSoundSetOn
 .text.RandInit
                0x1003ef60       0xd8 CMakeFiles/picopad-gb.dir/C_/Workspace/Programming/picopad-base/src/common/libs/lib_rand.c.obj
                0x1003ef60                RandInit
 .text.MemInit  0x1003f038       0x70 CMakeFiles/picopad-gb.dir/C_/Workspace/Programming/picopad-base/src/common/libs/lib_mem.c.obj
                0x1003f038                MemInit
 .text.startup.SystemInit
                0x1003f0a8       0x14 CMakeFiles/picopad-gb.dir/ae783cfadb10a0055c655bcf0b179659/pico-sdk/src/rp2_common/cmsis/stub/CMSIS/Device/RaspberryPi/RP2040/Source/system_RP2040.c.obj
                0x1003f0a8                SystemInit
 .text.BatInit  0x1003f0bc       0x10 CMakeFiles/picopad-gb.dir/C_/Workspace/Programming/picopad-base/src/common/machine/picopad_bat.c.obj
                0x1003f0bc                BatInit
 .text.DeviceInit
                0x1003f0cc       0x50 CMakeFiles/picopad-gb.dir/C_/Workspace/Programming/picopad-base/src/common/machine/picopad_init.c.obj
                0x1003f0cc                DeviceInit
 .text.KeyInit  0x1003f11c       0x48 CMakeFiles/picopad-gb.dir/C_/Workspace/Programming/picopad-base/src/common/machine/picopad_key.c.obj
                0x1003f11c                KeyInit
 .text.LedInit  0x1003f164       0x2c CMakeFiles/picopad-gb.dir/C_/Workspace/Programming/picopad-base/src/common/machine/picopad_led.c.obj
                0x1003f164                LedInit
 .text.calloc   0x1003f190       0x18 c:/progra~1/raspbe~1/picosd~1.1/gcc-ar~1/bin/../lib/gcc/arm-none-eabi/10.3.1/../../../../arm-none-eabi/lib/thumb/v6-m/nofp\libc.a(lib_a-calloc.o)
                0x1003f190                calloc
 .text._calloc_r
                0x1003f1a8       0x9c c:/progra~1/raspbe~1/picosd~1.1/gcc-ar~1/bin/../lib/gcc/arm-none-eabi/10.3.1/../../../../arm-none-eabi/lib/thumb/v6-m/nofp\libc.a(lib_a-callocr.o)
                0x1003f1a8                _calloc_r
 .text.__errno  0x1003f244        0xc c:/progra~1/raspbe~1/picosd~1.1/gcc-ar~1/bin/../lib/gcc/arm-none-eabi/10.3.1/../../../../arm-none-eabi/lib/thumb/v6-m/nofp\libc.a(lib_a-errno.o)
                0x1003f244                __errno
 .text.malloc   0x1003f250       0x14 c:/progra~1/raspbe~1/picosd~1.1/gcc-ar~1/bin/../lib/gcc/arm-none-eabi/10.3.1/../../../../arm-none-eabi/lib/thumb/v6-m/nofp\libc.a(lib_a-malloc.o)
                0x1003f250                malloc
 .text._malloc_r
                0x1003f264      0x584 c:/progra~1/raspbe~1/picosd~1.1/gcc-ar~1/bin/../lib/gcc/arm-none-eabi/10.3.1/../../../../arm-none-eabi/lib/thumb/v6-m/nofp\libc.a(lib_a-mallocr.o)
                0x1003f264                _malloc_r
 .text.__malloc_lock
                0x1003f7e8       0x10 c:/progra~1/raspbe~1/picosd~1.1/gcc-ar~1/bin/../lib/gcc/arm-none-eabi/10.3.1/../../../../arm-none-eabi/lib/thumb/v6-m/nofp\libc.a(lib_a-mlock.o)
                0x1003f7e8                __malloc_lock
 .text.__malloc_unlock
                0x1003f7f8       0x10 c:/progra~1/raspbe~1/picosd~1.1/gcc-ar~1/bin/../lib/gcc/arm-none-eabi/10.3.1/../../../../arm-none-eabi/lib/thumb/v6-m/nofp\libc.a(lib_a-mlock.o)
                0x1003f7f8                __malloc_unlock
 .text.qsort    0x1003f808      0x60c c:/progra~1/raspbe~1/picosd~1.1/gcc-ar~1/bin/../lib/gcc/arm-none-eabi/10.3.1/../../../../arm-none-eabi/lib/thumb/v6-m/nofp\libc.a(lib_a-qsort.o)
                0x1003f808                qsort
 .text._sbrk_r  0x1003fe14       0x24 c:/progra~1/raspbe~1/picosd~1.1/gcc-ar~1/bin/../lib/gcc/arm-none-eabi/10.3.1/../../../../arm-none-eabi/lib/thumb/v6-m/nofp\libc.a(lib_a-sbrkr.o)
                0x1003fe14                _sbrk_r
 .text.stpcpy   0x1003fe38       0x4c c:/progra~1/raspbe~1/picosd~1.1/gcc-ar~1/bin/../lib/gcc/arm-none-eabi/10.3.1/../../../../arm-none-eabi/lib/thumb/v6-m/nofp\libc.a(lib_a-stpcpy.o)
                0x1003fe38                stpcpy
 .text.strcpy   0x1003fe84       0x10 c:/progra~1/raspbe~1/picosd~1.1/gcc-ar~1/bin/../lib/gcc/arm-none-eabi/10.3.1/../../../../arm-none-eabi/lib/thumb/v6-m/nofp\libc.a(lib_a-strcpy.o)
                0x1003fe84                strcpy
 .text.strlen   0x1003fe94       0x5c c:/progra~1/raspbe~1/picosd~1.1/gcc-ar~1/bin/../lib/gcc/arm-none-eabi/10.3.1/../../../../arm-none-eabi/lib/thumb/v6-m/nofp\libc.a(lib_a-strlen-stub.o)
                0x1003fe94                strlen
 .text._malloc_trim_r
                0x1003fef0       0x9c c:/progra~1/raspbe~1/picosd~1.1/gcc-ar~1/bin/../lib/gcc/arm-none-eabi/10.3.1/../../../../arm-none-eabi/lib/thumb/v6-m/nofp\libc.a(lib_a-freer.o)
                0x1003fef0                _malloc_trim_r
 .text._free_r  0x1003ff8c      0x1c4 c:/progra~1/raspbe~1/picosd~1.1/gcc-ar~1/bin/../lib/gcc/arm-none-eabi/10.3.1/../../../../arm-none-eabi/lib/thumb/v6-m/nofp\libc.a(lib_a-freer.o)
                0x1003ff8c                _free_r
 .text.__retarget_lock_acquire_recursive
                0x10040150        0x4 c:/progra~1/raspbe~1/picosd~1.1/gcc-ar~1/bin/../lib/gcc/arm-none-eabi/10.3.1/../../../../arm-none-eabi/lib/thumb/v6-m/nofp\libc.a(lib_a-lock.o)
                0x10040150                __retarget_lock_acquire_recursive
 .text.__retarget_lock_release_recursive
                0x10040154        0x4 c:/progra~1/raspbe~1/picosd~1.1/gcc-ar~1/bin/../lib/gcc/arm-none-eabi/10.3.1/../../../../arm-none-eabi/lib/thumb/v6-m/nofp\libc.a(lib_a-lock.o)
                0x10040154                __retarget_lock_release_recursive
 *(.fini)
 .fini          0x10040158        0x4 c:/progra~1/raspbe~1/picosd~1.1/gcc-ar~1/bin/../lib/gcc/arm-none-eabi/10.3.1/thumb/v6-m/nofp/crti.o
                0x10040158                _fini
 *fill*         0x1004015c        0x4 
 .fini.__stub   0x10040160       0x90 linker stubs
 *crtbegin.o(.ctors)
 *crtbegin?.o(.ctors)
 *(EXCLUDE_FILE(*crtend.o *crtend?.o) .ctors)
 *(SORT_BY_NAME(.ctors.*))
 *(.ctors)
 *crtbegin.o(.dtors)
 *crtbegin?.o(.dtors)
 *(EXCLUDE_FILE(*crtend.o *crtend?.o) .dtors)
 *(SORT_BY_NAME(.dtors.*))
 *(.dtors)
 *(.eh_frame*)
 .eh_frame      0x100401f0        0x0 c:/progra~1/raspbe~1/picosd~1.1/gcc-ar~1/bin/../lib/gcc/arm-none-eabi/10.3.1/thumb/v6-m/nofp/crtbegin.o
                0x100401f0                . = ALIGN (0x4)

.glue_7         0x100401f0        0x0
 .glue_7        0x100401f0        0x0 linker stubs

.glue_7t        0x100401f0        0x0
 .glue_7t       0x100401f0        0x0 linker stubs

.vfp11_veneer   0x100401f0        0x0
 .vfp11_veneer  0x100401f0        0x0 linker stubs

.v4_bx          0x100401f0        0x0
 .v4_bx         0x100401f0        0x0 linker stubs

.iplt           0x100401f0        0x0
 .iplt          0x100401f0        0x0 c:/progra~1/raspbe~1/picosd~1.1/gcc-ar~1/bin/../lib/gcc/arm-none-eabi/10.3.1/thumb/v6-m/nofp/crtbegin.o

.rodata         0x100401f0     0x1024
 *(EXCLUDE_FILE(*libm.a: *libc.a:*lib_a-mem*.o *libgcc.a:) .rodata*)
 .rodata.audio_write.part.0
                0x100401f0       0x54 CMakeFiles/picopad-gb.dir/vendor/minigb_apu/minigb_apu.c.obj
 .rodata.audio_init.str1.4
                0x10040244       0x11 CMakeFiles/picopad-gb.dir/vendor/minigb_apu/minigb_apu.c.obj
 *fill*         0x10040255        0x3 
 .rodata        0x10040258       0x17 CMakeFiles/picopad-gb.dir/vendor/minigb_apu/minigb_apu.c.obj
 *fill*         0x1004026f        0x1 
 .rodata.ortab.0
                0x10040270       0x30 CMakeFiles/picopad-gb.dir/vendor/minigb_apu/minigb_apu.c.obj
 .rodata._Z9__gb_readP4gb_st
                0x100402a0       0xd0 CMakeFiles/picopad-gb.dir/src/main.cpp.obj
 .rodata._Z10__gb_writeP4gb_sjh
                0x10040370      0x440 CMakeFiles/picopad-gb.dir/src/main.cpp.obj
 .rodata._Z15__gb_execute_cbP4gb_s
                0x100407b0       0x3c CMakeFiles/picopad-gb.dir/src/main.cpp.obj
 .rodata._Z13__gb_step_cpuP4gb_s
                0x100407ec      0x400 CMakeFiles/picopad-gb.dir/src/main.cpp.obj
 .rodata._Z18read_cart_ram_fileP4gb_s.str1.4
                0x10040bec       0x4f CMakeFiles/picopad-gb.dir/src/main.cpp.obj
 *fill*         0x10040c3b        0x1 
 .rodata._Z19write_cart_ram_fileP4gb_s.str1.4
                0x10040c3c       0x64 CMakeFiles/picopad-gb.dir/src/main.cpp.obj
 .rodata.main.str1.4
                0x10040ca0       0x28 CMakeFiles/picopad-gb.dir/src/main.cpp.obj
 .rodata        0x10040cc8       0x6e CMakeFiles/picopad-gb.dir/src/main.cpp.obj
 *fill*         0x10040d36        0x2 
 .rodata._ZL12colorPalette
                0x10040d38       0x18 CMakeFiles/picopad-gb.dir/src/main.cpp.obj
 .rodata._ZZ13__gb_step_cpuP4gb_sE10TAC_CYCLES
                0x10040d50       0x10 CMakeFiles/picopad-gb.dir/src/main.cpp.obj
 .rodata._ZZ13__gb_step_cpuP4gb_sE9op_cycles
                0x10040d60      0x100 CMakeFiles/picopad-gb.dir/src/main.cpp.obj
 .rodata.hardware_alarm_claim.str1.4
                0x10040e60       0x22 CMakeFiles/picopad-gb.dir/C_/Program_Files/Raspberry_Pi/Pico_SDK_v1.5.1/pico-sdk/src/rp2_common/hardware_timer/timer.c.obj
 *fill*         0x10040e82        0x2 
 .rodata.panic.str1.4
                0x10040e84       0x12 CMakeFiles/picopad-gb.dir/C_/Program_Files/Raspberry_Pi/Pico_SDK_v1.5.1/pico-sdk/src/rp2_common/pico_runtime/runtime.c.obj
 *fill*         0x10040e96        0x2 
 .rodata.hard_assertion_failure.str1.4
                0x10040e98        0xc CMakeFiles/picopad-gb.dir/C_/Program_Files/Raspberry_Pi/Pico_SDK_v1.5.1/pico-sdk/src/rp2_common/pico_runtime/runtime.c.obj
 .rodata._ftoa.str1.4
                0x10040ea4       0x15 CMakeFiles/picopad-gb.dir/C_/Program_Files/Raspberry_Pi/Pico_SDK_v1.5.1/pico-sdk/src/rp2_common/pico_printf/printf.c.obj
 *fill*         0x10040eb9        0x3 
 .rodata._vsnprintf
                0x10040ebc      0x1e0 CMakeFiles/picopad-gb.dir/C_/Program_Files/Raspberry_Pi/Pico_SDK_v1.5.1/pico-sdk/src/rp2_common/pico_printf/printf.c.obj
 *fill*         0x1004109c        0x4 
 .rodata.pow10.0
                0x100410a0       0x50 CMakeFiles/picopad-gb.dir/C_/Program_Files/Raspberry_Pi/Pico_SDK_v1.5.1/pico-sdk/src/rp2_common/pico_printf/printf.c.obj
 .rodata.__wrap_malloc.str1.4
                0x100410f0        0xe CMakeFiles/picopad-gb.dir/C_/Program_Files/Raspberry_Pi/Pico_SDK_v1.5.1/pico-sdk/src/rp2_common/pico_malloc/pico_malloc.c.obj
 *fill*         0x100410fe        0x2 
 .rodata.str1.4
                0x10041100       0x34 CMakeFiles/picopad-gb.dir/C_/Program_Files/Raspberry_Pi/Pico_SDK_v1.5.1/pico-sdk/src/rp2_common/pico_standard_link/binary_info.c.obj
 .rodata.__bi_44
                0x10041134        0xc CMakeFiles/picopad-gb.dir/C_/Program_Files/Raspberry_Pi/Pico_SDK_v1.5.1/pico-sdk/src/rp2_common/pico_standard_link/binary_info.c.obj
 .rodata.__bi_75
                0x10041140        0xc CMakeFiles/picopad-gb.dir/C_/Program_Files/Raspberry_Pi/Pico_SDK_v1.5.1/pico-sdk/src/rp2_common/pico_standard_link/binary_info.c.obj
 .rodata.__bi_81
                0x1004114c        0xc CMakeFiles/picopad-gb.dir/C_/Program_Files/Raspberry_Pi/Pico_SDK_v1.5.1/pico-sdk/src/rp2_common/pico_standard_link/binary_info.c.obj
 .rodata.crlf_str.0
                0x10041158        0x2 CMakeFiles/picopad-gb.dir/C_/Program_Files/Raspberry_Pi/Pico_SDK_v1.5.1/pico-sdk/src/rp2_common/pico_stdio/stdio.c.obj
 *fill*         0x1004115a        0x2 
 .rodata.str1.4
                0x1004115c       0x2c CMakeFiles/picopad-gb.dir/C_/Program_Files/Raspberry_Pi/Pico_SDK_v1.5.1/pico-sdk/src/rp2_common/pico_stdio_uart/stdio_uart.c.obj
 .rodata.__bi_33.4
                0x10041188        0xc CMakeFiles/picopad-gb.dir/C_/Program_Files/Raspberry_Pi/Pico_SDK_v1.5.1/pico-sdk/src/rp2_common/pico_stdio_uart/stdio_uart.c.obj
 .rodata.__bi_34.5
                0x10041194        0x8 CMakeFiles/picopad-gb.dir/C_/Program_Files/Raspberry_Pi/Pico_SDK_v1.5.1/pico-sdk/src/rp2_common/pico_stdio_uart/stdio_uart.c.obj
 .rodata.dma_claim_unused_channel.str1.4
                0x1004119c       0x1e CMakeFiles/picopad-gb.dir/C_/Program_Files/Raspberry_Pi/Pico_SDK_v1.5.1/pico-sdk/src/rp2_common/hardware_dma/dma.c.obj
 *fill*         0x100411ba        0x2 
 .rodata.RotationTab
                0x100411bc        0x4 CMakeFiles/picopad-gb.dir/C_/Workspace/Programming/picopad-base/src/common/st7789/st7789.c.obj
                0x100411bc                RotationTab
 .rodata.save_volume.str1.4
                0x100411c0       0x2a CMakeFiles/picopad-gb.dir/C_/Workspace/Programming/picopad-base/src/common/sdk/sdk_config.c.obj
 *fill*         0x100411ea        0x2 
 .rodata        0x100411ec       0x20 CMakeFiles/picopad-gb.dir/C_/Workspace/Programming/picopad-base/src/common/sdk/sdk_config.c.obj
 .rodata.KeyGpioTab
                0x1004120c        0x8 CMakeFiles/picopad-gb.dir/C_/Workspace/Programming/picopad-base/src/common/machine/picopad_key.c.obj
                0x1004120c                KeyGpioTab
                0x10041214                . = ALIGN (0x4)
 *(SORT_BY_ALIGNMENT(SORT_BY_NAME(.flashdata*)))
                0x10041214                . = ALIGN (0x4)

.ARM.extab
 *(.ARM.extab* .gnu.linkonce.armextab.*)
                0x10041214                __exidx_start = .

.ARM.exidx
 *(.ARM.exidx* .gnu.linkonce.armexidx.*)
                0x10041214                __exidx_end = .
                0x10041214                . = ALIGN (0x4)
                0x10041214                __binary_info_start = .

.binary_info    0x10041214       0x20
 *(.binary_info.keep.*)
 .binary_info.keep.__bi_ptr22
                0x10041214        0x4 CMakeFiles/picopad-gb.dir/C_/Program_Files/Raspberry_Pi/Pico_SDK_v1.5.1/pico-sdk/src/rp2_common/pico_standard_link/binary_info.c.obj
 .binary_info.keep.__bi_ptr30
                0x10041218        0x4 CMakeFiles/picopad-gb.dir/C_/Program_Files/Raspberry_Pi/Pico_SDK_v1.5.1/pico-sdk/src/rp2_common/pico_standard_link/binary_info.c.obj
 .binary_info.keep.__bi_ptr44
                0x1004121c        0x4 CMakeFiles/picopad-gb.dir/C_/Program_Files/Raspberry_Pi/Pico_SDK_v1.5.1/pico-sdk/src/rp2_common/pico_standard_link/binary_info.c.obj
 .binary_info.keep.__bi_ptr50
                0x10041220        0x4 CMakeFiles/picopad-gb.dir/C_/Program_Files/Raspberry_Pi/Pico_SDK_v1.5.1/pico-sdk/src/rp2_common/pico_standard_link/binary_info.c.obj
 .binary_info.keep.__bi_ptr75
                0x10041224        0x4 CMakeFiles/picopad-gb.dir/C_/Program_Files/Raspberry_Pi/Pico_SDK_v1.5.1/pico-sdk/src/rp2_common/pico_standard_link/binary_info.c.obj
 .binary_info.keep.__bi_ptr81
                0x10041228        0x4 CMakeFiles/picopad-gb.dir/C_/Program_Files/Raspberry_Pi/Pico_SDK_v1.5.1/pico-sdk/src/rp2_common/pico_standard_link/binary_info.c.obj
 *(.binary_info.*)
 .binary_info.__bi_ptr33
                0x1004122c        0x4 CMakeFiles/picopad-gb.dir/C_/Program_Files/Raspberry_Pi/Pico_SDK_v1.5.1/pico-sdk/src/rp2_common/pico_stdio_uart/stdio_uart.c.obj
 .binary_info.__bi_ptr34
                0x10041230        0x4 CMakeFiles/picopad-gb.dir/C_/Program_Files/Raspberry_Pi/Pico_SDK_v1.5.1/pico-sdk/src/rp2_common/pico_stdio_uart/stdio_uart.c.obj
                0x10041234                __binary_info_end = .
                0x10041234                . = ALIGN (0x4)
                0x10041234                __etext = .

.rel.dyn        0x10041234        0x0
 .rel.iplt      0x10041234        0x0 c:/progra~1/raspbe~1/picosd~1.1/gcc-ar~1/bin/../lib/gcc/arm-none-eabi/10.3.1/thumb/v6-m/nofp/crtbegin.o

.ram_vector_table
                0x20000000       0xc0
 *(.ram_vector_table)
 .ram_vector_table
                0x20000000       0xc0 CMakeFiles/picopad-gb.dir/C_/Program_Files/Raspberry_Pi/Pico_SDK_v1.5.1/pico-sdk/src/rp2_common/pico_runtime/runtime.c.obj
                0x20000000                ram_vector_table

.data           0x200000c0      0xc94 load address 0x10041234
                0x200000c0                __data_start__ = .
 *(vtable)
 *(.time_critical*)
 .time_critical.mutex_enter_blocking
                0x200000c0       0x48 CMakeFiles/picopad-gb.dir/C_/Program_Files/Raspberry_Pi/Pico_SDK_v1.5.1/pico-sdk/src/common/pico_sync/mutex.c.obj
                0x200000c0                mutex_enter_blocking
 .time_critical.mutex_try_enter_block_until
                0x20000108       0x9c CMakeFiles/picopad-gb.dir/C_/Program_Files/Raspberry_Pi/Pico_SDK_v1.5.1/pico-sdk/src/common/pico_sync/mutex.c.obj
                0x20000108                mutex_try_enter_block_until
 .time_critical.mutex_exit
                0x200001a4       0x28 CMakeFiles/picopad-gb.dir/C_/Program_Files/Raspberry_Pi/Pico_SDK_v1.5.1/pico-sdk/src/common/pico_sync/mutex.c.obj
                0x200001a4                mutex_exit
 .time_critical.spi_write_read_blocking
                0x200001cc       0x74 CMakeFiles/picopad-gb.dir/C_/Program_Files/Raspberry_Pi/Pico_SDK_v1.5.1/pico-sdk/src/rp2_common/hardware_spi/spi.c.obj
                0x200001cc                spi_write_read_blocking
 .time_critical.spi_write_blocking
                0x20000240       0x4c CMakeFiles/picopad-gb.dir/C_/Program_Files/Raspberry_Pi/Pico_SDK_v1.5.1/pico-sdk/src/rp2_common/hardware_spi/spi.c.obj
                0x20000240                spi_write_blocking
 .time_critical.flash_init_boot2_copyout
                0x2000028c       0x30 CMakeFiles/picopad-gb.dir/C_/Program_Files/Raspberry_Pi/Pico_SDK_v1.5.1/pico-sdk/src/rp2_common/hardware_flash/flash.c.obj
 .time_critical.flash_enable_xip_via_boot2
                0x200002bc       0x10 CMakeFiles/picopad-gb.dir/C_/Program_Files/Raspberry_Pi/Pico_SDK_v1.5.1/pico-sdk/src/rp2_common/hardware_flash/flash.c.obj
 .time_critical.flash_cs_force
                0x200002cc       0x38 CMakeFiles/picopad-gb.dir/C_/Program_Files/Raspberry_Pi/Pico_SDK_v1.5.1/pico-sdk/src/rp2_common/hardware_flash/flash.c.obj
 .time_critical.flash_do_cmd
                0x20000304       0xc4 CMakeFiles/picopad-gb.dir/C_/Program_Files/Raspberry_Pi/Pico_SDK_v1.5.1/pico-sdk/src/rp2_common/hardware_flash/flash.c.obj
                0x20000304                flash_do_cmd
 *(.text*)
 .text          0x200003c8        0x4 c:/progra~1/raspbe~1/picosd~1.1/gcc-ar~1/bin/../lib/gcc/arm-none-eabi/10.3.1/thumb/v6-m/nofp\libgcc.a(_dvmd_tls.o)
                0x200003c8                __aeabi_idiv0
                0x200003c8                __aeabi_ldiv0
 .text.memcmp   0x200003cc       0x48 c:/progra~1/raspbe~1/picosd~1.1/gcc-ar~1/bin/../lib/gcc/arm-none-eabi/10.3.1/../../../../arm-none-eabi/lib/thumb/v6-m/nofp\libc.a(lib_a-memcmp.o)
                0x200003cc                memcmp
 *fill*         0x20000414        0x4 
 .text.memcmp.__stub
                0x20000418       0x10 linker stubs
                0x20000428                . = ALIGN (0x4)
 *(.rodata*)
                0x20000428                . = ALIGN (0x4)
 *(.data*)
 .data.striped_spin_lock_num
                0x20000428        0x1 CMakeFiles/picopad-gb.dir/C_/Program_Files/Raspberry_Pi/Pico_SDK_v1.5.1/pico-sdk/src/rp2_common/hardware_sync/sync.c.obj
 *fill*         0x20000429        0x3 
 .data          0x2000042c       0x48 CMakeFiles/picopad-gb.dir/C_/Program_Files/Raspberry_Pi/Pico_SDK_v1.5.1/pico-sdk/src/rp2_common/hardware_irq/irq_handler_chain.S.obj
                0x2000042c                irq_handler_chain_slots
                0x2000045c                irq_handler_chain_first_slot
                0x20000466                irq_handler_chain_remove_tail
 .data.default_alarm_pool
                0x20000474       0x18 CMakeFiles/picopad-gb.dir/C_/Program_Files/Raspberry_Pi/Pico_SDK_v1.5.1/pico-sdk/src/common/pico_time/time.c.obj
 .data.default_alarm_pool_heap
                0x2000048c       0x10 CMakeFiles/picopad-gb.dir/C_/Program_Files/Raspberry_Pi/Pico_SDK_v1.5.1/pico-sdk/src/common/pico_time/time.c.obj
 *fill*         0x2000049c        0x4 
 .data.aeabi_bits_funcs
                0x200004a0       0x10 CMakeFiles/picopad-gb.dir/C_/Program_Files/Raspberry_Pi/Pico_SDK_v1.5.1/pico-sdk/src/rp2_common/pico_bit_ops/bit_ops_aeabi.S.obj
                0x200004a0                aeabi_bits_funcs
                0x200004b0                aeabi_bits_funcs_end
 .data.aeabi_mem_funcs
                0x200004b0       0x10 CMakeFiles/picopad-gb.dir/C_/Program_Files/Raspberry_Pi/Pico_SDK_v1.5.1/pico-sdk/src/rp2_common/pico_mem_ops/mem_ops_aeabi.S.obj
                0x200004b0                aeabi_mem_funcs
                0x200004c0                aeabi_mem_funcs_end
 .data.stdio_uart
                0x200004c0       0x18 CMakeFiles/picopad-gb.dir/C_/Program_Files/Raspberry_Pi/Pico_SDK_v1.5.1/pico-sdk/src/rp2_common/pico_stdio_uart/stdio_uart.c.obj
                0x200004c0                stdio_uart
 .data.cr       0x200004d8        0x1 CMakeFiles/picopad-gb.dir/C_/Workspace/Programming/picopad-base/src/common/sdk/sdk_config.c.obj
                0x200004d8                cr
 *fill*         0x200004d9        0x3 
 .data.DiskBufSect
                0x200004dc        0x4 CMakeFiles/picopad-gb.dir/C_/Workspace/Programming/picopad-base/src/common/libs/lib_fat.c.obj
                0x200004dc                DiskBufSect
 .data.FSinfo   0x200004e0        0x1 CMakeFiles/picopad-gb.dir/C_/Workspace/Programming/picopad-base/src/common/libs/lib_fat.c.obj
                0x200004e0                FSinfo
 *fill*         0x200004e1        0x3 
 .data.GlobalVolume
                0x200004e4        0x4 CMakeFiles/picopad-gb.dir/C_/Workspace/Programming/picopad-base/src/common/libs/lib_pwmsnd.c.obj
                0x200004e4                GlobalVolume
 .data._impure_ptr
                0x200004e8        0x4 c:/progra~1/raspbe~1/picosd~1.1/gcc-ar~1/bin/../lib/gcc/arm-none-eabi/10.3.1/../../../../arm-none-eabi/lib/thumb/v6-m/nofp\libc.a(lib_a-impure.o)
                0x200004e8                _impure_ptr
 *fill*         0x200004ec        0x4 
 .data.impure_data
                0x200004f0      0x428 c:/progra~1/raspbe~1/picosd~1.1/gcc-ar~1/bin/../lib/gcc/arm-none-eabi/10.3.1/../../../../arm-none-eabi/lib/thumb/v6-m/nofp\libc.a(lib_a-impure.o)
 .data.__malloc_av_
                0x20000918      0x408 c:/progra~1/raspbe~1/picosd~1.1/gcc-ar~1/bin/../lib/gcc/arm-none-eabi/10.3.1/../../../../arm-none-eabi/lib/thumb/v6-m/nofp\libc.a(lib_a-mallocr.o)
                0x20000918                __malloc_av_
 .data.__malloc_sbrk_base
                0x20000d20        0x4 c:/progra~1/raspbe~1/picosd~1.1/gcc-ar~1/bin/../lib/gcc/arm-none-eabi/10.3.1/../../../../arm-none-eabi/lib/thumb/v6-m/nofp\libc.a(lib_a-mallocr.o)
                0x20000d20                __malloc_sbrk_base
 .data.__malloc_trim_threshold
                0x20000d24        0x4 c:/progra~1/raspbe~1/picosd~1.1/gcc-ar~1/bin/../lib/gcc/arm-none-eabi/10.3.1/../../../../arm-none-eabi/lib/thumb/v6-m/nofp\libc.a(lib_a-mallocr.o)
                0x20000d24                __malloc_trim_threshold
                0x20000d28                . = ALIGN (0x4)
 *(.after_data.*)
                0x20000d28                . = ALIGN (0x4)
                0x20000d28                PROVIDE (__mutex_array_start = .)
 *(SORT_BY_NAME(.mutex_array.*))
 *(.mutex_array)
 .mutex_array   0x20000d28        0x8 CMakeFiles/picopad-gb.dir/C_/Program_Files/Raspberry_Pi/Pico_SDK_v1.5.1/pico-sdk/src/rp2_common/pico_malloc/pico_malloc.c.obj
 .mutex_array   0x20000d30        0x8 CMakeFiles/picopad-gb.dir/C_/Program_Files/Raspberry_Pi/Pico_SDK_v1.5.1/pico-sdk/src/rp2_common/pico_stdio/stdio.c.obj
                0x20000d38                PROVIDE (__mutex_array_end = .)
                0x20000d38                . = ALIGN (0x4)
                0x20000d38                PROVIDE (__preinit_array_start = .)
 *(SORT_BY_NAME(.preinit_array.*))
 .preinit_array.00001
                0x20000d38        0x4 CMakeFiles/picopad-gb.dir/C_/Program_Files/Raspberry_Pi/Pico_SDK_v1.5.1/pico-sdk/src/rp2_common/pico_mem_ops/mem_ops_aeabi.S.obj
 .preinit_array.00010
                0x20000d3c        0x4 CMakeFiles/picopad-gb.dir/C_/Program_Files/Raspberry_Pi/Pico_SDK_v1.5.1/pico-sdk/src/rp2_common/pico_bit_ops/bit_ops_aeabi.S.obj
 .preinit_array.00020
                0x20000d40        0x4 CMakeFiles/picopad-gb.dir/C_/Program_Files/Raspberry_Pi/Pico_SDK_v1.5.1/pico-sdk/src/rp2_common/pico_double/double_aeabi.S.obj
 .preinit_array.00020
                0x20000d44        0x4 CMakeFiles/picopad-gb.dir/C_/Program_Files/Raspberry_Pi/Pico_SDK_v1.5.1/pico-sdk/src/rp2_common/pico_float/float_aeabi.S.obj
 *(.preinit_array)
                0x20000d48                PROVIDE (__preinit_array_end = .)
                0x20000d48                . = ALIGN (0x4)
                0x20000d48                PROVIDE (__init_array_start = .)
 *(SORT_BY_NAME(.init_array.*))
 *(.init_array)
 .init_array    0x20000d48        0x4 c:/progra~1/raspbe~1/picosd~1.1/gcc-ar~1/bin/../lib/gcc/arm-none-eabi/10.3.1/thumb/v6-m/nofp/crtbegin.o
 .init_array    0x20000d4c        0x4 CMakeFiles/picopad-gb.dir/C_/Program_Files/Raspberry_Pi/Pico_SDK_v1.5.1/pico-sdk/src/rp2_common/pico_unique_id/unique_id.c.obj
 .init_array    0x20000d50        0x4 CMakeFiles/picopad-gb.dir/ae783cfadb10a0055c655bcf0b179659/pico-sdk/src/rp2_common/cmsis/stub/CMSIS/Device/RaspberryPi/RP2040/Source/system_RP2040.c.obj
                0x20000d54                PROVIDE (__init_array_end = .)
                0x20000d54                . = ALIGN (0x4)
                [!provide]                PROVIDE (__fini_array_start = .)
 *(SORT_BY_NAME(.fini_array.*))
 *(.fini_array)
                [!provide]                PROVIDE (__fini_array_end = .)
 *(.jcr)
                0x20000d54                . = ALIGN (0x4)
                0x20000d54                __data_end__ = .

.igot.plt       0x20000d54        0x0 load address 0x10041ec8
 .igot.plt      0x20000d54        0x0 c:/progra~1/raspbe~1/picosd~1.1/gcc-ar~1/bin/../lib/gcc/arm-none-eabi/10.3.1/thumb/v6-m/nofp/crtbegin.o

.uninitialized_data
                0x20000d58       0x20 load address 0x10041ec8
                0x20000d58                . = ALIGN (0x4)
 *(.uninitialized_data*)
 .uninitialized_data.ram_hash
                0x20000d58        0x8 CMakeFiles/picopad-gb.dir/C_/Program_Files/Raspberry_Pi/Pico_SDK_v1.5.1/pico-sdk/src/rp2_common/pico_rand/rand.c.obj
 .uninitialized_data.rng_state
                0x20000d60       0x10 CMakeFiles/picopad-gb.dir/C_/Program_Files/Raspberry_Pi/Pico_SDK_v1.5.1/pico-sdk/src/rp2_common/pico_rand/rand.c.obj
 .uninitialized_data.rosc_samples
                0x20000d70        0x8 CMakeFiles/picopad-gb.dir/C_/Program_Files/Raspberry_Pi/Pico_SDK_v1.5.1/pico-sdk/src/rp2_common/pico_rand/rand.c.obj

.scratch_x      0x20040000        0x0 load address 0x10041ee8
                0x20040000                __scratch_x_start__ = .
 *(.scratch_x.*)
                0x20040000                . = ALIGN (0x4)
                0x20040000                __scratch_x_end__ = .
                0x10041ee8                __scratch_x_source__ = LOADADDR (.scratch_x)

.scratch_y      0x20041040        0x0 load address 0x10041ee8
                0x20041040                __scratch_y_start__ = .
 *(.scratch_y.*)
                0x20041040                . = ALIGN (0x4)
                0x20041040                __scratch_y_end__ = .
                0x10041ee8                __scratch_y_source__ = LOADADDR (.scratch_y)

.bss            0x20000d78    0x3e8a0
                0x20000d78                . = ALIGN (0x4)
                0x20000d78                __bss_start__ = .
 *(SORT_BY_ALIGNMENT(SORT_BY_NAME(.bss*)))
 .bss.RandSeed  0x20000d78       0x10 CMakeFiles/picopad-gb.dir/C_/Workspace/Programming/picopad-base/src/common/libs/lib_rand.c.obj
                0x20000d78                RandSeed
 .bss.default_alarm_pool_entries
                0x20000d88      0x100 CMakeFiles/picopad-gb.dir/C_/Program_Files/Raspberry_Pi/Pico_SDK_v1.5.1/pico-sdk/src/common/pico_time/time.c.obj
 .bss.next_sample_time.0
                0x20000e88        0x8 CMakeFiles/picopad-gb.dir/C_/Program_Files/Raspberry_Pi/Pico_SDK_v1.5.1/pico-sdk/src/rp2_common/pico_rand/rand.c.obj
 .bss.sd_table  0x20000e90      0x100 CMakeFiles/picopad-gb.dir/C_/Program_Files/Raspberry_Pi/Pico_SDK_v1.5.1/pico-sdk/src/rp2_common/pico_double/double_init_rom.c.obj
                0x20000e90                sd_table
 .bss.sf_table  0x20000f90      0x100 CMakeFiles/picopad-gb.dir/C_/Program_Files/Raspberry_Pi/Pico_SDK_v1.5.1/pico-sdk/src/rp2_common/pico_float/float_init_rom.c.obj
                0x20000f90                sf_table
 .bss           0x20001090       0x1c c:/progra~1/raspbe~1/picosd~1.1/gcc-ar~1/bin/../lib/gcc/arm-none-eabi/10.3.1/thumb/v6-m/nofp/crtbegin.o
 .bss.ClustFree
                0x200010ac        0x4 CMakeFiles/picopad-gb.dir/C_/Workspace/Programming/picopad-base/src/common/libs/lib_fat.c.obj
                0x200010ac                ClustFree
 .bss.ClustLast
                0x200010b0        0x4 CMakeFiles/picopad-gb.dir/C_/Workspace/Programming/picopad-base/src/common/libs/lib_fat.c.obj
                0x200010b0                ClustLast
 .bss.ClustNum  0x200010b4        0x4 CMakeFiles/picopad-gb.dir/C_/Workspace/Programming/picopad-base/src/common/libs/lib_fat.c.obj
                0x200010b4                ClustNum
 .bss.ClustSize
                0x200010b8        0x4 CMakeFiles/picopad-gb.dir/C_/Workspace/Programming/picopad-base/src/common/libs/lib_fat.c.obj
                0x200010b8                ClustSize
 .bss.CurDirClust
                0x200010bc        0x4 CMakeFiles/picopad-gb.dir/C_/Workspace/Programming/picopad-base/src/common/libs/lib_fat.c.obj
                0x200010bc                CurDirClust
 .bss.CurSound  0x200010c0       0x10 CMakeFiles/picopad-gb.dir/C_/Workspace/Programming/picopad-base/src/common/libs/lib_pwmsnd.c.obj
                0x200010c0                CurSound
 .bss.DataBase  0x200010d0        0x4 CMakeFiles/picopad-gb.dir/C_/Workspace/Programming/picopad-base/src/common/libs/lib_fat.c.obj
                0x200010d0                DataBase
 .bss.DirBase   0x200010d4        0x4 CMakeFiles/picopad-gb.dir/C_/Workspace/Programming/picopad-base/src/common/libs/lib_fat.c.obj
                0x200010d4                DirBase
 .bss.DirTmp    0x200010d8       0x2c CMakeFiles/picopad-gb.dir/C_/Workspace/Programming/picopad-base/src/common/libs/lib_fat.c.obj
                0x200010d8                DirTmp
 .bss.DiskBase  0x20001104        0x4 CMakeFiles/picopad-gb.dir/C_/Workspace/Programming/picopad-base/src/common/libs/lib_fat.c.obj
                0x20001104                DiskBase
 .bss.DiskBuf   0x20001108      0x200 CMakeFiles/picopad-gb.dir/C_/Workspace/Programming/picopad-base/src/common/libs/lib_fat.c.obj
                0x20001108                DiskBuf
 .bss.DiskSerial
                0x20001308        0x4 CMakeFiles/picopad-gb.dir/C_/Workspace/Programming/picopad-base/src/common/libs/lib_fat.c.obj
                0x20001308                DiskSerial
 .bss.DiskSizeSect
                0x2000130c        0x4 CMakeFiles/picopad-gb.dir/C_/Workspace/Programming/picopad-base/src/common/libs/lib_fat.c.obj
                0x2000130c                DiskSizeSect
 .bss.DispDirtyX1
                0x20001310        0x4 CMakeFiles/picopad-gb.dir/C_/Workspace/Programming/picopad-base/src/common/st7789/st7789.c.obj
                0x20001310                DispDirtyX1
 .bss.DispDirtyX2
                0x20001314        0x4 CMakeFiles/picopad-gb.dir/C_/Workspace/Programming/picopad-base/src/common/st7789/st7789.c.obj
                0x20001314                DispDirtyX2
 .bss.DispDirtyY1
                0x20001318        0x4 CMakeFiles/picopad-gb.dir/C_/Workspace/Programming/picopad-base/src/common/st7789/st7789.c.obj
                0x20001318                DispDirtyY1
 .bss.DispDirtyY2
                0x2000131c        0x4 CMakeFiles/picopad-gb.dir/C_/Workspace/Programming/picopad-base/src/common/st7789/st7789.c.obj
                0x2000131c                DispDirtyY2
 .bss.FatBase   0x20001320        0x4 CMakeFiles/picopad-gb.dir/C_/Workspace/Programming/picopad-base/src/common/libs/lib_fat.c.obj
                0x20001320                FatBase
 .bss.FatEntry  0x20001324        0x4 CMakeFiles/picopad-gb.dir/C_/Workspace/Programming/picopad-base/src/common/libs/lib_fat.c.obj
                0x20001324                FatEntry
 .bss.FatSizeSect
                0x20001328        0x4 CMakeFiles/picopad-gb.dir/C_/Workspace/Programming/picopad-base/src/common/libs/lib_fat.c.obj
                0x20001328                FatSizeSect
 .bss.FrameBuf  0x2000132c    0x25800 CMakeFiles/picopad-gb.dir/C_/Workspace/Programming/picopad-base/src/common/st7789/st7789.c.obj
                0x2000132c                FrameBuf
 .bss.KeyPressMap
                0x20026b2c        0x8 CMakeFiles/picopad-gb.dir/C_/Workspace/Programming/picopad-base/src/common/machine/picopad_key.c.obj
                0x20026b2c                KeyPressMap
 .bss.MemFreeList
                0x20026b34        0xc CMakeFiles/picopad-gb.dir/C_/Workspace/Programming/picopad-base/src/common/libs/lib_mem.c.obj
                0x20026b34                MemFreeList
 .bss.MemFreeSize
                0x20026b40        0x4 CMakeFiles/picopad-gb.dir/C_/Workspace/Programming/picopad-base/src/common/libs/lib_mem.c.obj
                0x20026b40                MemFreeSize
 .bss.MemUsedNum
                0x20026b44        0x4 CMakeFiles/picopad-gb.dir/C_/Workspace/Programming/picopad-base/src/common/libs/lib_mem.c.obj
                0x20026b44                MemUsedNum
 .bss.MemUsedSize
                0x20026b48        0x4 CMakeFiles/picopad-gb.dir/C_/Workspace/Programming/picopad-base/src/common/libs/lib_mem.c.obj
                0x20026b48                MemUsedSize
 .bss.NextSound
                0x20026b4c       0x10 CMakeFiles/picopad-gb.dir/C_/Workspace/Programming/picopad-base/src/common/libs/lib_pwmsnd.c.obj
                0x20026b4c                NextSound
 .bss.NextSoundCnt
                0x20026b5c       0x10 CMakeFiles/picopad-gb.dir/C_/Workspace/Programming/picopad-base/src/common/libs/lib_pwmsnd.c.obj
                0x20026b5c                NextSoundCnt
 .bss.ROMFile   0x20026b6c       0x2c CMakeFiles/picopad-gb.dir/src/main.cpp.obj
                0x20026b6c                ROMFile
 .bss.SaveFile  0x20026b98       0x2c CMakeFiles/picopad-gb.dir/src/main.cpp.obj
                0x20026b98                SaveFile
 .bss.SoundAcc  0x20026bc4       0x10 CMakeFiles/picopad-gb.dir/C_/Workspace/Programming/picopad-base/src/common/libs/lib_pwmsnd.c.obj
                0x20026bc4                SoundAcc
 .bss.SoundCnt  0x20026bd4       0x10 CMakeFiles/picopad-gb.dir/C_/Workspace/Programming/picopad-base/src/common/libs/lib_pwmsnd.c.obj
                0x20026bd4                SoundCnt
 .bss.SoundInc  0x20026be4       0x10 CMakeFiles/picopad-gb.dir/C_/Workspace/Programming/picopad-base/src/common/libs/lib_pwmsnd.c.obj
                0x20026be4                SoundInc
 .bss.SoundVol  0x20026bf4       0x10 CMakeFiles/picopad-gb.dir/C_/Workspace/Programming/picopad-base/src/common/libs/lib_pwmsnd.c.obj
                0x20026bf4                SoundVol
 .bss.SystemCoreClock
                0x20026c04        0x4 CMakeFiles/picopad-gb.dir/ae783cfadb10a0055c655bcf0b179659/pico-sdk/src/rp2_common/cmsis/stub/CMSIS/Device/RaspberryPi/RP2040/Source/system_RP2040.c.obj
                0x20026c04                SystemCoreClock
 .bss._ZL11RomBankLast
                0x20026c08        0x4 CMakeFiles/picopad-gb.dir/src/main.cpp.obj
 .bss._ZL11pixelBuffer
                0x20026c0c       0xa0 CMakeFiles/picopad-gb.dir/src/main.cpp.obj
 .bss._ZL13lcdLineStatus
                0x20026cac        0x4 CMakeFiles/picopad-gb.dir/src/main.cpp.obj
 .bss._ZL7gameRam
                0x20026cb0     0x8000 CMakeFiles/picopad-gb.dir/src/main.cpp.obj
 .bss._ZL8romBank0
                0x2002ecb0     0x4000 CMakeFiles/picopad-gb.dir/src/main.cpp.obj
 .bss._ZL9gbContext
                0x20032cb0     0xc320 CMakeFiles/picopad-gb.dir/src/main.cpp.obj
 .bss._ZZ13core1DrawLinejE2fb
                0x2003efd0      0x280 CMakeFiles/picopad-gb.dir/src/main.cpp.obj
                0x2003efd0                core1DrawLine(unsigned int)::fb
 .bss.__lock___malloc_recursive_mutex
                0x2003f250        0x1 c:/progra~1/raspbe~1/picosd~1.1/gcc-ar~1/bin/../lib/gcc/arm-none-eabi/10.3.1/../../../../arm-none-eabi/lib/thumb/v6-m/nofp\libc.a(lib_a-lock.o)
                0x2003f250                __lock___malloc_recursive_mutex
 *fill*         0x2003f251        0x3 
 .bss.__malloc_current_mallinfo