Archive member included to satisfy reference by file (symbol)

c:/progra~1/raspbe~1/picosd~1.1/gcc-ar~1/bin/../lib/gcc/arm-none-eabi/10.3.1/thumb/v6-m/nofp\libgcc.a(_thumb1_case_uqi.o)
                              CMakeFiles/pico-bootloader.dir/src/main.cpp.obj (__gnu_thumb1_case_uqi)
c:/progra~1/raspbe~1/picosd~1.1/gcc-ar~1/bin/../lib/gcc/arm-none-eabi/10.3.1/thumb/v6-m/nofp\libgcc.a(_thumb1_case_shi.o)
                              CMakeFiles/pico-bootloader.dir/file-manager/src/file_manager.cpp.obj (__gnu_thumb1_case_shi)
c:/progra~1/raspbe~1/picosd~1.1/gcc-ar~1/bin/../lib/gcc/arm-none-eabi/10.3.1/thumb/v6-m/nofp\libgcc.a(_thumb1_case_uhi.o)
                              CMakeFiles/pico-bootloader.dir/file-manager/src/file_manager.cpp.obj (__gnu_thumb1_case_uhi)
c:/progra~1/raspbe~1/picosd~1.1/gcc-ar~1/bin/../lib/gcc/arm-none-eabi/10.3.1/thumb/v6-m/nofp\libgcc.a(_dvmd_tls.o)
                              CMakeFiles/pico-bootloader.dir/C_/Program_Files/Raspberry_Pi/Pico_SDK_v1.5.1/pico-sdk/src/rp2_common/pico_divider/divider.S.obj (__aeabi_idiv0)
c:/progra~1/raspbe~1/picosd~1.1/gcc-ar~1/bin/../lib/gcc/arm-none-eabi/10.3.1/thumb/v6-m/nofp\libgcc.a(_lshrdi3.o)
                              CMakeFiles/pico-bootloader.dir/C_/Program_Files/Raspberry_Pi/Pico_SDK_v1.5.1/pico-sdk/src/rp2_common/pico_double/double_math.c.obj (__aeabi_llsr)
c:/progra~1/raspbe~1/picosd~1.1/gcc-ar~1/bin/../lib/gcc/arm-none-eabi/10.3.1/thumb/v6-m/nofp\libgcc.a(_ashrdi3.o)
                              CMakeFiles/pico-bootloader.dir/C_/Workspace/Programming/picopad-base/src/common/libs/lib_rand.c.obj (__aeabi_lasr)
c:/progra~1/raspbe~1/picosd~1.1/gcc-ar~1/bin/../lib/gcc/arm-none-eabi/10.3.1/thumb/v6-m/nofp\libgcc.a(_ashldi3.o)
                              CMakeFiles/pico-bootloader.dir/C_/Program_Files/Raspberry_Pi/Pico_SDK_v1.5.1/pico-sdk/src/rp2_common/pico_double/double_math.c.obj (__aeabi_llsl)
c:/progra~1/raspbe~1/picosd~1.1/gcc-ar~1/bin/../lib/gcc/arm-none-eabi/10.3.1/../../../../arm-none-eabi/lib/thumb/v6-m/nofp\libc.a(lib_a-calloc.o)
                              CMakeFiles/pico-bootloader.dir/C_/Program_Files/Raspberry_Pi/Pico_SDK_v1.5.1/pico-sdk/src/rp2_common/pico_malloc/pico_malloc.c.obj (calloc)
c:/progra~1/raspbe~1/picosd~1.1/gcc-ar~1/bin/../lib/gcc/arm-none-eabi/10.3.1/../../../../arm-none-eabi/lib/thumb/v6-m/nofp\libc.a(lib_a-callocr.o)
                              c:/progra~1/raspbe~1/picosd~1.1/gcc-ar~1/bin/../lib/gcc/arm-none-eabi/10.3.1/../../../../arm-none-eabi/lib/thumb/v6-m/nofp\libc.a(lib_a-calloc.o) (_calloc_r)
c:/progra~1/raspbe~1/picosd~1.1/gcc-ar~1/bin/../lib/gcc/arm-none-eabi/10.3.1/../../../../arm-none-eabi/lib/thumb/v6-m/nofp\libc.a(lib_a-errno.o)
                              c:/progra~1/raspbe~1/picosd~1.1/gcc-ar~1/bin/../lib/gcc/arm-none-eabi/10.3.1/../../../../arm-none-eabi/lib/thumb/v6-m/nofp\libc.a(lib_a-callocr.o) (__errno)
c:/progra~1/raspbe~1/picosd~1.1/gcc-ar~1/bin/../lib/gcc/arm-none-eabi/10.3.1/../../../../arm-none-eabi/lib/thumb/v6-m/nofp\libc.a(lib_a-impure.o)
                              c:/progra~1/raspbe~1/picosd~1.1/gcc-ar~1/bin/../lib/gcc/arm-none-eabi/10.3.1/../../../../arm-none-eabi/lib/thumb/v6-m/nofp\libc.a(lib_a-calloc.o) (_impure_ptr)
c:/progra~1/raspbe~1/picosd~1.1/gcc-ar~1/bin/../lib/gcc/arm-none-eabi/10.3.1/../../../../arm-none-eabi/lib/thumb/v6-m/nofp\libc.a(lib_a-init.o)
                              c:/progra~1/raspbe~1/picosd~1.1/gcc-ar~1/bin/../lib/gcc/arm-none-eabi/10.3.1/../../../../arm-none-eabi/lib/thumb/v6-m/nofp/crt0.o (__libc_init_array)
c:/progra~1/raspbe~1/picosd~1.1/gcc-ar~1/bin/../lib/gcc/arm-none-eabi/10.3.1/../../../../arm-none-eabi/lib/thumb/v6-m/nofp\libc.a(lib_a-malloc.o)
                              CMakeFiles/pico-bootloader.dir/C_/Program_Files/Raspberry_Pi/Pico_SDK_v1.5.1/pico-sdk/src/rp2_common/pico_malloc/pico_malloc.c.obj (malloc)
c:/progra~1/raspbe~1/picosd~1.1/gcc-ar~1/bin/../lib/gcc/arm-none-eabi/10.3.1/../../../../arm-none-eabi/lib/thumb/v6-m/nofp\libc.a(lib_a-mallocr.o)
                              c:/progra~1/raspbe~1/picosd~1.1/gcc-ar~1/bin/../lib/gcc/arm-none-eabi/10.3.1/../../../../arm-none-eabi/lib/thumb/v6-m/nofp\libc.a(lib_a-callocr.o) (_malloc_r)
c:/progra~1/raspbe~1/picosd~1.1/gcc-ar~1/bin/../lib/gcc/arm-none-eabi/10.3.1/../../../../arm-none-eabi/lib/thumb/v6-m/nofp\libc.a(lib_a-memcmp.o)
                              CMakeFiles/pico-bootloader.dir/file-manager/src/file_manager.cpp.obj (memcmp)
c:/progra~1/raspbe~1/picosd~1.1/gcc-ar~1/bin/../lib/gcc/arm-none-eabi/10.3.1/../../../../arm-none-eabi/lib/thumb/v6-m/nofp\libc.a(lib_a-memmove.o)
                              CMakeFiles/pico-bootloader.dir/C_/Workspace/Programming/picopad-base/src/common/libs/lib_fat.c.obj (memmove)
c:/progra~1/raspbe~1/picosd~1.1/gcc-ar~1/bin/../lib/gcc/arm-none-eabi/10.3.1/../../../../arm-none-eabi/lib/thumb/v6-m/nofp\libc.a(lib_a-mlock.o)
[...]
Memory Configuration

Name             Origin             Length             Attributes
FLASH            0x10000000         0x00030000         xr
RAM              0x20000000         0x00040000         xrw
SCRATCH_X        0x20040000         0x00001000         xrw
BOOTRAM          0x20041000         0x00000020         xrw
CONFIGRAM        0x20041020         0x00000020         xrw
SCRATCH_Y        0x20041040         0x00000fc0         xrw
*default*        0x00000000         0xffffffff

Linker script and memory map

LOAD c:/progra~1/raspbe~1/picosd~1.1/gcc-ar~1/bin/../lib/gcc/arm-none-eabi/10.3.1/thumb/v6-m/nofp/crti.o
LOAD c:/progra~1/raspbe~1/picosd~1.1/gcc-ar~1/bin/../lib/gcc/arm-none-eabi/10.3.1/thumb/v6-m/nofp/crtbegin.o
LOAD c:/progra~1/raspbe~1/picosd~1.1/gcc-ar~1/bin/../lib/gcc/arm-none-eabi/10.3.1/../../../../arm-none-eabi/lib/thumb/v6-m/nofp/crt0.o

.flash_begin    0x10000000        0x0
                0x10000000                __flash_binary_start = .

.boot2          0x10000000      0x100
                0x10000000                __boot2_start__ = .
 *(.boot2)
 .boot2         0x10000000      0x100 C:\Users\LAE7C1~1\AppData\Local\Temp\ccayBs57.o
                0x10000100                __boot2_end__ = .
                0x00000001                ASSERT (((__boot2_end__ - __boot2_start__) == 0x100), ERROR: Pico second stage bootloader must be 256 bytes in size)

.text           0x10000100     0x8728
                0x10000100                __logical_binary_start = .
 *(.vectors)
 .vectors       0x10000100       0xd4 CMakeFiles/pico-bootloader.dir/C_/Program_Files/Raspberry_Pi/Pico_SDK_v1.5.1/pico-sdk/src/rp2_common/pico_standard_link/crt0.S.obj
                0x10000100                __vectors
                0x10000100                __VECTOR_TABLE
                0x100001c0                isr_invalid
                0x100001c0                __default_isrs_start
                0x100001c2                NMI_Handler
                0x100001c4                HardFault_Handler
                0x100001c6                SVC_Handler
                0x100001c8                PendSV_Handler
                0x100001ca                SysTick_Handler
                0x100001cc                IO_IRQ_BANK0_Handler
                0x100001cc                PIO0_IRQ_0_Handler
                0x100001cc                USBCTRL_IRQ_Handler
                0x100001cc                SPI1_IRQ_Handler
                0x100001cc                isr_irq27
                0x100001cc                isr_irq31
                0x100001cc                PIO1_IRQ_1_Handler
                0x100001cc                DMA_IRQ_1_Handler
                0x100001cc                __unhandled_user_irq
                0x100001cc                SPI0_IRQ_Handler
                0x100001cc                isr_irq28
                0x100001cc                UART0_IRQ_Handler
                0x100001cc                __default_isrs_end
                0x100001cc                PIO0_IRQ_1_Handler
                0x100001cc                I2C0_IRQ_Handler
                0x100001cc                SIO_IRQ_PROC1_Handler
                0x100001cc                TIMER_IRQ_0_Handler
                0x100001cc                isr_irq30
                0x100001cc                UART1_IRQ_Handler
                0x100001cc                TIMER_IRQ_3_Handler
                0x100001cc                DMA_IRQ_0_Handler
                0x100001cc                RTC_IRQ_Handler
                0x100001cc                TIMER_IRQ_2_Handler
                0x100001cc                CLOCKS_IRQ_Handler
                0x100001cc                PIO1_IRQ_0_Handler
                0x100001cc                I2C1_IRQ_Handler
                0x100001cc                ADC_IRQ_FIFO_Handler
                0x100001cc                IO_IRQ_QSPI_Handler
                0x100001cc                SIO_IRQ_PROC0_Handler
                0x100001cc                TIMER_IRQ_1_Handler
                0x100001cc                XIP_IRQ_Handler
                0x100001cc                isr_irq29
                0x100001cc                isr_irq26
                0x100001cc                PWM_IRQ_WRAP_Handler
                0x100001d2                unhandled_user_irq_num_in_r0
 *(.binary_info_header)
 .binary_info_header
                0x100001d4       0x14 CMakeFiles/pico-bootloader.dir/C_/Program_Files/Raspberry_Pi/Pico_SDK_v1.5.1/pico-sdk/src/rp2_common/pico_standard_link/crt0.S.obj
                0x100001e8                __binary_info_header_end = .
 *(.reset)
 .reset         0x100001e8       0xa0 CMakeFiles/pico-bootloader.dir/C_/Program_Files/Raspberry_Pi/Pico_SDK_v1.5.1/pico-sdk/src/rp2_common/pico_standard_link/crt0.S.obj
                0x100001e8                _entry_point
 .reset         0x10000288       0x30 CMakeFiles/pico-bootloader.dir/C_/Program_Files/Raspberry_Pi/Pico_SDK_v1.5.1/pico-sdk/src/rp2_common/pico_standard_link/binary_info.c.obj
 *(.init)
 .init          0x100002b8        0x4 c:/progra~1/raspbe~1/picosd~1.1/gcc-ar~1/bin/../lib/gcc/arm-none-eabi/10.3.1/thumb/v6-m/nofp/crti.o
                0x100002b8                _init
 *(EXCLUDE_FILE(*libm.a: *libc.a:*lib_a-mem*.o *libgcc.a:) .text*)
 .text          0x100002bc       0x48 c:/progra~1/raspbe~1/picosd~1.1/gcc-ar~1/bin/../lib/gcc/arm-none-eabi/10.3.1/thumb/v6-m/nofp/crtbegin.o
 .text._Z8DispHomev
                0x10000304       0x14 CMakeFiles/pico-bootloader.dir/file-manager/src/file_manager.cpp.obj
                0x10000304                DispHome()
 .text._Z8DispTextPKc
                0x10000318       0x44 CMakeFiles/pico-bootloader.dir/file-manager/src/file_manager.cpp.obj
                0x10000318                DispText(char const*)
 .text._Z13DispSmallTextPKc
                0x1000035c       0x44 CMakeFiles/pico-bootloader.dir/file-manager/src/file_manager.cpp.obj
                0x1000035c                DispSmallText(char const*)
 .text._Z8DispCharc
                0x100003a0       0x14 CMakeFiles/pico-bootloader.dir/file-manager/src/file_manager.cpp.obj
                0x100003a0                DispChar(char)
 .text._Z13DispSmallCharc
                0x100003b4       0x14 CMakeFiles/pico-bootloader.dir/file-manager/src/file_manager.cpp.obj
                0x100003b4                DispSmallChar(char)
 .text._Z7DispSpcv
                0x100003c8        0xa CMakeFiles/pico-bootloader.dir/file-manager/src/file_manager.cpp.obj
                0x100003c8                DispSpc()
 .text._Z11DispCharRepci
                0x100003d2       0x16 CMakeFiles/pico-bootloader.dir/file-manager/src/file_manager.cpp.obj
                0x100003d2                DispCharRep(char, int)
 .text._Z10DispSpcRepi
                0x100003e8       0x12 CMakeFiles/pico-bootloader.dir/file-manager/src/file_manager.cpp.obj
                0x100003e8                DispSpcRep(int)
 *fill*         0x100003fa        0x2 
 .text._Z12SaveBootDatav
                0x100003fc       0x90 CMakeFiles/pico-bootloader.dir/file-manager/src/file_manager.cpp.obj
                0x100003fc                SaveBootData()
 .text._Z12LoadBootDatav
                0x1000048c       0x9c CMakeFiles/pico-bootloader.dir/file-manager/src/file_manager.cpp.obj
                0x1000048c                LoadBootData()
 .text._Z13FrameFileListv
                0x10000528       0x94 CMakeFiles/pico-bootloader.dir/file-manager/src/file_manager.cpp.obj
                0x10000528                FrameFileList()
 .text._Z12PathFileListv
                0x100005bc       0xa4 CMakeFiles/pico-bootloader.dir/file-manager/src/file_manager.cpp.obj
                0x100005bc                PathFileList()
 .text._Z11InxFileListv
                0x10000660       0xa8 CMakeFiles/pico-bootloader.dir/file-manager/src/file_manager.cpp.obj
                0x10000660                InxFileList()
 .text._Z12DispFileListv
                0x10000708      0x114 CMakeFiles/pico-bootloader.dir/file-manager/src/file_manager.cpp.obj
                0x10000708                DispFileList()
 .text._Z12LoadFileListv
                0x1000081c      0x298 CMakeFiles/pico-bootloader.dir/file-manager/src/file_manager.cpp.obj
                0x1000081c                LoadFileList()
 .text._Z6Reloadv
                0x10000ab4       0x3c CMakeFiles/pico-bootloader.dir/file-manager/src/file_manager.cpp.obj
                0x10000ab4                Reload()
 .text._Z9ResetRootv
                0x10000af0       0x20 CMakeFiles/pico-bootloader.dir/file-manager/src/file_manager.cpp.obj
                0x10000af0                ResetRoot()
 .text._Z11SetLastNamev
                0x10000b10       0x90 CMakeFiles/pico-bootloader.dir/file-manager/src/file_manager.cpp.obj
                0x10000b10                SetLastName()
 .text._Z8DispInfoPKc
                0x10000ba0       0x44 CMakeFiles/pico-bootloader.dir/file-manager/src/file_manager.cpp.obj
                0x10000ba0                DispInfo(char const*)
 .text._Z8PrevCharv
                0x10000be4       0x60 CMakeFiles/pico-bootloader.dir/file-manager/src/file_manager.cpp.obj
                0x10000be4                PrevChar()
 .text._Z10PrevCharCRv
                0x10000c44        0xc CMakeFiles/pico-bootloader.dir/file-manager/src/file_manager.cpp.obj
                0x10000c44                PrevCharCR()
 .text._Z10PreviewClrv
                0x10000c50       0x12 CMakeFiles/pico-bootloader.dir/file-manager/src/file_manager.cpp.obj
                0x10000c50                PreviewClr()
 *fill*         0x10000c62        0x2 
 .text._Z7Previewv
                0x10000c64      0x364 CMakeFiles/pico-bootloader.dir/file-manager/src/file_manager.cpp.obj
                0x10000c64                Preview()
 .text._Z8Progressiit
                0x10000fc8       0x50 CMakeFiles/pico-bootloader.dir/file-manager/src/file_manager.cpp.obj
                0x10000fc8                Progress(int, int, unsigned short)
 .text._Z11DispBigInfoPKc
                0x10001018       0x34 CMakeFiles/pico-bootloader.dir/file-manager/src/file_manager.cpp.obj
                0x10001018                DispBigInfo(char const*)
 .text._Z8ClearAppi
                0x1000104c       0x90 CMakeFiles/pico-bootloader.dir/file-manager/src/file_manager.cpp.obj
                0x1000104c                ClearApp(int)
 .text._Z10DispBigErrPKc
                0x100010dc       0x5c CMakeFiles/pico-bootloader.dir/file-manager/src/file_manager.cpp.obj
                0x100010dc                DispBigErr(char const*)
 .text._Z17show_file_managerv
                0x10001138      0x3f4 CMakeFiles/pico-bootloader.dir/file-manager/src/file_manager.cpp.obj
                0x10001138                show_file_manager()
 .text._Z12battery_infov
                0x1000152c      0x188 CMakeFiles/pico-bootloader.dir/src/system_info.cpp.obj
                0x1000152c                battery_info()
 .text._Z11system_infov
                0x100016b4      0x218 CMakeFiles/pico-bootloader.dir/src/system_info.cpp.obj
                0x100016b4                system_info()
 .text._Z16show_system_infov
                0x100018cc       0x30 CMakeFiles/pico-bootloader.dir/src/system_info.cpp.obj
                0x100018cc                show_system_info()
 .text._ZL9handle_gom.constprop.0
                0x100018fc       0x54 CMakeFiles/pico-bootloader.dir/src/main.cpp.obj
 .text._Z19update_battery_infov
                0x10001950       0x84 CMakeFiles/pico-bootloader.dir/src/main.cpp.obj
                0x10001950                update_battery_info()
 .text._Z8show_bariiii
                0x100019d4       0x84 CMakeFiles/pico-bootloader.dir/src/main.cpp.obj
                0x100019d4                show_bar(int, int, int, int)
 .text.startup.main
                0x10001a58      0x240 CMakeFiles/pico-bootloader.dir/src/main.cpp.obj
                0x10001a58                main
 .text.gpio_set_function
                0x10001c98       0x2c CMakeFiles/pico-bootloader.dir/C_/Program_Files/Raspberry_Pi/Pico_SDK_v1.5.1/pico-sdk/src/rp2_common/hardware_gpio/gpio.c.obj
                0x10001c98                gpio_set_function
 .text.gpio_set_pulls
                0x10001cc4       0x2c CMakeFiles/pico-bootloader.dir/C_/Program_Files/Raspberry_Pi/Pico_SDK_v1.5.1/pico-sdk/src/rp2_common/hardware_gpio/gpio.c.obj
                0x10001cc4                gpio_set_pulls
 .text.gpio_set_outover
                0x10001cf0       0x20 CMakeFiles/pico-bootloader.dir/C_/Program_Files/Raspberry_Pi/Pico_SDK_v1.5.1/pico-sdk/src/rp2_common/hardware_gpio/gpio.c.obj
                0x10001cf0                gpio_set_outover
 .text.gpio_set_input_enabled
                0x10001d10       0x1c CMakeFiles/pico-bootloader.dir/C_/Program_Files/Raspberry_Pi/Pico_SDK_v1.5.1/pico-sdk/src/rp2_common/hardware_gpio/gpio.c.obj
                0x10001d10                gpio_set_input_enabled
 .text.gpio_init
                0x10001d2c       0x16 CMakeFiles/pico-bootloader.dir/C_/Program_Files/Raspberry_Pi/Pico_SDK_v1.5.1/pico-sdk/src/rp2_common/hardware_gpio/gpio.c.obj
                0x10001d2c                gpio_init
 .text.gpio_deinit
                0x10001d42        0xa CMakeFiles/pico-bootloader.dir/C_/Program_Files/Raspberry_Pi/Pico_SDK_v1.5.1/pico-sdk/src/rp2_common/hardware_gpio/gpio.c.obj
                0x10001d42                gpio_deinit
 .text.running_on_fpga
                0x10001d4c       0x10 CMakeFiles/pico-bootloader.dir/C_/Program_Files/Raspberry_Pi/Pico_SDK_v1.5.1/pico-sdk/src/rp2_common/pico_platform/platform.c.obj
                0x10001d4c                running_on_fpga
 .text.rp2040_chip_version
                0x10001d5c        0xa CMakeFiles/pico-bootloader.dir/C_/Program_Files/Raspberry_Pi/Pico_SDK_v1.5.1/pico-sdk/src/rp2_common/pico_platform/platform.c.obj
                0x10001d5c                rp2040_chip_version
 *fill*         0x10001d66        0x2 
 .text.hw_claim_lock
                0x10001d68       0x18 CMakeFiles/pico-bootloader.dir/C_/Program_Files/Raspberry_Pi/Pico_SDK_v1.5.1/pico-sdk/src/rp2_common/hardware_claim/claim.c.obj
                0x10001d68                hw_claim_lock
 .text.hw_claim_unlock
                0x10001d80       0x14 CMakeFiles/pico-bootloader.dir/C_/Program_Files/Raspberry_Pi/Pico_SDK_v1.5.1/pico-sdk/src/rp2_common/hardware_claim/claim.c.obj
                0x10001d80                hw_claim_unlock
 .text.hw_is_claimed
                0x10001d94       0x16 CMakeFiles/pico-bootloader.dir/C_/Program_Files/Raspberry_Pi/Pico_SDK_v1.5.1/pico-sdk/src/rp2_common/hardware_claim/claim.c.obj
                0x10001d94                hw_is_claimed
 .text.hw_claim_or_assert
                0x10001daa       0x3a CMakeFiles/pico-bootloader.dir/C_/Program_Files/Raspberry_Pi/Pico_SDK_v1.5.1/pico-sdk/src/rp2_common/hardware_claim/claim.c.obj
                0x10001daa                hw_claim_or_assert
 .text.hw_claim_unused_from_range
                0x10001de4       0x54 CMakeFiles/pico-bootloader.dir/C_/Program_Files/Raspberry_Pi/Pico_SDK_v1.5.1/pico-sdk/src/rp2_common/hardware_claim/claim.c.obj
                0x10001de4                hw_claim_unused_from_range
 .text.hw_claim_clear
                0x10001e38       0x20 CMakeFiles/pico-bootloader.dir/C_/Program_Files/Raspberry_Pi/Pico_SDK_v1.5.1/pico-sdk/src/rp2_common/hardware_claim/claim.c.obj
                0x10001e38                hw_claim_clear
 .text.spin_locks_reset
                0x10001e58       0x1c CMakeFiles/pico-bootloader.dir/C_/Program_Files/Raspberry_Pi/Pico_SDK_v1.5.1/pico-sdk/src/rp2_common/hardware_sync/sync.c.obj
                0x10001e58                spin_locks_reset
 .text.next_striped_spin_lock_num
                0x10001e74       0x18 CMakeFiles/pico-bootloader.dir/C_/Program_Files/Raspberry_Pi/Pico_SDK_v1.5.1/pico-sdk/src/rp2_common/hardware_sync/sync.c.obj
                0x10001e74                next_striped_spin_lock_num
 .text.spin_lock_unclaim
                0x10001e8c       0x24 CMakeFiles/pico-bootloader.dir/C_/Program_Files/Raspberry_Pi/Pico_SDK_v1.5.1/pico-sdk/src/rp2_common/hardware_sync/sync.c.obj
                0x10001e8c                spin_lock_unclaim
 .text.set_raw_irq_handler_and_unlock
                0x10001eb0       0x28 CMakeFiles/pico-bootloader.dir/C_/Program_Files/Raspberry_Pi/Pico_SDK_v1.5.1/pico-sdk/src/rp2_common/hardware_irq/irq.c.obj
 .text.irq_is_enabled
                0x10001ed8       0x18 CMakeFiles/pico-bootloader.dir/C_/Program_Files/Raspberry_Pi/Pico_SDK_v1.5.1/pico-sdk/src/rp2_common/hardware_irq/irq.c.obj
                0x10001ed8                irq_is_enabled
 .text.irq_set_mask_enabled
                0x10001ef0       0x20 CMakeFiles/pico-bootloader.dir/C_/Program_Files/Raspberry_Pi/Pico_SDK_v1.5.1/pico-sdk/src/rp2_common/hardware_irq/irq.c.obj
                0x10001ef0                irq_set_mask_enabled
 .text.irq_set_enabled
                0x10001f10        0xe CMakeFiles/pico-bootloader.dir/C_/Program_Files/Raspberry_Pi/Pico_SDK_v1.5.1/pico-sdk/src/rp2_common/hardware_irq/irq.c.obj
                0x10001f10                irq_set_enabled
 *fill*         0x10001f1e        0x2 
 .text.irq_get_vtable_handler
                0x10001f20       0x10 CMakeFiles/pico-bootloader.dir/C_/Program_Files/Raspberry_Pi/Pico_SDK_v1.5.1/pico-sdk/src/rp2_common/hardware_irq/irq.c.obj
                0x10001f20                irq_get_vtable_handler
 .text.irq_set_exclusive_handler
                0x10001f30       0x40 CMakeFiles/pico-bootloader.dir/C_/Program_Files/Raspberry_Pi/Pico_SDK_v1.5.1/pico-sdk/src/rp2_common/hardware_irq/irq.c.obj
                0x10001f30                irq_set_exclusive_handler
 .text.irq_remove_handler
                0x10001f70      0x164 CMakeFiles/pico-bootloader.dir/C_/Program_Files/Raspberry_Pi/Pico_SDK_v1.5.1/pico-sdk/src/rp2_common/hardware_irq/irq.c.obj
                0x10001f70                irq_remove_handler
 .text.irq_add_tail_to_free_list
                0x100020d4       0xa0 CMakeFiles/pico-bootloader.dir/C_/Program_Files/Raspberry_Pi/Pico_SDK_v1.5.1/pico-sdk/src/rp2_common/hardware_irq/irq.c.obj
                0x100020d4                irq_add_tail_to_free_list
 .text.irq_init_priorities
                0x10002174       0x24 CMakeFiles/pico-bootloader.dir/C_/Program_Files/Raspberry_Pi/Pico_SDK_v1.5.1/pico-sdk/src/rp2_common/hardware_irq/irq.c.obj
                0x10002174                irq_init_priorities
 .text.lock_init
                0x10002198       0x10 CMakeFiles/pico-bootloader.dir/C_/Program_Files/Raspberry_Pi/Pico_SDK_v1.5.1/pico-sdk/src/common/pico_sync/lock_core.c.obj
                0x10002198                lock_init
 .text.mutex_init
                0x100021a8       0x1a CMakeFiles/pico-bootloader.dir/C_/Program_Files/Raspberry_Pi/Pico_SDK_v1.5.1/pico-sdk/src/common/pico_sync/mutex.c.obj
                0x100021a8                mutex_init
 .text.recursive_mutex_init
                0x100021c2       0x1a CMakeFiles/pico-bootloader.dir/C_/Program_Files/Raspberry_Pi/Pico_SDK_v1.5.1/pico-sdk/src/common/pico_sync/mutex.c.obj
                0x100021c2                recursive_mutex_init
 .text.time_reached
                0x100021dc       0x28 CMakeFiles/pico-bootloader.dir/C_/Program_Files/Raspberry_Pi/Pico_SDK_v1.5.1/pico-sdk/src/common/pico_time/time.c.obj
 .text.timer_pool_entry_comparator
                0x10002204       0x30 CMakeFiles/pico-bootloader.dir/C_/Program_Files/Raspberry_Pi/Pico_SDK_v1.5.1/pico-sdk/src/common/pico_time/time.c.obj
                0x10002204                timer_pool_entry_comparator
 .text.alarm_pool_post_alloc_init
                0x10002234       0x40 CMakeFiles/pico-bootloader.dir/C_/Program_Files/Raspberry_Pi/Pico_SDK_v1.5.1/pico-sdk/src/common/pico_time/time.c.obj
 .text.sleep_until_callback
                0x10002274       0x30 CMakeFiles/pico-bootloader.dir/C_/Program_Files/Raspberry_Pi/Pico_SDK_v1.5.1/pico-sdk/src/common/pico_time/time.c.obj
 .text.ph_add_child_node.isra.0
                0x100022a4       0x22 CMakeFiles/pico-bootloader.dir/C_/Program_Files/Raspberry_Pi/Pico_SDK_v1.5.1/pico-sdk/src/common/pico_time/time.c.obj
 *fill*         0x100022c6        0x2 
 .text.add_alarm_under_lock
                0x100022c8       0xc8 CMakeFiles/pico-bootloader.dir/C_/Program_Files/Raspberry_Pi/Pico_SDK_v1.5.1/pico-sdk/src/common/pico_time/time.c.obj
 .text.alarm_pool_alarm_callback
                0x10002390      0x194 CMakeFiles/pico-bootloader.dir/C_/Program_Files/Raspberry_Pi/Pico_SDK_v1.5.1/pico-sdk/src/common/pico_time/time.c.obj
 .text.alarm_pool_init_default
                0x10002524       0x3c CMakeFiles/pico-bootloader.dir/C_/Program_Files/Raspberry_Pi/Pico_SDK_v1.5.1/pico-sdk/src/common/pico_time/time.c.obj
                0x10002524                alarm_pool_init_default
 .text.alarm_pool_add_alarm_at
                0x10002560       0xcc CMakeFiles/pico-bootloader.dir/C_/Program_Files/Raspberry_Pi/Pico_SDK_v1.5.1/pico-sdk/src/common/pico_time/time.c.obj
                0x10002560                alarm_pool_add_alarm_at
 .text.alarm_pool_cancel_alarm
                0x1000262c       0x6a CMakeFiles/pico-bootloader.dir/C_/Program_Files/Raspberry_Pi/Pico_SDK_v1.5.1/pico-sdk/src/common/pico_time/time.c.obj
                0x1000262c                alarm_pool_cancel_alarm
 *fill*         0x10002696        0x2 
 .text.sleep_until
                0x10002698       0x98 CMakeFiles/pico-bootloader.dir/C_/Program_Files/Raspberry_Pi/Pico_SDK_v1.5.1/pico-sdk/src/common/pico_time/time.c.obj
                0x10002698                sleep_until
 .text.sleep_us
                0x10002730       0x24 CMakeFiles/pico-bootloader.dir/C_/Program_Files/Raspberry_Pi/Pico_SDK_v1.5.1/pico-sdk/src/common/pico_time/time.c.obj
                0x10002730                sleep_us
 .text.sleep_ms
                0x10002754       0x14 CMakeFiles/pico-bootloader.dir/C_/Program_Files/Raspberry_Pi/Pico_SDK_v1.5.1/pico-sdk/src/common/pico_time/time.c.obj
                0x10002754                sleep_ms
 .text.best_effort_wfe_or_timeout
                0x10002768       0x44 CMakeFiles/pico-bootloader.dir/C_/Program_Files/Raspberry_Pi/Pico_SDK_v1.5.1/pico-sdk/src/common/pico_time/time.c.obj
                0x10002768                best_effort_wfe_or_timeout
 .text.hardware_alarm_irq_handler
                0x100027ac       0x94 CMakeFiles/pico-bootloader.dir/C_/Program_Files/Raspberry_Pi/Pico_SDK_v1.5.1/pico-sdk/src/rp2_common/hardware_timer/timer.c.obj
 .text.hardware_alarm_claim
                0x10002840       0x18 CMakeFiles/pico-bootloader.dir/C_/Program_Files/Raspberry_Pi/Pico_SDK_v1.5.1/pico-sdk/src/rp2_common/hardware_timer/timer.c.obj
                0x10002840                hardware_alarm_claim
 .text.time_us_64
                0x10002858       0x14 CMakeFiles/pico-bootloader.dir/C_/Program_Files/Raspberry_Pi/Pico_SDK_v1.5.1/pico-sdk/src/rp2_common/hardware_timer/timer.c.obj
                0x10002858                time_us_64
 .text.busy_wait_until
                0x1000286c       0x1c CMakeFiles/pico-bootloader.dir/C_/Program_Files/Raspberry_Pi/Pico_SDK_v1.5.1/pico-sdk/src/rp2_common/hardware_timer/timer.c.obj
                0x1000286c                busy_wait_until
 .text.hardware_alarm_set_callback
                0x10002888       0x94 CMakeFiles/pico-bootloader.dir/C_/Program_Files/Raspberry_Pi/Pico_SDK_v1.5.1/pico-sdk/src/rp2_common/hardware_timer/timer.c.obj
                0x10002888                hardware_alarm_set_callback
 .text.hardware_alarm_set_target
                0x1000291c       0xbc CMakeFiles/pico-bootloader.dir/C_/Program_Files/Raspberry_Pi/Pico_SDK_v1.5.1/pico-sdk/src/rp2_common/hardware_timer/timer.c.obj
                0x1000291c                hardware_alarm_set_target
 .text.hardware_alarm_cancel
                0x100029d8       0x40 CMakeFiles/pico-bootloader.dir/C_/Program_Files/Raspberry_Pi/Pico_SDK_v1.5.1/pico-sdk/src/rp2_common/hardware_timer/timer.c.obj
                0x100029d8                hardware_alarm_cancel
 .text.ph_add_child_node.isra.0
                0x10002a18       0x22 CMakeFiles/pico-bootloader.dir/C_/Program_Files/Raspberry_Pi/Pico_SDK_v1.5.1/pico-sdk/src/common/pico_util/pheap.c.obj
 .text.ph_merge_nodes
                0x10002a3a       0x36 CMakeFiles/pico-bootloader.dir/C_/Program_Files/Raspberry_Pi/Pico_SDK_v1.5.1/pico-sdk/src/common/pico_util/pheap.c.obj
 .text.ph_clear
                0x10002a70       0x34 CMakeFiles/pico-bootloader.dir/C_/Program_Files/Raspberry_Pi/Pico_SDK_v1.5.1/pico-sdk/src/common/pico_util/pheap.c.obj
                0x10002a70                ph_clear
 .text.ph_post_alloc_init
                0x10002aa4        0xe CMakeFiles/pico-bootloader.dir/C_/Program_Files/Raspberry_Pi/Pico_SDK_v1.5.1/pico-sdk/src/common/pico_util/pheap.c.obj
                0x10002aa4                ph_post_alloc_init
 .text.ph_merge_two_pass
                0x10002ab2       0x48 CMakeFiles/pico-bootloader.dir/C_/Program_Files/Raspberry_Pi/Pico_SDK_v1.5.1/pico-sdk/src/common/pico_util/pheap.c.obj
                0x10002ab2                ph_merge_two_pass
 .text.ph_remove_any_head
                0x10002afa       0x52 CMakeFiles/pico-bootloader.dir/C_/Program_Files/Raspberry_Pi/Pico_SDK_v1.5.1/pico-sdk/src/common/pico_util/pheap.c.obj
 .text.ph_remove_head
                0x10002b4c       0x14 CMakeFiles/pico-bootloader.dir/C_/Program_Files/Raspberry_Pi/Pico_SDK_v1.5.1/pico-sdk/src/common/pico_util/pheap.c.obj
                0x10002b4c                ph_remove_head
 .text.ph_remove_and_free_node
                0x10002b60       0x6e CMakeFiles/pico-bootloader.dir/C_/Program_Files/Raspberry_Pi/Pico_SDK_v1.5.1/pico-sdk/src/common/pico_util/pheap.c.obj
                0x10002b60                ph_remove_and_free_node
 *fill*         0x10002bce        0x2 
 .text.clock_configure
                0x10002bd0       0xd8 CMakeFiles/pico-bootloader.dir/C_/Program_Files/Raspberry_Pi/Pico_SDK_v1.5.1/pico-sdk/src/rp2_common/hardware_clocks/clocks.c.obj
                0x10002bd0                clock_configure
 .text.clocks_init
                0x10002ca8       0xf4 CMakeFiles/pico-bootloader.dir/C_/Program_Files/Raspberry_Pi/Pico_SDK_v1.5.1/pico-sdk/src/rp2_common/hardware_clocks/clocks.c.obj
                0x10002ca8                clocks_init
 .text.clock_get_hz
                0x10002d9c        0xc CMakeFiles/pico-bootloader.dir/C_/Program_Files/Raspberry_Pi/Pico_SDK_v1.5.1/pico-sdk/src/rp2_common/hardware_clocks/clocks.c.obj
                0x10002d9c                clock_get_hz
 .text.pll_init
                0x10002da8       0x9c CMakeFiles/pico-bootloader.dir/C_/Program_Files/Raspberry_Pi/Pico_SDK_v1.5.1/pico-sdk/src/rp2_common/hardware_pll/pll.c.obj
                0x10002da8                pll_init
 .text.watchdog_start_tick
                0x10002e44       0x10 CMakeFiles/pico-bootloader.dir/C_/Program_Files/Raspberry_Pi/Pico_SDK_v1.5.1/pico-sdk/src/rp2_common/hardware_watchdog/watchdog.c.obj
                0x10002e44                watchdog_start_tick
 .text.xosc_init
                0x10002e54       0x28 CMakeFiles/pico-bootloader.dir/C_/Program_Files/Raspberry_Pi/Pico_SDK_v1.5.1/pico-sdk/src/rp2_common/hardware_xosc/xosc.c.obj
                0x10002e54                xosc_init
 .text.runtime_init
                0x10002e7c       0xcc CMakeFiles/pico-bootloader.dir/C_/Program_Files/Raspberry_Pi/Pico_SDK_v1.5.1/pico-sdk/src/rp2_common/pico_runtime/runtime.c.obj
                0x10002e7c                runtime_init
 .text._exit    0x10002f48        0x4 CMakeFiles/pico-bootloader.dir/C_/Program_Files/Raspberry_Pi/Pico_SDK_v1.5.1/pico-sdk/src/rp2_common/pico_runtime/runtime.c.obj
                0x10002f48                _exit
 .text.exit     0x10002f4c        0x6 CMakeFiles/pico-bootloader.dir/C_/Program_Files/Raspberry_Pi/Pico_SDK_v1.5.1/pico-sdk/src/rp2_common/pico_runtime/runtime.c.obj
                0x10002f4c                exit
 *fill*         0x10002f52        0x2 
 .text.panic    0x10002f54       0x30 CMakeFiles/pico-bootloader.dir/C_/Program_Files/Raspberry_Pi/Pico_SDK_v1.5.1/pico-sdk/src/rp2_common/pico_runtime/runtime.c.obj
                0x10002f54                panic
 .text.hard_assertion_failure
                0x10002f84        0xc CMakeFiles/pico-bootloader.dir/C_/Program_Files/Raspberry_Pi/Pico_SDK_v1.5.1/pico-sdk/src/rp2_common/pico_runtime/runtime.c.obj
                0x10002f84                hard_assertion_failure
 .text._out_buffer
                0x10002f90        0x8 CMakeFiles/pico-bootloader.dir/C_/Program_Files/Raspberry_Pi/Pico_SDK_v1.5.1/pico-sdk/src/rp2_common/pico_printf/printf.c.obj
 .text._out_null
                0x10002f98        0x2 CMakeFiles/pico-bootloader.dir/C_/Program_Files/Raspberry_Pi/Pico_SDK_v1.5.1/pico-sdk/src/rp2_common/pico_printf/printf.c.obj
 .text._out_rev
                0x10002f9a       0x7a CMakeFiles/pico-bootloader.dir/C_/Program_Files/Raspberry_Pi/Pico_SDK_v1.5.1/pico-sdk/src/rp2_common/pico_printf/printf.c.obj
 .text._ntoa_format
                0x10003014       0xf0 CMakeFiles/pico-bootloader.dir/C_/Program_Files/Raspberry_Pi/Pico_SDK_v1.5.1/pico-sdk/src/rp2_common/pico_printf/printf.c.obj
 .text._ntoa_long
                0x10003104       0x94 CMakeFiles/pico-bootloader.dir/C_/Program_Files/Raspberry_Pi/Pico_SDK_v1.5.1/pico-sdk/src/rp2_common/pico_printf/printf.c.obj
 .text._ntoa_long_long
                0x10003198       0xbe CMakeFiles/pico-bootloader.dir/C_/Program_Files/Raspberry_Pi/Pico_SDK_v1.5.1/pico-sdk/src/rp2_common/pico_printf/printf.c.obj
 *fill*         0x10003256        0x2 
 .text._etoa    0x10003258      0x3e0 CMakeFiles/pico-bootloader.dir/C_/Program_Files/Raspberry_Pi/Pico_SDK_v1.5.1/pico-sdk/src/rp2_common/pico_printf/printf.c.obj
 .text._ftoa    0x10003638      0x318 CMakeFiles/pico-bootloader.dir/C_/Program_Files/Raspberry_Pi/Pico_SDK_v1.5.1/pico-sdk/src/rp2_common/pico_printf/printf.c.obj
 .text._out_char
                0x10003950        0xc CMakeFiles/pico-bootloader.dir/C_/Program_Files/Raspberry_Pi/Pico_SDK_v1.5.1/pico-sdk/src/rp2_common/pico_printf/printf.c.obj
 .text._vsnprintf
                0x1000395c      0x554 CMakeFiles/pico-bootloader.dir/C_/Program_Files/Raspberry_Pi/Pico_SDK_v1.5.1/pico-sdk/src/rp2_common/pico_printf/printf.c.obj
 .text.__wrap_sprintf
                0x10003eb0       0x28 CMakeFiles/pico-bootloader.dir/C_/Program_Files/Raspberry_Pi/Pico_SDK_v1.5.1/pico-sdk/src/rp2_common/pico_printf/printf.c.obj
                0x10003eb0                __wrap_sprintf
 .text.__wrap_snprintf
                0x10003ed8       0x24 CMakeFiles/pico-bootloader.dir/C_/Program_Files/Raspberry_Pi/Pico_SDK_v1.5.1/pico-sdk/src/rp2_common/pico_printf/printf.c.obj
                0x10003ed8                __wrap_snprintf
 .text.weak_raw_vprintf
                0x10003efc       0x30 CMakeFiles/pico-bootloader.dir/C_/Program_Files/Raspberry_Pi/Pico_SDK_v1.5.1/pico-sdk/src/rp2_common/pico_printf/printf.c.obj
                0x10003efc                weak_raw_vprintf
 .text          0x10003f2c       0x10 CMakeFiles/pico-bootloader.dir/C_/Program_Files/Raspberry_Pi/Pico_SDK_v1.5.1/pico-sdk/src/rp2_common/pico_bit_ops/bit_ops_aeabi.S.obj
 .text.rom_func_lookup
                0x10003f3c       0x10 CMakeFiles/pico-bootloader.dir/C_/Program_Files/Raspberry_Pi/Pico_SDK_v1.5.1/pico-sdk/src/rp2_common/pico_bootrom/bootrom.c.obj
                0x10003f3c                rom_func_lookup
 .text.rom_data_lookup
                0x10003f4c       0x10 CMakeFiles/pico-bootloader.dir/C_/Program_Files/Raspberry_Pi/Pico_SDK_v1.5.1/pico-sdk/src/rp2_common/pico_bootrom/bootrom.c.obj
                0x10003f4c                rom_data_lookup
 .text.rom_funcs_lookup
                0x10003f5c       0x26 CMakeFiles/pico-bootloader.dir/C_/Program_Files/Raspberry_Pi/Pico_SDK_v1.5.1/pico-sdk/src/rp2_common/pico_bootrom/bootrom.c.obj
                0x10003f5c                rom_funcs_lookup
 *fill*         0x10003f82        0x2 
 .text.__wrap___aeabi_idiv
                0x10003f84       0x50 CMakeFiles/pico-bootloader.dir/C_/Program_Files/Raspberry_Pi/Pico_SDK_v1.5.1/pico-sdk/src/rp2_common/pico_divider/divider.S.obj
                0x10003f84                __wrap___aeabi_idivmod
                0x10003f84                divmod_s32s32
                0x10003f84                div_s32s32
                0x10003f84                __wrap___aeabi_idiv
                0x10003f8c                divmod_s32s32_unsafe
                0x10003fb8                divmod_s32s32_savestate
 .text.__wrap___aeabi_uidiv
                0x10003fd4       0x4c CMakeFiles/pico-bootloader.dir/C_/Program_Files/Raspberry_Pi/Pico_SDK_v1.5.1/pico-sdk/src/rp2_common/pico_divider/divider.S.obj
                0x10003fd4                __wrap___aeabi_uidiv
                0x10003fd4                __wrap___aeabi_uidivmod
                0x10003fd4                div_u32u32
                0x10003fd4                divmod_u32u32
                0x10003fdc                divmod_u32u32_unsafe
                0x10004004                divmod_u32u32_savestate
 .text.__wrap___aeabi_ldiv
                0x10004020      0x424 CMakeFiles/pico-bootloader.dir/C_/Program_Files/Raspberry_Pi/Pico_SDK_v1.5.1/pico-sdk/src/rp2_common/pico_divider/divider.S.obj
                0x10004020                div_s64s64
                0x10004020                divmod_s64s64
                0x10004020                __wrap___aeabi_ldivmod
                0x10004050                divmod_u64u64
                0x10004050                div_u64u64
                0x10004050                __wrap___aeabi_uldivmod
                0x10004060                divmod_u64u64_savestate
                0x10004080                divmod_s64s64_unsafe
                0x10004108                divmod_u64u64_unsafe
 .text.__wrap___aeabi_darithmetic
                0x10004444       0x80 CMakeFiles/pico-bootloader.dir/C_/Program_Files/Raspberry_Pi/Pico_SDK_v1.5.1/pico-sdk/src/rp2_common/pico_double/double_aeabi.S.obj
                0x10004444                __wrap___aeabi_drsub
                0x1000444a                __wrap___aeabi_dsub
                0x1000445c                __wrap___aeabi_dadd
                0x1000446e                __wrap___aeabi_ddiv
                0x100044aa                __wrap___aeabi_dmul
 .text.__wrap___aeabi_cdcmple
                0x100044c4       0x6c CMakeFiles/pico-bootloader.dir/C_/Program_Files/Raspberry_Pi/Pico_SDK_v1.5.1/pico-sdk/src/rp2_common/pico_double/double_aeabi.S.obj
                0x100044c4                __wrap___aeabi_cdrcmple
                0x100044d4                __wrap___aeabi_cdcmpeq
                0x100044d4                __wrap___aeabi_cdcmple
 .text.__wrap___aeabi_dcmplt
                0x10004530        0xc CMakeFiles/pico-bootloader.dir/C_/Program_Files/Raspberry_Pi/Pico_SDK_v1.5.1/pico-sdk/src/rp2_common/pico_double/double_aeabi.S.obj
                0x10004530                __wrap___aeabi_dcmplt
 .text.__wrap___aeabi_dcmple
                0x1000453c       0x10 CMakeFiles/pico-bootloader.dir/C_/Program_Files/Raspberry_Pi/Pico_SDK_v1.5.1/pico-sdk/src/rp2_common/pico_double/double_aeabi.S.obj
                0x1000453c                __wrap___aeabi_dcmple
 .text.__wrap___aeabi_dcmpge
                0x1000454c       0x10 CMakeFiles/pico-bootloader.dir/C_/Program_Files/Raspberry_Pi/Pico_SDK_v1.5.1/pico-sdk/src/rp2_common/pico_double/double_aeabi.S.obj
                0x1000454c                __wrap___aeabi_dcmpge
 .text.__wrap___aeabi_dcmpgt
                0x1000455c        0xa CMakeFiles/pico-bootloader.dir/C_/Program_Files/Raspberry_Pi/Pico_SDK_v1.5.1/pico-sdk/src/rp2_common/pico_double/double_aeabi.S.obj
                0x1000455c                __wrap___aeabi_dcmpgt
 .text.__wrap___aeabi_dcmpun
                0x10004566       0x1c CMakeFiles/pico-bootloader.dir/C_/Program_Files/Raspberry_Pi/Pico_SDK_v1.5.1/pico-sdk/src/rp2_common/pico_double/double_aeabi.S.obj
                0x10004566                __wrap___aeabi_dcmpun
 *fill*         0x10004582        0x2 
 .text.__wrap___aeabi_i2d
                0x10004584       0x38 CMakeFiles/pico-bootloader.dir/C_/Program_Files/Raspberry_Pi/Pico_SDK_v1.5.1/pico-sdk/src/rp2_common/pico_double/double_aeabi.S.obj
                0x10004584                __wrap___aeabi_ui2d
                0x1000458c                __wrap___aeabi_i2d
 .text.__wrap___aeabi_d2iz
                0x100045bc       0x48 CMakeFiles/pico-bootloader.dir/C_/Program_Files/Raspberry_Pi/Pico_SDK_v1.5.1/pico-sdk/src/rp2_common/pico_double/double_aeabi.S.obj
                0x100045bc                double2int_z
                0x100045bc                __wrap___aeabi_d2iz
 .text.__wrap___aeabi_d2uiz
                0x10004604       0x18 CMakeFiles/pico-bootloader.dir/C_/Program_Files/Raspberry_Pi/Pico_SDK_v1.5.1/pico-sdk/src/rp2_common/pico_double/double_aeabi.S.obj
                0x10004604                __wrap___aeabi_d2uiz
                0x10004604                double2uint
 .text.__wrap___aeabi_d2f
                0x1000461c       0x18 CMakeFiles/pico-bootloader.dir/C_/Program_Files/Raspberry_Pi/Pico_SDK_v1.5.1/pico-sdk/src/rp2_common/pico_double/double_aeabi.S.obj
                0x1000461c                __wrap___aeabi_d2f
 .text.__wrap_exp
                0x10004634       0x18 CMakeFiles/pico-bootloader.dir/C_/Program_Files/Raspberry_Pi/Pico_SDK_v1.5.1/pico-sdk/src/rp2_common/pico_double/double_aeabi.S.obj
                0x10004634                __wrap_exp
 .text.__aeabi_double_init
                0x1000464c       0x58 CMakeFiles/pico-bootloader.dir/C_/Program_Files/Raspberry_Pi/Pico_SDK_v1.5.1/pico-sdk/src/rp2_common/pico_double/double_init_rom.c.obj
                0x1000464c                __aeabi_double_init
 .text.double_table_shim_on_use_helper
                0x100046a4       0x2c CMakeFiles/pico-bootloader.dir/C_/Program_Files/Raspberry_Pi/Pico_SDK_v1.5.1/pico-sdk/src/rp2_common/pico_double/double_v1_rom_shim.S.obj
                0x100046a4                double_table_shim_on_use_helper
 .text.__wrap___aeabi_dsub
                0x100046d0       0x10 CMakeFiles/pico-bootloader.dir/C_/Program_Files/Raspberry_Pi/Pico_SDK_v1.5.1/pico-sdk/src/rp2_common/pico_double/double_v1_rom_shim.S.obj
                0x100046d0                drsub_shim
                0x100046d6                dsub_shim
 .text.dadd_shim
                0x100046e0      0x15c CMakeFiles/pico-bootloader.dir/C_/Program_Files/Raspberry_Pi/Pico_SDK_v1.5.1/pico-sdk/src/rp2_common/pico_double/double_v1_rom_shim.S.obj
                0x100046e0                dadd_shim
 .text.dmul_shim
                0x1000483c      0x15c CMakeFiles/pico-bootloader.dir/C_/Program_Files/Raspberry_Pi/Pico_SDK_v1.5.1/pico-sdk/src/rp2_common/pico_double/double_v1_rom_shim.S.obj
                0x1000483c                dmul_shim
 .text.ddiv_shim
                0x10004998      0x1b0 CMakeFiles/pico-bootloader.dir/C_/Program_Files/Raspberry_Pi/Pico_SDK_v1.5.1/pico-sdk/src/rp2_common/pico_double/double_v1_rom_shim.S.obj
                0x10004998                ddiv_shim
 .text.double2uint_shim
                0x10004b48        0xe CMakeFiles/pico-bootloader.dir/C_/Program_Files/Raspberry_Pi/Pico_SDK_v1.5.1/pico-sdk/src/rp2_common/pico_double/double_v1_rom_shim.S.obj
                0x10004b48                double2uint_shim
                0x10004b4a                double2ufix_shim
 *fill*         0x10004b56        0x2 
 .text.double2uint64_shim
                0x10004b58       0x70 CMakeFiles/pico-bootloader.dir/C_/Program_Files/Raspberry_Pi/Pico_SDK_v1.5.1/pico-sdk/src/rp2_common/pico_double/double_v1_rom_shim.S.obj
                0x10004b58                double2uint64_shim
                0x10004b5a                double2ufix64_shim
                0x10004b7a                d2fix_a
 .text.double2float_shim
                0x10004bc8       0x5c CMakeFiles/pico-bootloader.dir/C_/Program_Files/Raspberry_Pi/Pico_SDK_v1.5.1/pico-sdk/src/rp2_common/pico_double/double_v1_rom_shim.S.obj
                0x10004bc8                double2float_shim
 .text.x2double_shims
                0x10004c24       0x90 CMakeFiles/pico-bootloader.dir/C_/Program_Files/Raspberry_Pi/Pico_SDK_v1.5.1/pico-sdk/src/rp2_common/pico_double/double_v1_rom_shim.S.obj
                0x10004c24                uint2double_shim
                0x10004c26                ufix2double_shim
                0x10004c2c                int2double_shim
                0x10004c2e                fix2double_shim
                0x10004c34                uint642double_shim
                0x10004c36                ufix642double_shim
                0x10004c3c                int642double_shim
                0x10004c3e                fix642double_shim
 .text.dunpacks
                0x10004cb4       0x3c CMakeFiles/pico-bootloader.dir/C_/Program_Files/Raspberry_Pi/Pico_SDK_v1.5.1/pico-sdk/src/rp2_common/pico_double/double_v1_rom_shim.S.obj
                0x10004cb4                dunpacks
 .text.dreduce  0x10004cf0       0x82 CMakeFiles/pico-bootloader.dir/C_/Program_Files/Raspberry_Pi/Pico_SDK_v1.5.1/pico-sdk/src/rp2_common/pico_double/double_v1_rom_shim.S.obj
                0x10004cf0                dreduce
 *fill*         0x10004d72        0x2 
 .text.dexp_guts
                0x10004d74      0x268 CMakeFiles/pico-bootloader.dir/C_/Program_Files/Raspberry_Pi/Pico_SDK_v1.5.1/pico-sdk/src/rp2_common/pico_double/double_v1_rom_shim.S.obj
                0x10004d74                dexp_shim
                0x10004e10                dln_shim
 .text.__aeabi_lmul
                0x10004fdc       0x32 CMakeFiles/pico-bootloader.dir/C_/Program_Files/Raspberry_Pi/Pico_SDK_v1.5.1/pico-sdk/src/rp2_common/pico_int64_ops/pico_int64_ops_aeabi.S.obj
                0x10004fdc                __wrap___aeabi_lmul
 *fill*         0x1000500e        0x2 
 .text.__wrap___aeabi_farithmetic
                0x10005010       0x48 CMakeFiles/pico-bootloader.dir/C_/Program_Files/Raspberry_Pi/Pico_SDK_v1.5.1/pico-sdk/src/rp2_common/pico_float/float_aeabi.S.obj
                0x10005010                __wrap___aeabi_frsub
                0x10005016                __wrap___aeabi_fsub
                0x1000501c                __wrap___aeabi_fadd
                0x10005022                __wrap___aeabi_fdiv
                0x1000504a                __wrap___aeabi_fmul
 .text.__wrap___aeabi_ui2f
                0x10005058        0xa CMakeFiles/pico-bootloader.dir/C_/Program_Files/Raspberry_Pi/Pico_SDK_v1.5.1/pico-sdk/src/rp2_common/pico_float/float_aeabi.S.obj
                0x10005058                __wrap___aeabi_ui2f
 *fill*         0x10005062        0x2 
 .text.__wrap___aeabi_i2f
                0x10005064       0x44 CMakeFiles/pico-bootloader.dir/C_/Program_Files/Raspberry_Pi/Pico_SDK_v1.5.1/pico-sdk/src/rp2_common/pico_float/float_aeabi.S.obj
                0x10005064                __wrap___aeabi_i2f
 .text.__wrap___aeabi_f2iz
                0x100050a8       0x4e CMakeFiles/pico-bootloader.dir/C_/Program_Files/Raspberry_Pi/Pico_SDK_v1.5.1/pico-sdk/src/rp2_common/pico_float/float_aeabi.S.obj
                0x100050a8                float2int_z
                0x100050a8                __wrap___aeabi_f2iz
 *fill*         0x100050f6        0x2 
 .text.float2int
                0x100050f8       0x14 CMakeFiles/pico-bootloader.dir/C_/Program_Files/Raspberry_Pi/Pico_SDK_v1.5.1/pico-sdk/src/rp2_common/pico_float/float_aeabi.S.obj
                0x100050f8                float2int
 .text.__wrap___aeabi_f2uiz
                0x1000510c        0xc CMakeFiles/pico-bootloader.dir/C_/Program_Files/Raspberry_Pi/Pico_SDK_v1.5.1/pico-sdk/src/rp2_common/pico_float/float_aeabi.S.obj
                0x1000510c                __wrap___aeabi_f2uiz
 .text.__wrap___aeabi_f2d
                0x10005118       0x14 CMakeFiles/pico-bootloader.dir/C_/Program_Files/Raspberry_Pi/Pico_SDK_v1.5.1/pico-sdk/src/rp2_common/pico_float/float_aeabi.S.obj
                0x10005118                __wrap___aeabi_f2d
 .text.__aeabi_float_init
                0x1000512c       0x5c CMakeFiles/pico-bootloader.dir/C_/Program_Files/Raspberry_Pi/Pico_SDK_v1.5.1/pico-sdk/src/rp2_common/pico_float/float_init_rom.c.obj
                0x1000512c                __aeabi_float_init
 .text.float_table_shim_on_use_helper
                0x10005188       0x2c CMakeFiles/pico-bootloader.dir/C_/Program_Files/Raspberry_Pi/Pico_SDK_v1.5.1/pico-sdk/src/rp2_common/pico_float/float_v1_rom_shim.S.obj
                0x10005188                float_table_shim_on_use_helper
 .text.float232_shims
                0x100051b4       0x18 CMakeFiles/pico-bootloader.dir/C_/Program_Files/Raspberry_Pi/Pico_SDK_v1.5.1/pico-sdk/src/rp2_common/pico_float/float_v1_rom_shim.S.obj
                0x100051b4                float2int_shim
                0x100051b6                float2fix_shim
 .text.float2double_shim
                0x100051cc       0x30 CMakeFiles/pico-bootloader.dir/C_/Program_Files/Raspberry_Pi/Pico_SDK_v1.5.1/pico-sdk/src/rp2_common/pico_float/float_v1_rom_shim.S.obj
                0x100051cc                float2double_shim
 .text          0x100051fc       0x10 CMakeFiles/pico-bootloader.dir/C_/Program_Files/Raspberry_Pi/Pico_SDK_v1.5.1/pico-sdk/src/rp2_common/pico_mem_ops/mem_ops_aeabi.S.obj
                0x100051fc                __aeabi_mem_init
 .text.memset   0x1000520c        0xc CMakeFiles/pico-bootloader.dir/C_/Program_Files/Raspberry_Pi/Pico_SDK_v1.5.1/pico-sdk/src/rp2_common/pico_mem_ops/mem_ops_aeabi.S.obj
                0x1000520c                __wrap_memset
 .text.memcpy   0x10005218        0xc CMakeFiles/pico-bootloader.dir/C_/Program_Files/Raspberry_Pi/Pico_SDK_v1.5.1/pico-sdk/src/rp2_common/pico_mem_ops/mem_ops_aeabi.S.obj
                0x10005218                __wrap_memcpy
                0x10005218                __wrap___aeabi_memcpy
 .text.stdio_out_chars_no_crlf
                0x10005224        0xe CMakeFiles/pico-bootloader.dir/C_/Program_Files/Raspberry_Pi/Pico_SDK_v1.5.1/pico-sdk/src/rp2_common/pico_stdio/stdio.c.obj
 *fill*         0x10005232        0x2 
 .text.stdio_out_chars_crlf
                0x10005234       0x80 CMakeFiles/pico-bootloader.dir/C_/Program_Files/Raspberry_Pi/Pico_SDK_v1.5.1/pico-sdk/src/rp2_common/pico_stdio/stdio.c.obj
 .text.stdout_serialize_begin
                0x100052b4       0x2c CMakeFiles/pico-bootloader.dir/C_/Program_Files/Raspberry_Pi/Pico_SDK_v1.5.1/pico-sdk/src/rp2_common/pico_stdio/stdio.c.obj
                0x100052b4                stdout_serialize_begin
 .text.stdout_serialize_end
                0x100052e0       0x10 CMakeFiles/pico-bootloader.dir/C_/Program_Files/Raspberry_Pi/Pico_SDK_v1.5.1/pico-sdk/src/rp2_common/pico_stdio/stdio.c.obj
                0x100052e0                stdout_serialize_end
 .text.stdio_put_string.isra.0
                0x100052f0       0x80 CMakeFiles/pico-bootloader.dir/C_/Program_Files/Raspberry_Pi/Pico_SDK_v1.5.1/pico-sdk/src/rp2_common/pico_stdio/stdio.c.obj
 .text.__wrap_putchar
                0x10005370       0x18 CMakeFiles/pico-bootloader.dir/C_/Program_Files/Raspberry_Pi/Pico_SDK_v1.5.1/pico-sdk/src/rp2_common/pico_stdio/stdio.c.obj
                0x10005370                __wrap_putchar
 .text.stdio_flush
                0x10005388       0x1c CMakeFiles/pico-bootloader.dir/C_/Program_Files/Raspberry_Pi/Pico_SDK_v1.5.1/pico-sdk/src/rp2_common/pico_stdio/stdio.c.obj
                0x10005388                stdio_flush
 .text.__wrap_puts
                0x100053a4       0x1e CMakeFiles/pico-bootloader.dir/C_/Program_Files/Raspberry_Pi/Pico_SDK_v1.5.1/pico-sdk/src/rp2_common/pico_stdio/stdio.c.obj
                0x100053a4                __wrap_puts
 *fill*         0x100053c2        0x2 
 .text.SystemCoreClockUpdate
                0x100053c4       0x14 CMakeFiles/pico-bootloader.dir/734ab788d52071b7ec936fd1cf9a593e/src/rp2_common/cmsis/stub/CMSIS/Device/RaspberryPi/RP2040/Source/system_RP2040.c.obj
                0x100053c4                SystemCoreClockUpdate
 .text.startup.SystemInit
                0x100053d8        0x8 CMakeFiles/pico-bootloader.dir/734ab788d52071b7ec936fd1cf9a593e/src/rp2_common/cmsis/stub/CMSIS/Device/RaspberryPi/RP2040/Source/system_RP2040.c.obj
                0x100053d8                SystemInit
 .text.splitmix64
                0x100053e0       0x5c CMakeFiles/pico-bootloader.dir/C_/Program_Files/Raspberry_Pi/Pico_SDK_v1.5.1/pico-sdk/src/rp2_common/pico_rand/rand.c.obj
 .text.xoroshiro128ss
                0x1000543c       0x84 CMakeFiles/pico-bootloader.dir/C_/Program_Files/Raspberry_Pi/Pico_SDK_v1.5.1/pico-sdk/src/rp2_common/pico_rand/rand.c.obj
 .text.capture_additional_rosc_samples
                0x100054c0      0x108 CMakeFiles/pico-bootloader.dir/C_/Program_Files/Raspberry_Pi/Pico_SDK_v1.5.1/pico-sdk/src/rp2_common/pico_rand/rand.c.obj
 .text.get_rand_64
                0x100055c8      0x224 CMakeFiles/pico-bootloader.dir/C_/Program_Files/Raspberry_Pi/Pico_SDK_v1.5.1/pico-sdk/src/rp2_common/pico_rand/rand.c.obj
                0x100055c8                get_rand_64
 .text.get_rand_32
                0x100057ec        0x8 CMakeFiles/pico-bootloader.dir/C_/Program_Files/Raspberry_Pi/Pico_SDK_v1.5.1/pico-sdk/src/rp2_common/pico_rand/rand.c.obj
                0x100057ec                get_rand_32
 .text.startup._retrieve_unique_id_on_boot
                0x100057f4       0x10 CMakeFiles/pico-bootloader.dir/C_/Program_Files/Raspberry_Pi/Pico_SDK_v1.5.1/pico-sdk/src/rp2_common/pico_unique_id/unique_id.c.obj
 .text.pico_get_unique_board_id
                0x10005804       0x10 CMakeFiles/pico-bootloader.dir/C_/Program_Files/Raspberry_Pi/Pico_SDK_v1.5.1/pico-sdk/src/rp2_common/pico_unique_id/unique_id.c.obj
                0x10005804                pico_get_unique_board_id
 .text.flash_get_unique_id
                0x10005814       0x42 CMakeFiles/pico-bootloader.dir/C_/Program_Files/Raspberry_Pi/Pico_SDK_v1.5.1/pico-sdk/src/rp2_common/hardware_flash/flash.c.obj
                0x10005814                flash_get_unique_id
 .text.spi_set_baudrate
                0x10005856       0xac CMakeFiles/pico-bootloader.dir/C_/Program_Files/Raspberry_Pi/Pico_SDK_v1.5.1/pico-sdk/src/rp2_common/hardware_spi/spi.c.obj
                0x10005856                spi_set_baudrate
 *fill*         0x10005902        0x2 
 .text.spi_init
                0x10005904       0x78 CMakeFiles/pico-bootloader.dir/C_/Program_Files/Raspberry_Pi/Pico_SDK_v1.5.1/pico-sdk/src/rp2_common/hardware_spi/spi.c.obj
                0x10005904                spi_init
 .text.dma_channel_unclaim
                0x1000597c       0x10 CMakeFiles/pico-bootloader.dir/C_/Program_Files/Raspberry_Pi/Pico_SDK_v1.5.1/pico-sdk/src/rp2_common/hardware_dma/dma.c.obj
                0x1000597c                dma_channel_unclaim
 .text.dma_claim_unused_channel
                0x1000598c       0x1c CMakeFiles/pico-bootloader.dir/C_/Program_Files/Raspberry_Pi/Pico_SDK_v1.5.1/pico-sdk/src/rp2_common/hardware_dma/dma.c.obj
                0x1000598c                dma_claim_unused_channel
 .text.DispWriteCmd
                0x100059a8       0x28 CMakeFiles/pico-bootloader.dir/C_/Workspace/Programming/picopad-base/src/common/st7789/st7789.c.obj
                0x100059a8                DispWriteCmd
 .text.DispWriteData
                0x100059d0       0x24 CMakeFiles/pico-bootloader.dir/C_/Workspace/Programming/picopad-base/src/common/st7789/st7789.c.obj
                0x100059d0                DispWriteData
 .text.DispWriteCmdData
                0x100059f4       0x40 CMakeFiles/pico-bootloader.dir/C_/Workspace/Programming/picopad-base/src/common/st7789/st7789.c.obj
                0x100059f4                DispWriteCmdData
 .text.DispHardReset
                0x10005a34       0x2c CMakeFiles/pico-bootloader.dir/C_/Workspace/Programming/picopad-base/src/common/st7789/st7789.c.obj
                0x10005a34                DispHardReset
 .text.DispSoftReset
                0x10005a60       0x10 CMakeFiles/pico-bootloader.dir/C_/Workspace/Programming/picopad-base/src/common/st7789/st7789.c.obj
                0x10005a60                DispSoftReset
 .text.DispSleepDisable
                0x10005a70        0xa CMakeFiles/pico-bootloader.dir/C_/Workspace/Programming/picopad-base/src/common/st7789/st7789.c.obj
                0x10005a70                DispSleepDisable
 .text.DispInvEnable
                0x10005a7a        0xa CMakeFiles/pico-bootloader.dir/C_/Workspace/Programming/picopad-base/src/common/st7789/st7789.c.obj
                0x10005a7a                DispInvEnable
 .text.DispColorMode
                0x10005a84       0x12 CMakeFiles/pico-bootloader.dir/C_/Workspace/Programming/picopad-base/src/common/st7789/st7789.c.obj
                0x10005a84                DispColorMode
 *fill*         0x10005a96        0x2 
 .text.DispRotation
                0x10005a98       0x40 CMakeFiles/pico-bootloader.dir/C_/Workspace/Programming/picopad-base/src/common/st7789/st7789.c.obj
                0x10005a98                DispRotation
 .text.DispWindow
                0x10005ad8       0x38 CMakeFiles/pico-bootloader.dir/C_/Workspace/Programming/picopad-base/src/common/st7789/st7789.c.obj
                0x10005ad8                DispWindow
 .text.DispDirtyAll
                0x10005b10       0x34 CMakeFiles/pico-bootloader.dir/C_/Workspace/Programming/picopad-base/src/common/st7789/st7789.c.obj
                0x10005b10                DispDirtyAll
 .text.DispDirtyNone
                0x10005b44       0x34 CMakeFiles/pico-bootloader.dir/C_/Workspace/Programming/picopad-base/src/common/st7789/st7789.c.obj
                0x10005b44                DispDirtyNone
 .text.DispDirtyRect
                0x10005b78       0x78 CMakeFiles/pico-bootloader.dir/C_/Workspace/Programming/picopad-base/src/common/st7789/st7789.c.obj
                0x10005b78                DispDirtyRect
 .text.DispDirtyPoint
                0x10005bf0       0x58 CMakeFiles/pico-bootloader.dir/C_/Workspace/Programming/picopad-base/src/common/st7789/st7789.c.obj
                0x10005bf0                DispDirtyPoint
 .text.DispUpdate
                0x10005c48       0x78 CMakeFiles/pico-bootloader.dir/C_/Workspace/Programming/picopad-base/src/common/st7789/st7789.c.obj
                0x10005c48                DispUpdate
 .text.DispUpdateAll
                0x10005cc0        0xc CMakeFiles/pico-bootloader.dir/C_/Workspace/Programming/picopad-base/src/common/st7789/st7789.c.obj
                0x10005cc0                DispUpdateAll
 .text.calc_brightness
                0x10005ccc       0x10 CMakeFiles/pico-bootloader.dir/C_/Workspace/Programming/picopad-base/src/common/st7789/st7789.c.obj
                0x10005ccc                calc_brightness
 .text.set_brightness
                0x10005cdc       0x28 CMakeFiles/pico-bootloader.dir/C_/Workspace/Programming/picopad-base/src/common/st7789/st7789.c.obj
                0x10005cdc                set_brightness
 .text.DispInit
                0x10005d04      0x13c CMakeFiles/pico-bootloader.dir/C_/Workspace/Programming/picopad-base/src/common/st7789/st7789.c.obj
                0x10005d04                DispInit
 .text.ADC_Init
                0x10005e40        0x8 CMakeFiles/pico-bootloader.dir/C_/Workspace/Programming/picopad-base/src/common/sdk/sdk_adc.c.obj
                0x10005e40                ADC_Init
 .text.ADC_Mux  0x10005e48       0x1c CMakeFiles/pico-bootloader.dir/C_/Workspace/Programming/picopad-base/src/common/sdk/sdk_adc.c.obj
                0x10005e48                ADC_Mux
 .text.ADC_SingleDenoise
                0x10005e64       0x30 CMakeFiles/pico-bootloader.dir/C_/Workspace/Programming/picopad-base/src/common/sdk/sdk_adc.c.obj
                0x10005e64                ADC_SingleDenoise
 .text.ADC_SingleU
                0x10005e94       0x20 CMakeFiles/pico-bootloader.dir/C_/Workspace/Programming/picopad-base/src/common/sdk/sdk_adc.c.obj
                0x10005e94                ADC_SingleU
 .text.ADC_PinInit
                0x10005eb4       0x1e CMakeFiles/pico-bootloader.dir/C_/Workspace/Programming/picopad-base/src/common/sdk/sdk_adc.c.obj
                0x10005eb4                ADC_PinInit
 *fill*         0x10005ed2        0x2 
 .text.ADC_Temp
                0x10005ed4       0x64 CMakeFiles/pico-bootloader.dir/C_/Workspace/Programming/picopad-base/src/common/sdk/sdk_adc.c.obj
                0x10005ed4                ADC_Temp
 .text.reset_to_bootsel
                0x10005f38       0x14 CMakeFiles/pico-bootloader.dir/C_/Workspace/Programming/picopad-base/src/common/sdk/sdk_watchdog.c.obj
                0x10005f38                reset_to_bootsel
 .text.Boot2Check
                0x10005f4c       0x20 CMakeFiles/pico-bootloader.dir/C_/Workspace/Programming/picopad-base/src/common/sdk/sdk_flash.c.obj
                0x10005f4c                Boot2Check
 .text.load_config_data
                0x10005f6c       0x60 CMakeFiles/pico-bootloader.dir/C_/Workspace/Programming/picopad-base/src/common/sdk/sdk_config.c.obj
                0x10005f6c                load_config_data
 .text.save_config_data
                0x10005fcc       0x34 CMakeFiles/pico-bootloader.dir/C_/Workspace/Programming/picopad-base/src/common/sdk/sdk_config.c.obj
                0x10005fcc                save_config_data
 .text.save_config_to_file
                0x10006000       0x80 CMakeFiles/pico-bootloader.dir/C_/Workspace/Programming/picopad-base/src/common/sdk/sdk_config.c.obj
                0x10006000                save_config_to_file
 .text.save_volume
                0x10006080       0x1c CMakeFiles/pico-bootloader.dir/C_/Workspace/Programming/picopad-base/src/common/sdk/sdk_config.c.obj
                0x10006080                save_volume
 .text.save_brightness
                0x1000609c       0x1c CMakeFiles/pico-bootloader.dir/C_/Workspace/Programming/picopad-base/src/common/sdk/sdk_config.c.obj
                0x1000609c                save_brightness
 .text.load_config_from_sd_card
                0x100060b8       0x9c CMakeFiles/pico-bootloader.dir/C_/Workspace/Programming/picopad-base/src/common/sdk/sdk_config.c.obj
                0x100060b8                load_config_from_sd_card
 .text.adc_init
                0x10006154       0x34 CMakeFiles/pico-bootloader.dir/C_/Program_Files/Raspberry_Pi/Pico_SDK_v1.5.1/pico-sdk/src/rp2_common/hardware_adc/adc.c.obj
                0x10006154                adc_init
 .text.Crc32ABufSlow
                0x10006188       0x30 CMakeFiles/pico-bootloader.dir/C_/Workspace/Programming/picopad-base/src/common/libs/lib_crc.c.obj
                0x10006188                Crc32ABufSlow
 .text.Crc32ASlow
                0x100061b8       0x10 CMakeFiles/pico-bootloader.dir/C_/Workspace/Programming/picopad-base/src/common/libs/lib_crc.c.obj
                0x100061b8                Crc32ASlow
 .text.Crc32ADMA
                0x100061c8       0xb8 CMakeFiles/pico-bootloader.dir/C_/Workspace/Programming/picopad-base/src/common/libs/lib_crc.c.obj
                0x100061c8                Crc32ADMA
 .text.DecUNum  0x10006280       0x6c CMakeFiles/pico-bootloader.dir/C_/Workspace/Programming/picopad-base/src/common/libs/lib_decnum.c.obj
                0x10006280                DecUNum
 .text.DecNum   0x100062ec       0x1c CMakeFiles/pico-bootloader.dir/C_/Workspace/Programming/picopad-base/src/common/libs/lib_decnum.c.obj
                0x100062ec                DecNum
 .text.SelFont8x8
                0x10006308       0x24 CMakeFiles/pico-bootloader.dir/C_/Workspace/Programming/picopad-base/src/common/libs/lib_drawtft.c.obj
                0x10006308                SelFont8x8
 .text.SelFont8x16
                0x1000632c       0x24 CMakeFiles/pico-bootloader.dir/C_/Workspace/Programming/picopad-base/src/common/libs/lib_drawtft.c.obj
                0x1000632c                SelFont8x16
 .text.SelFont6x8
                0x10006350       0x24 CMakeFiles/pico-bootloader.dir/C_/Workspace/Programming/picopad-base/src/common/libs/lib_drawtft.c.obj
                0x10006350                SelFont6x8
 .text.DrawRect
                0x10006374       0x84 CMakeFiles/pico-bootloader.dir/C_/Workspace/Programming/picopad-base/src/common/libs/lib_drawtft.c.obj
                0x10006374                DrawRect
 .text.DrawFrame
                0x100063f8       0x64 CMakeFiles/pico-bootloader.dir/C_/Workspace/Programming/picopad-base/src/common/libs/lib_drawtft.c.obj
                0x100063f8                DrawFrame
 .text.DrawClear
                0x1000645c       0x20 CMakeFiles/pico-bootloader.dir/C_/Workspace/Programming/picopad-base/src/common/libs/lib_drawtft.c.obj
                0x1000645c                DrawClear
 .text.DrawPoint
                0x1000647c       0x30 CMakeFiles/pico-bootloader.dir/C_/Workspace/Programming/picopad-base/src/common/libs/lib_drawtft.c.obj
                0x1000647c                DrawPoint
 .text.DrawFillCircle
                0x100064ac       0x50 CMakeFiles/pico-bootloader.dir/C_/Workspace/Programming/picopad-base/src/common/libs/lib_drawtft.c.obj
                0x100064ac                DrawFillCircle
 .text.DrawText
                0x100064fc       0x88 CMakeFiles/pico-bootloader.dir/C_/Workspace/Programming/picopad-base/src/common/libs/lib_drawtft.c.obj
                0x100064fc                DrawText
 .text.DrawText2
                0x10006584       0xbc CMakeFiles/pico-bootloader.dir/C_/Workspace/Programming/picopad-base/src/common/libs/lib_drawtft.c.obj
                0x10006584                DrawText2
 .text.DrawTextBg
                0x10006640       0x8c CMakeFiles/pico-bootloader.dir/C_/Workspace/Programming/picopad-base/src/common/libs/lib_drawtft.c.obj
                0x10006640                DrawTextBg
 .text.DrawTextBg2
                0x100066cc       0xc8 CMakeFiles/pico-bootloader.dir/C_/Workspace/Programming/picopad-base/src/common/libs/lib_drawtft.c.obj
                0x100066cc                DrawTextBg2
 .text.DrawImgRle
                0x10006794       0xb4 CMakeFiles/pico-bootloader.dir/C_/Workspace/Programming/picopad-base/src/common/libs/lib_drawtft.c.obj
                0x10006794                DrawImgRle
 .text.Disk_ClustValid
                0x10006848       0x18 CMakeFiles/pico-bootloader.dir/C_/Workspace/Programming/picopad-base/src/common/libs/lib_fat.c.obj
                0x10006848                Disk_ClustValid
 .text.Disk_CompFATName
                0x10006860       0x28 CMakeFiles/pico-bootloader.dir/C_/Workspace/Programming/picopad-base/src/common/libs/lib_fat.c.obj
                0x10006860                Disk_CompFATName
 .text.Disk_FlushBuf
                0x10006888       0x68 CMakeFiles/pico-bootloader.dir/C_/Workspace/Programming/picopad-base/src/common/libs/lib_fat.c.obj
                0x10006888                Disk_FlushBuf
 .text.Disk_SyncFS
                0x100068f0       0x94 CMakeFiles/pico-bootloader.dir/C_/Workspace/Programming/picopad-base/src/common/libs/lib_fat.c.obj
                0x100068f0                Disk_SyncFS
 .text.Disk_MoveBuf
                0x10006984       0x38 CMakeFiles/pico-bootloader.dir/C_/Workspace/Programming/picopad-base/src/common/libs/lib_fat.c.obj
                0x10006984                Disk_MoveBuf
 .text.Disk_ClustSect
                0x100069bc       0x24 CMakeFiles/pico-bootloader.dir/C_/Workspace/Programming/picopad-base/src/common/libs/lib_fat.c.obj
                0x100069bc                Disk_ClustSect
 .text.Disk_ReadFat
                0x100069e0       0xb4 CMakeFiles/pico-bootloader.dir/C_/Workspace/Programming/picopad-base/src/common/libs/lib_fat.c.obj
                0x100069e0                Disk_ReadFat
 .text.Disk_WriteFat
                0x10006a94      0x100 CMakeFiles/pico-bootloader.dir/C_/Workspace/Programming/picopad-base/src/common/libs/lib_fat.c.obj
                0x10006a94                Disk_WriteFat
 .text.Disk_CreateFat
                0x10006b94       0xfc CMakeFiles/pico-bootloader.dir/C_/Workspace/Programming/picopad-base/src/common/libs/lib_fat.c.obj
                0x10006b94                Disk_CreateFat
 .text.Disk_DirClear
                0x10006c90       0x58 CMakeFiles/pico-bootloader.dir/C_/Workspace/Programming/picopad-base/src/common/libs/lib_fat.c.obj
                0x10006c90                Disk_DirClear
 .text.Disk_DirInx
                0x10006ce8       0x94 CMakeFiles/pico-bootloader.dir/C_/Workspace/Programming/picopad-base/src/common/libs/lib_fat.c.obj
                0x10006ce8                Disk_DirInx
 .text.Disk_DirNext
                0x10006d7c       0x94 CMakeFiles/pico-bootloader.dir/C_/Workspace/Programming/picopad-base/src/common/libs/lib_fat.c.obj
                0x10006d7c                Disk_DirNext
 .text.Disk_LoadStartClust
                0x10006e10       0x24 CMakeFiles/pico-bootloader.dir/C_/Workspace/Programming/picopad-base/src/common/libs/lib_fat.c.obj
                0x10006e10                Disk_LoadStartClust
 .text.Disk_SaveStartClust
                0x10006e34       0x20 CMakeFiles/pico-bootloader.dir/C_/Workspace/Programming/picopad-base/src/common/libs/lib_fat.c.obj
                0x10006e34                Disk_SaveStartClust
 .text.Disk_DirRead
                0x10006e54       0x46 CMakeFiles/pico-bootloader.dir/C_/Workspace/Programming/picopad-base/src/common/libs/lib_fat.c.obj
                0x10006e54                Disk_DirRead
 .text.Disk_DirFind
                0x10006e9a       0x5a CMakeFiles/pico-bootloader.dir/C_/Workspace/Programming/picopad-base/src/common/libs/lib_fat.c.obj
                0x10006e9a                Disk_DirFind
 .text.Disk_GetFileInfo
                0x10006ef4       0x92 CMakeFiles/pico-bootloader.dir/C_/Workspace/Programming/picopad-base/src/common/libs/lib_fat.c.obj
                0x10006ef4                Disk_GetFileInfo
 .text.UpperCase
                0x10006f86        0xe CMakeFiles/pico-bootloader.dir/C_/Workspace/Programming/picopad-base/src/common/libs/lib_fat.c.obj
                0x10006f86                UpperCase
 .text.Disk_GetChar
                0x10006f94       0x18 CMakeFiles/pico-bootloader.dir/C_/Workspace/Programming/picopad-base/src/common/libs/lib_fat.c.obj
                0x10006f94                Disk_GetChar
 .text.Disk_Match
                0x10006fac       0x92 CMakeFiles/pico-bootloader.dir/C_/Workspace/Programming/picopad-base/src/common/libs/lib_fat.c.obj
                0x10006fac                Disk_Match
 *fill*         0x1000703e        0x2 
 .text.Disk_CheckChar
                0x10007040       0x3c CMakeFiles/pico-bootloader.dir/C_/Workspace/Programming/picopad-base/src/common/libs/lib_fat.c.obj
                0x10007040                Disk_CheckChar
 .text.Disk_ExtractName
                0x1000707c       0xa2 CMakeFiles/pico-bootloader.dir/C_/Workspace/Programming/picopad-base/src/common/libs/lib_fat.c.obj
                0x1000707c                Disk_ExtractName
 *fill*         0x1000711e        0x2 
 .text.Disk_FollowPath
                0x10007120       0xa0 CMakeFiles/pico-bootloader.dir/C_/Workspace/Programming/picopad-base/src/common/libs/lib_fat.c.obj
                0x10007120                Disk_FollowPath
 .text.Disk_CheckFS
                0x100071c0       0xd4 CMakeFiles/pico-bootloader.dir/C_/Workspace/Programming/picopad-base/src/common/libs/lib_fat.c.obj
                0x100071c0                Disk_CheckFS
 .text.DiskUnmount
                0x10007294       0xb4 CMakeFiles/pico-bootloader.dir/C_/Workspace/Programming/picopad-base/src/common/libs/lib_fat.c.obj
                0x10007294                DiskUnmount
 .text.DiskMount
                0x10007348      0x21c CMakeFiles/pico-bootloader.dir/C_/Workspace/Programming/picopad-base/src/common/libs/lib_fat.c.obj
                0x10007348                DiskMount
 .text.FileInit
                0x10007564        0x6 CMakeFiles/pico-bootloader.dir/C_/Workspace/Programming/picopad-base/src/common/libs/lib_fat.c.obj
                0x10007564                FileInit
 .text.FileIsOpen
                0x1000756a        0xe CMakeFiles/pico-bootloader.dir/C_/Workspace/Programming/picopad-base/src/common/libs/lib_fat.c.obj
                0x1000756a                FileIsOpen
 .text.FileOpen
                0x10007578       0x64 CMakeFiles/pico-bootloader.dir/C_/Workspace/Programming/picopad-base/src/common/libs/lib_fat.c.obj
                0x10007578                FileOpen
 .text.FileRead
                0x100075dc       0xec CMakeFiles/pico-bootloader.dir/C_/Workspace/Programming/picopad-base/src/common/libs/lib_fat.c.obj
                0x100075dc                FileRead
 .text.FileWrite
                0x100076c8      0x114 CMakeFiles/pico-bootloader.dir/C_/Workspace/Programming/picopad-base/src/common/libs/lib_fat.c.obj
                0x100076c8                FileWrite
 .text.FileFlush
                0x100077dc       0x84 CMakeFiles/pico-bootloader.dir/C_/Workspace/Programming/picopad-base/src/common/libs/lib_fat.c.obj
                0x100077dc                FileFlush
 .text.FileClose
                0x10007860       0x20 CMakeFiles/pico-bootloader.dir/C_/Workspace/Programming/picopad-base/src/common/libs/lib_fat.c.obj
                0x10007860                FileClose
 .text.SetDir   0x10007880       0x4c CMakeFiles/pico-bootloader.dir/C_/Workspace/Programming/picopad-base/src/common/libs/lib_fat.c.obj
                0x10007880                SetDir
 .text.GetDir   0x100078cc       0xe0 CMakeFiles/pico-bootloader.dir/C_/Workspace/Programming/picopad-base/src/common/libs/lib_fat.c.obj
                0x100078cc                GetDir
 .text.FileSeek
                0x100079ac       0x60 CMakeFiles/pico-bootloader.dir/C_/Workspace/Programming/picopad-base/src/common/libs/lib_fat.c.obj
                0x100079ac                FileSeek
 .text.FindOpen
                0x10007a0c       0x50 CMakeFiles/pico-bootloader.dir/C_/Workspace/Programming/picopad-base/src/common/libs/lib_fat.c.obj
                0x10007a0c                FindOpen
 .text.FindNext
                0x10007a5c       0x4c CMakeFiles/pico-bootloader.dir/C_/Workspace/Programming/picopad-base/src/common/libs/lib_fat.c.obj
                0x10007a5c                FindNext
 .text.SDByte   0x10007aa8       0x28 CMakeFiles/pico-bootloader.dir/C_/Workspace/Programming/picopad-base/src/common/libs/lib_sd.c.obj
                0x10007aa8                SDByte
 .text.SDUnsel  0x10007ad0       0x20 CMakeFiles/pico-bootloader.dir/C_/Workspace/Programming/picopad-base/src/common/libs/lib_sd.c.obj
 .text.SDSendCmd
                0x10007af0       0x7a CMakeFiles/pico-bootloader.dir/C_/Workspace/Programming/picopad-base/src/common/libs/lib_sd.c.obj
                0x10007af0                SDSendCmd
 *fill*         0x10007b6a        0x2 
 .text.SDConnect
                0x10007b6c      0x140 CMakeFiles/pico-bootloader.dir/C_/Workspace/Programming/picopad-base/src/common/libs/lib_sd.c.obj
                0x10007b6c                SDConnect
 .text.SDReadBlock
                0x10007cac       0x48 CMakeFiles/pico-bootloader.dir/C_/Workspace/Programming/picopad-base/src/common/libs/lib_sd.c.obj
                0x10007cac                SDReadBlock
 .text.SDOpen   0x10007cf4       0x38 CMakeFiles/pico-bootloader.dir/C_/Workspace/Programming/picopad-base/src/common/libs/lib_sd.c.obj
                0x10007cf4                SDOpen
 .text.SDClose  0x10007d2c       0x20 CMakeFiles/pico-bootloader.dir/C_/Workspace/Programming/picopad-base/src/common/libs/lib_sd.c.obj
                0x10007d2c                SDClose
 .text.SDReadSect
                0x10007d4c       0x48 CMakeFiles/pico-bootloader.dir/C_/Workspace/Programming/picopad-base/src/common/libs/lib_sd.c.obj
                0x10007d4c                SDReadSect
 .text.SDWriteSect
                0x10007d94       0x90 CMakeFiles/pico-bootloader.dir/C_/Workspace/Programming/picopad-base/src/common/libs/lib_sd.c.obj
                0x10007d94                SDWriteSect
 .text.SDInit   0x10007e24       0x40 CMakeFiles/pico-bootloader.dir/C_/Workspace/Programming/picopad-base/src/common/libs/lib_sd.c.obj
                0x10007e24                SDInit
 .text.NumListInit
                0x10007e64        0xa CMakeFiles/pico-bootloader.dir/C_/Workspace/Programming/picopad-base/src/common/libs/lib_list.c.obj
                0x10007e64                NumListInit
 .text.NumListAddFirst
                0x10007e6e       0x12 CMakeFiles/pico-bootloader.dir/C_/Workspace/Programming/picopad-base/src/common/libs/lib_list.c.obj
                0x10007e6e                NumListAddFirst
 .text.PWMSndIrq
                0x10007e80       0xb8 CMakeFiles/pico-bootloader.dir/C_/Workspace/Programming/picopad-base/src/common/libs/lib_pwmsnd.c.obj
                0x10007e80                PWMSndIrq
 .text.PWMSndTerm
                0x10007f38       0x30 CMakeFiles/pico-bootloader.dir/C_/Workspace/Programming/picopad-base/src/common/libs/lib_pwmsnd.c.obj
                0x10007f38                PWMSndTerm
 .text.StopSoundChan
                0x10007f68       0x18 CMakeFiles/pico-bootloader.dir/C_/Workspace/Programming/picopad-base/src/common/libs/lib_pwmsnd.c.obj
                0x10007f68                StopSoundChan
 .text.PlaySoundChan
                0x10007f80       0xb0 CMakeFiles/pico-bootloader.dir/C_/Workspace/Programming/picopad-base/src/common/libs/lib_pwmsnd.c.obj
                0x10007f80                PlaySoundChan
 .text.PlaySound
                0x10008030       0x18 CMakeFiles/pico-bootloader.dir/C_/Workspace/Programming/picopad-base/src/common/libs/lib_pwmsnd.c.obj
                0x10008030                PlaySound
 .text.GlobalSoundSetOff
                0x10008048        0xe CMakeFiles/pico-bootloader.dir/C_/Workspace/Programming/picopad-base/src/common/libs/lib_pwmsnd.c.obj
                0x10008048                GlobalSoundSetOff
 *fill*         0x10008056        0x2 
 .text.linear_to_logarithmic
                0x10008058       0x3c CMakeFiles/pico-bootloader.dir/C_/Workspace/Programming/picopad-base/src/common/libs/lib_pwmsnd.c.obj
                0x10008058                linear_to_logarithmic
 .text.set_volume
                0x10008094       0x34 CMakeFiles/pico-bootloader.dir/C_/Workspace/Programming/picopad-base/src/common/libs/lib_pwmsnd.c.obj
                0x10008094                set_volume
 .text.PWMSndInitInternal
                0x100080c8       0xb0 CMakeFiles/pico-bootloader.dir/C_/Workspace/Programming/picopad-base/src/common/libs/lib_pwmsnd.c.obj
                0x100080c8                PWMSndInitInternal
 .text.PWMSndInit
                0x10008178        0xc CMakeFiles/pico-bootloader.dir/C_/Workspace/Programming/picopad-base/src/common/libs/lib_pwmsnd.c.obj
                0x10008178                PWMSndInit
 .text.GlobalSoundSetOn
                0x10008184       0x12 CMakeFiles/pico-bootloader.dir/C_/Workspace/Programming/picopad-base/src/common/libs/lib_pwmsnd.c.obj
                0x10008184                GlobalSoundSetOn
 .text.StrLen   0x10008196       0x14 CMakeFiles/pico-bootloader.dir/C_/Workspace/Programming/picopad-base/src/common/libs/lib_text.c.obj
                0x10008196                StrLen
 *fill*         0x100081aa        0x2 
 .text.RandShift
                0x100081ac       0x40 CMakeFiles/pico-bootloader.dir/C_/Workspace/Programming/picopad-base/src/common/libs/lib_rand.c.obj
                0x100081ac                RandShift
 .text.RandInit
                0x100081ec       0x50 CMakeFiles/pico-bootloader.dir/C_/Workspace/Programming/picopad-base/src/common/libs/lib_rand.c.obj
                0x100081ec                RandInit
 .text.MemInit  0x1000823c       0x70 CMakeFiles/pico-bootloader.dir/C_/Workspace/Programming/picopad-base/src/common/libs/lib_mem.c.obj
                0x1000823c                MemInit
 .text.BatInit  0x100082ac        0xe CMakeFiles/pico-bootloader.dir/C_/Workspace/Programming/picopad-base/src/common/machine/picopad_bat.c.obj
                0x100082ac                BatInit
 *fill*         0x100082ba        0x2 
 .text.GetBat   0x100082bc       0x48 CMakeFiles/pico-bootloader.dir/C_/Workspace/Programming/picopad-base/src/common/machine/picopad_bat.c.obj
                0x100082bc                GetBat
 .text.DeviceInit
                0x10008304       0x4c CMakeFiles/pico-bootloader.dir/C_/Workspace/Programming/picopad-base/src/common/machine/picopad_init.c.obj
                0x10008304                DeviceInit
 .text.KeyInit  0x10008350       0x48 CMakeFiles/pico-bootloader.dir/C_/Workspace/Programming/picopad-base/src/common/machine/picopad_key.c.obj
                0x10008350                KeyInit
 .text.KeyWriteKey
                0x10008398       0x2c CMakeFiles/pico-bootloader.dir/C_/Workspace/Programming/picopad-base/src/common/machine/picopad_key.c.obj
                0x10008398                KeyWriteKey
 .text.KeyScan  0x100083c4       0x90 CMakeFiles/pico-bootloader.dir/C_/Workspace/Programming/picopad-base/src/common/machine/picopad_key.c.obj
                0x100083c4                KeyScan
 .text.KeyGet   0x10008454       0x44 CMakeFiles/pico-bootloader.dir/C_/Workspace/Programming/picopad-base/src/common/machine/picopad_key.c.obj
                0x10008454                KeyGet
 .text.KeyFlush
                0x10008498       0x1c CMakeFiles/pico-bootloader.dir/C_/Workspace/Programming/picopad-base/src/common/machine/picopad_key.c.obj
                0x10008498                KeyFlush
 .text.LedOff   0x100084b4       0x14 CMakeFiles/pico-bootloader.dir/C_/Workspace/Programming/picopad-base/src/common/machine/picopad_led.c.obj
                0x100084b4                LedOff
 .text.LedInit  0x100084c8       0x34 CMakeFiles/pico-bootloader.dir/C_/Workspace/Programming/picopad-base/src/common/machine/picopad_led.c.obj
                0x100084c8                LedInit
 .text.get_free_heap
                0x100084fc       0x20 CMakeFiles/pico-bootloader.dir/C_/Workspace/Programming/picopad-base/src/common/machine/picopad_pico_info.c.obj
                0x100084fc                get_free_heap
 .text.get_memory_usage
                0x1000851c       0x28 CMakeFiles/pico-bootloader.dir/C_/Workspace/Programming/picopad-base/src/common/machine/picopad_pico_info.c.obj
                0x1000851c                get_memory_usage
 .text.get_flash_usage
                0x10008544       0x24 CMakeFiles/pico-bootloader.dir/C_/Workspace/Programming/picopad-base/src/common/machine/picopad_pico_info.c.obj
                0x10008544                get_flash_usage
 .text.get_cpu_info
                0x10008568       0x48 CMakeFiles/pico-bootloader.dir/C_/Workspace/Programming/picopad-base/src/common/machine/picopad_pico_info.c.obj
                0x10008568                get_cpu_info
 .text.__malloc_lock
                0x100085b0       0x10 c:/progra~1/raspbe~1/picosd~1.1/gcc-ar~1/bin/../lib/gcc/arm-none-eabi/10.3.1/../../../../arm-none-eabi/lib/thumb/v6-m/nofp\libc.a(lib_a-mlock.o)
                0x100085b0                __malloc_lock
 .text.__malloc_unlock
                0x100085c0       0x10 c:/progra~1/raspbe~1/picosd~1.1/gcc-ar~1/bin/../lib/gcc/arm-none-eabi/10.3.1/../../../../arm-none-eabi/lib/thumb/v6-m/nofp\libc.a(lib_a-mlock.o)
                0x100085c0                __malloc_unlock
 .text.mallinfo
                0x100085d0       0x14 c:/progra~1/raspbe~1/picosd~1.1/gcc-ar~1/bin/../lib/gcc/arm-none-eabi/10.3.1/../../../../arm-none-eabi/lib/thumb/v6-m/nofp\libc.a(lib_a-mstats.o)
                0x100085d0                mallinfo
 .text.strcat   0x100085e4       0x4c c:/progra~1/raspbe~1/picosd~1.1/gcc-ar~1/bin/../lib/gcc/arm-none-eabi/10.3.1/../../../../arm-none-eabi/lib/thumb/v6-m/nofp\libc.a(lib_a-strcat.o)
                0x100085e4                strcat
 .text.strcpy   0x10008630       0x10 c:/progra~1/raspbe~1/picosd~1.1/gcc-ar~1/bin/../lib/gcc/arm-none-eabi/10.3.1/../../../../arm-none-eabi/lib/thumb/v6-m/nofp\libc.a(lib_a-strcpy.o)
                0x10008630                strcpy
 .text.strlen   0x10008640       0x5c c:/progra~1/raspbe~1/picosd~1.1/gcc-ar~1/bin/../lib/gcc/arm-none-eabi/10.3.1/../../../../arm-none-eabi/lib/thumb/v6-m/nofp\libc.a(lib_a-strlen-stub.o)
                0x10008640                strlen
 .text.__retarget_lock_acquire_recursive
                0x1000869c        0x4 c:/progra~1/raspbe~1/picosd~1.1/gcc-ar~1/bin/../lib/gcc/arm-none-eabi/10.3.1/../../../../arm-none-eabi/lib/thumb/v6-m/nofp\libc.a(lib_a-lock.o)
                0x1000869c                __retarget_lock_acquire_recursive
 .text.__retarget_lock_release_recursive
                0x100086a0        0x4 c:/progra~1/raspbe~1/picosd~1.1/gcc-ar~1/bin/../lib/gcc/arm-none-eabi/10.3.1/../../../../arm-none-eabi/lib/thumb/v6-m/nofp\libc.a(lib_a-lock.o)
                0x100086a0                __retarget_lock_release_recursive
 .text.__malloc_update_mallinfo
                0x100086a4       0x5c c:/progra~1/raspbe~1/picosd~1.1/gcc-ar~1/bin/../lib/gcc/arm-none-eabi/10.3.1/../../../../arm-none-eabi/lib/thumb/v6-m/nofp\libc.a(lib_a-mallinfor.o)
                0x100086a4                __malloc_update_mallinfo
 .text._mallinfo_r
                0x10008700       0x34 c:/progra~1/raspbe~1/picosd~1.1/gcc-ar~1/bin/../lib/gcc/arm-none-eabi/10.3.1/../../../../arm-none-eabi/lib/thumb/v6-m/nofp\libc.a(lib_a-mallinfor.o)
                0x10008700                _mallinfo_r
 *(.fini)
 .fini          0x10008734        0x4 c:/progra~1/raspbe~1/picosd~1.1/gcc-ar~1/bin/../lib/gcc/arm-none-eabi/10.3.1/thumb/v6-m/nofp/crti.o
                0x10008734                _fini
 .fini.__stub   0x10008738       0xf0 linker stubs
 *crtbegin.o(.ctors)
 *crtbegin?.o(.ctors)
 *(EXCLUDE_FILE(*crtend.o *crtend?.o) .ctors)
 *(SORT_BY_NAME(.ctors.*))
 *(.ctors)
 *crtbegin.o(.dtors)
 *crtbegin?.o(.dtors)
 *(EXCLUDE_FILE(*crtend.o *crtend?.o) .dtors)
 *(SORT_BY_NAME(.dtors.*))
 *(.dtors)
 *(.eh_frame*)
 .eh_frame      0x10008828        0x0 c:/progra~1/raspbe~1/picosd~1.1/gcc-ar~1/bin/../lib/gcc/arm-none-eabi/10.3.1/thumb/v6-m/nofp/crtbegin.o
                0x10008828                . = ALIGN (0x4)

.glue_7         0x10008828        0x0
 .glue_7        0x10008828        0x0 linker stubs

.glue_7t        0x10008828        0x0
 .glue_7t       0x10008828        0x0 linker stubs

.vfp11_veneer   0x10008828        0x0
 .vfp11_veneer  0x10008828        0x0 linker stubs

.v4_bx          0x10008828        0x0
 .v4_bx         0x10008828        0x0 linker stubs

.iplt           0x10008828        0x0
 .iplt          0x10008828        0x0 c:/progra~1/raspbe~1/picosd~1.1/gcc-ar~1/bin/../lib/gcc/arm-none-eabi/10.3.1/thumb/v6-m/nofp/crtbegin.o

.rodata         0x10008828     0xbb6c
 *(EXCLUDE_FILE(*libm.a: *libc.a:*lib_a-mem*.o *libgcc.a:) .rodata*)
 .rodata._Z12DispFileListv.str1.1
                0x10008828        0x0 CMakeFiles/pico-bootloader.dir/file-manager/src/file_manager.cpp.obj
                                  0x8 (size before relaxing)
 .rodata._Z12LoadFileListv.str1.1
                0x10008828        0x4 CMakeFiles/pico-bootloader.dir/file-manager/src/file_manager.cpp.obj
                                  0x5 (size before relaxing)
 .rodata._Z7Previewv.str1.1
                0x1000882c        0xa CMakeFiles/pico-bootloader.dir/file-manager/src/file_manager.cpp.obj
 .rodata._Z8ClearAppi.str1.1
                0x10008836        0xb CMakeFiles/pico-bootloader.dir/file-manager/src/file_manager.cpp.obj
 .rodata._Z17show_file_managerv.str1.1
                0x10008841       0x42 CMakeFiles/pico-bootloader.dir/file-manager/src/file_manager.cpp.obj
 .rodata._Z12battery_infov.str1.1
                0x10008883       0x3e CMakeFiles/pico-bootloader.dir/src/system_info.cpp.obj
 .rodata._Z11system_infov.str1.1
                0x100088c1       0xb8 CMakeFiles/pico-bootloader.dir/src/system_info.cpp.obj
 *fill*         0x10008979        0x3 
 .rodata._ZL10BatteryImg
                0x1000897c     0x1065 CMakeFiles/pico-bootloader.dir/src/system_info.cpp.obj
 *fill*         0x100099e1        0x3 
 .rodata._ZL11FontBold8x8
                0x100099e4      0x800 CMakeFiles/pico-bootloader.dir/src/system_info.cpp.obj
 .rodata._ZL12FontBold8x16
                0x1000a1e4     0x1000 CMakeFiles/pico-bootloader.dir/src/system_info.cpp.obj
 .rodata._ZL14BatteryImg_Pal
                0x1000b1e4       0x20 CMakeFiles/pico-bootloader.dir/src/system_info.cpp.obj
 .rodata._ZL16ArrowInfoImg_Pal
                0x1000b204      0x200 CMakeFiles/pico-bootloader.dir/src/system_info.cpp.obj
 .rodata._ZL16ArrowInfoImg_RLE
                0x1000b404      0x2b2 CMakeFiles/pico-bootloader.dir/src/system_info.cpp.obj
 *fill*         0x1000b6b6        0x2 
 .rodata._ZL17SystemInfoImg_Pal
                0x1000b6b8      0x200 CMakeFiles/pico-bootloader.dir/src/system_info.cpp.obj
 .rodata._ZL17SystemInfoImg_RLE
                0x1000b8b8     0x1c39 CMakeFiles/pico-bootloader.dir/src/system_info.cpp.obj
 *fill*         0x1000d4f1        0x3 
 .rodata._ZL19ArrowBatteryImg_Pal
                0x1000d4f4      0x200 CMakeFiles/pico-bootloader.dir/src/system_info.cpp.obj
 .rodata._ZL19ArrowBatteryImg_RLE
                0x1000d6f4      0x2af CMakeFiles/pico-bootloader.dir/src/system_info.cpp.obj
 *fill*         0x1000d9a3        0x1 
 .rodata._ZL6BatCol
                0x1000d9a4       0x10 CMakeFiles/pico-bootloader.dir/src/system_info.cpp.obj
 .rodata._ZL10SpeakerImg
                0x1000d9b4      0x123 CMakeFiles/pico-bootloader.dir/src/main.cpp.obj
 *fill*         0x1000dad7        0x1 
 .rodata._ZL13BrightnessImg
                0x1000dad8       0xdc CMakeFiles/pico-bootloader.dir/src/main.cpp.obj
 .rodata._ZL13SpeakerBarImg
                0x1000dbb4       0xf8 CMakeFiles/pico-bootloader.dir/src/main.cpp.obj
 .rodata._ZL13SpeakerOffImg
                0x1000dcac       0xf2 CMakeFiles/pico-bootloader.dir/src/main.cpp.obj
 *fill*         0x1000dd9e        0x2 
 .rodata._ZL13SplashImg_Pal
                0x1000dda0      0x200 CMakeFiles/pico-bootloader.dir/src/main.cpp.obj
 .rodata._ZL14BatteryIconImg
                0x1000dfa0       0xe8 CMakeFiles/pico-bootloader.dir/src/main.cpp.obj
 .rodata._ZL14SpeakerImg_Pal
                0x1000e088      0x200 CMakeFiles/pico-bootloader.dir/src/main.cpp.obj
 .rodata._ZL17BrightnessImg_Pal
                0x1000e288      0x200 CMakeFiles/pico-bootloader.dir/src/main.cpp.obj
 .rodata._ZL17SpeakerBarImg_Pal
                0x1000e488      0x200 CMakeFiles/pico-bootloader.dir/src/main.cpp.obj
 .rodata._ZL17SpeakerOffImg_Pal
                0x1000e688      0x200 CMakeFiles/pico-bootloader.dir/src/main.cpp.obj
 .rodata._ZL18BatteryIconImg_Pal
                0x1000e888      0x200 CMakeFiles/pico-bootloader.dir/src/main.cpp.obj
 .rodata._ZL8ClickSnd
                0x1000ea88     0x1555 CMakeFiles/pico-bootloader.dir/src/main.cpp.obj
 *fill*         0x1000ffdd        0x3 
 .rodata._ZL9SplashImg
                0x1000ffe0     0x2203 CMakeFiles/pico-bootloader.dir/src/main.cpp.obj
 .rodata.hardware_alarm_claim.str1.1
                0x100121e3       0x22 CMakeFiles/pico-bootloader.dir/C_/Program_Files/Raspberry_Pi/Pico_SDK_v1.5.1/pico-sdk/src/rp2_common/hardware_timer/timer.c.obj
 .rodata.panic.str1.1
                0x10012205       0x10 CMakeFiles/pico-bootloader.dir/C_/Program_Files/Raspberry_Pi/Pico_SDK_v1.5.1/pico-sdk/src/rp2_common/pico_runtime/runtime.c.obj
                                 0x12 (size before relaxing)
 .rodata.hard_assertion_failure.str1.1
                0x10012215        0xc CMakeFiles/pico-bootloader.dir/C_/Program_Files/Raspberry_Pi/Pico_SDK_v1.5.1/pico-sdk/src/rp2_common/pico_runtime/runtime.c.obj
 .rodata._ftoa.str1.1
                0x10012221       0x12 CMakeFiles/pico-bootloader.dir/C_/Program_Files/Raspberry_Pi/Pico_SDK_v1.5.1/pico-sdk/src/rp2_common/pico_printf/printf.c.obj
 *fill*         0x10012233        0x5 
 .rodata.pow10.0
                0x10012238       0x50 CMakeFiles/pico-bootloader.dir/C_/Program_Files/Raspberry_Pi/Pico_SDK_v1.5.1/pico-sdk/src/rp2_common/pico_printf/printf.c.obj
 .rodata.str1.1
                0x10012288       0x3d CMakeFiles/pico-bootloader.dir/C_/Program_Files/Raspberry_Pi/Pico_SDK_v1.5.1/pico-sdk/src/rp2_common/pico_standard_link/binary_info.c.obj
 .rodata.__bi_44
                0x100122c5        0xc CMakeFiles/pico-bootloader.dir/C_/Program_Files/Raspberry_Pi/Pico_SDK_v1.5.1/pico-sdk/src/rp2_common/pico_standard_link/binary_info.c.obj
 .rodata.__bi_75
                0x100122d1        0xc CMakeFiles/pico-bootloader.dir/C_/Program_Files/Raspberry_Pi/Pico_SDK_v1.5.1/pico-sdk/src/rp2_common/pico_standard_link/binary_info.c.obj
 .rodata.__bi_81
                0x100122dd        0xc CMakeFiles/pico-bootloader.dir/C_/Program_Files/Raspberry_Pi/Pico_SDK_v1.5.1/pico-sdk/src/rp2_common/pico_standard_link/binary_info.c.obj
 .rodata.crlf_str.0
                0x100122e9        0x2 CMakeFiles/pico-bootloader.dir/C_/Program_Files/Raspberry_Pi/Pico_SDK_v1.5.1/pico-sdk/src/rp2_common/pico_stdio/stdio.c.obj
 .rodata.dma_claim_unused_channel.str1.1
                0x100122eb       0x1e CMakeFiles/pico-bootloader.dir/C_/Program_Files/Raspberry_Pi/Pico_SDK_v1.5.1/pico-sdk/src/rp2_common/hardware_dma/dma.c.obj
 .rodata.RotationTab
                0x10012309        0x4 CMakeFiles/pico-bootloader.dir/C_/Workspace/Programming/picopad-base/src/common/st7789/st7789.c.obj
                0x10012309                RotationTab
 .rodata.save_config_to_file.str1.1
                0x1001230d       0x25 CMakeFiles/pico-bootloader.dir/C_/Workspace/Programming/picopad-base/src/common/sdk/sdk_config.c.obj
 *fill*         0x10012332        0x2 
 .rodata        0x10012334       0x20 CMakeFiles/pico-bootloader.dir/C_/Workspace/Programming/picopad-base/src/common/sdk/sdk_config.c.obj
 .rodata.FontBold8x16
                0x10012354     0x1000 CMakeFiles/pico-bootloader.dir/C_/Workspace/Programming/picopad-base/src/common/libs/lib_drawtft.c.obj
                0x10012354                FontBold8x16
 .rodata.FontBold8x8
                0x10013354      0x800 CMakeFiles/pico-bootloader.dir/C_/Workspace/Programming/picopad-base/src/common/libs/lib_drawtft.c.obj
                0x10013354                FontBold8x8
 .rodata.FontCond6x8
                0x10013b54      0x800 CMakeFiles/pico-bootloader.dir/C_/Workspace/Programming/picopad-base/src/common/libs/lib_drawtft.c.obj
                0x10013b54                FontCond6x8
 .rodata.FSName
                0x10014354       0x14 CMakeFiles/pico-bootloader.dir/C_/Workspace/Programming/picopad-base/src/common/libs/lib_fat.c.obj
                0x10014354                FSName
 .rodata.FSName0
                0x10014368        0x5 CMakeFiles/pico-bootloader.dir/C_/Workspace/Programming/picopad-base/src/common/libs/lib_fat.c.obj
                0x10014368                FSName0
 .rodata.FSName1
                0x1001436d        0x6 CMakeFiles/pico-bootloader.dir/C_/Workspace/Programming/picopad-base/src/common/libs/lib_fat.c.obj
                0x1001436d                FSName1
 .rodata.FSName2
                0x10014373        0x6 CMakeFiles/pico-bootloader.dir/C_/Workspace/Programming/picopad-base/src/common/libs/lib_fat.c.obj
                0x10014373                FSName2
 .rodata.FSName3
                0x10014379        0x6 CMakeFiles/pico-bootloader.dir/C_/Workspace/Programming/picopad-base/src/common/libs/lib_fat.c.obj
                0x10014379                FSName3
 .rodata.FSName4
                0x1001437f        0x4 CMakeFiles/pico-bootloader.dir/C_/Workspace/Programming/picopad-base/src/common/libs/lib_fat.c.obj
                0x1001437f                FSName4
 .rodata.KeyGpioTab
                0x10014383        0x8 CMakeFiles/pico-bootloader.dir/C_/Workspace/Programming/picopad-base/src/common/machine/picopad_key.c.obj
                0x10014383                KeyGpioTab
 .rodata.LedGpioTab
                0x1001438b        0x2 CMakeFiles/pico-bootloader.dir/C_/Workspace/Programming/picopad-base/src/common/machine/picopad_led.c.obj
                0x1001438b                LedGpioTab
 .rodata.get_cpu_info.str1.1
                0x1001438d        0x5 CMakeFiles/pico-bootloader.dir/C_/Workspace/Programming/picopad-base/src/common/machine/picopad_pico_info.c.obj
                0x10014394                . = ALIGN (0x4)
 *fill*         0x10014392        0x2 
 *(SORT_BY_ALIGNMENT(SORT_BY_NAME(.flashdata*)))
                0x10014394                . = ALIGN (0x4)

.ARM.extab
 *(.ARM.extab* .gnu.linkonce.armextab.*)
                0x10014394                __exidx_start = .

.ARM.exidx
 *(.ARM.exidx* .gnu.linkonce.armexidx.*)
                0x10014394                __exidx_end = .
                0x10014394                . = ALIGN (0x4)
                0x10014394                __binary_info_start = .

.binary_info    0x10014394       0x1c
 *(.binary_info.keep.*)
 .binary_info.keep.__bi_ptr22
                0x10014394        0x4 CMakeFiles/pico-bootloader.dir/C_/Program_Files/Raspberry_Pi/Pico_SDK_v1.5.1/pico-sdk/src/rp2_common/pico_standard_link/binary_info.c.obj
 .binary_info.keep.__bi_ptr30
                0x10014398        0x4 CMakeFiles/pico-bootloader.dir/C_/Program_Files/Raspberry_Pi/Pico_SDK_v1.5.1/pico-sdk/src/rp2_common/pico_standard_link/binary_info.c.obj
 .binary_info.keep.__bi_ptr38
                0x1001439c        0x4 CMakeFiles/pico-bootloader.dir/C_/Program_Files/Raspberry_Pi/Pico_SDK_v1.5.1/pico-sdk/src/rp2_common/pico_standard_link/binary_info.c.obj
 .binary_info.keep.__bi_ptr44
                0x100143a0        0x4 CMakeFiles/pico-bootloader.dir/C_/Program_Files/Raspberry_Pi/Pico_SDK_v1.5.1/pico-sdk/src/rp2_common/pico_standard_link/binary_info.c.obj
 .binary_info.keep.__bi_ptr50
                0x100143a4        0x4 CMakeFiles/pico-bootloader.dir/C_/Program_Files/Raspberry_Pi/Pico_SDK_v1.5.1/pico-sdk/src/rp2_common/pico_standard_link/binary_info.c.obj
 .binary_info.keep.__bi_ptr75
                0x100143a8        0x4 CMakeFiles/pico-bootloader.dir/C_/Program_Files/Raspberry_Pi/Pico_SDK_v1.5.1/pico-sdk/src/rp2_common/pico_standard_link/binary_info.c.obj
 .binary_info.keep.__bi_ptr81
                0x100143ac        0x4 CMakeFiles/pico-bootloader.dir/C_/Program_Files/Raspberry_Pi/Pico_SDK_v1.5.1/pico-sdk/src/rp2_common/pico_standard_link/binary_info.c.obj
 *(.binary_info.*)
                0x100143b0                __binary_info_end = .
                0x100143b0                . = ALIGN (0x4)
                0x100143b0                __etext = .

.rel.dyn        0x100143b0        0x0
 .rel.iplt      0x100143b0        0x0 c:/progra~1/raspbe~1/picosd~1.1/gcc-ar~1/bin/../lib/gcc/arm-none-eabi/10.3.1/thumb/v6-m/nofp/crtbegin.o

.ram_vector_table
                0x20000000       0xc0
 *(.ram_vector_table)
 .ram_vector_table